main.c:108:7:_write	24	static
main.c:130:5:main	16	static
main.c:226:6:SystemClock_Config	88	static
main.c:273:13:MX_TIM3_Init	32	static
main.c:318:13:MX_TIM4_Init	32	static
main.c:363:13:MX_USART1_UART_Init	8	static
main.c:396:13:MX_USART2_UART_Init	8	static
main.c:429:13:MX_GPIO_Init	40	static
main.c:519:6:command_parsing	16	static
main.c:585:6:check_door	8	static
main.c:619:6:check_tablet_alive	16	static
main.c:638:6:Report_to_Server	48	static
main.c:684:6:Rfid_Scanning	24	static
main.c:744:6:HAL_UART_RxCpltCallback	16	static
main.c:760:6:HAL_TIM_PeriodElapsedCallback	16	static
main.c:772:6:HAL_GPIO_EXTI_Callback	16	static
main.c:789:6:Error_Handler	4	static,ignoring_inline_asm
