main.c:104:6:_write	24	static
main.c:131:5:main	16	static
main.c:227:6:SystemClock_Config	88	static
main.c:274:13:MX_TIM3_Init	32	static
main.c:319:13:MX_TIM4_Init	32	static
main.c:364:13:MX_USART1_UART_Init	8	static
main.c:397:13:MX_USART2_UART_Init	8	static
main.c:430:13:MX_GPIO_Init	40	static
main.c:520:6:command_parsing	16	static
main.c:586:6:check_door	8	static
main.c:620:6:check_tablet_alive	16	static
main.c:639:6:Report_to_Server	48	static
main.c:685:6:Rfid_Scanning	16	static
main.c:731:6:HAL_UART_RxCpltCallback	16	static
main.c:747:6:HAL_TIM_PeriodElapsedCallback	16	static
main.c:759:6:HAL_GPIO_EXTI_Callback	16	static
main.c:776:6:Error_Handler	4	static,ignoring_inline_asm
