Archive member included to satisfy reference by file (symbol)

c:/st/stm32cubeide_1.6.0/stm32cubeide/plugins/com.st.stm32cube.ide.mcu.externaltools.gnu-tools-for-stm32.9-2020-q2-update.win32_1.5.0.202011040924/tools/bin/../lib/gcc/arm-none-eabi/9.3.1/../../../../arm-none-eabi/lib/thumb/v7-m/nofp\libc_nano.a(lib_a-atoi.o)
                              Core/Src/main.o (atoi)
c:/st/stm32cubeide_1.6.0/stm32cubeide/plugins/com.st.stm32cube.ide.mcu.externaltools.gnu-tools-for-stm32.9-2020-q2-update.win32_1.5.0.202011040924/tools/bin/../lib/gcc/arm-none-eabi/9.3.1/../../../../arm-none-eabi/lib/thumb/v7-m/nofp\libc_nano.a(lib_a-errno.o)
                              Core/Src/syscalls.o (__errno)
c:/st/stm32cubeide_1.6.0/stm32cubeide/plugins/com.st.stm32cube.ide.mcu.externaltools.gnu-tools-for-stm32.9-2020-q2-update.win32_1.5.0.202011040924/tools/bin/../lib/gcc/arm-none-eabi/9.3.1/../../../../arm-none-eabi/lib/thumb/v7-m/nofp\libc_nano.a(lib_a-exit.o)
                              c:/st/stm32cubeide_1.6.0/stm32cubeide/plugins/com.st.stm32cube.ide.mcu.externaltools.gnu-tools-for-stm32.9-2020-q2-update.win32_1.5.0.202011040924/tools/bin/../lib/gcc/arm-none-eabi/9.3.1/../../../../arm-none-eabi/lib/thumb/v7-m/nofp/crt0.o (exit)
c:/st/stm32cubeide_1.6.0/stm32cubeide/plugins/com.st.stm32cube.ide.mcu.externaltools.gnu-tools-for-stm32.9-2020-q2-update.win32_1.5.0.202011040924/tools/bin/../lib/gcc/arm-none-eabi/9.3.1/../../../../arm-none-eabi/lib/thumb/v7-m/nofp\libc_nano.a(lib_a-impure.o)
                              c:/st/stm32cubeide_1.6.0/stm32cubeide/plugins/com.st.stm32cube.ide.mcu.externaltools.gnu-tools-for-stm32.9-2020-q2-update.win32_1.5.0.202011040924/tools/bin/../lib/gcc/arm-none-eabi/9.3.1/../../../../arm-none-eabi/lib/thumb/v7-m/nofp\libc_nano.a(lib_a-exit.o) (_global_impure_ptr)
c:/st/stm32cubeide_1.6.0/stm32cubeide/plugins/com.st.stm32cube.ide.mcu.externaltools.gnu-tools-for-stm32.9-2020-q2-update.win32_1.5.0.202011040924/tools/bin/../lib/gcc/arm-none-eabi/9.3.1/../../../../arm-none-eabi/lib/thumb/v7-m/nofp\libc_nano.a(lib_a-init.o)
                              c:/st/stm32cubeide_1.6.0/stm32cubeide/plugins/com.st.stm32cube.ide.mcu.externaltools.gnu-tools-for-stm32.9-2020-q2-update.win32_1.5.0.202011040924/tools/bin/../lib/gcc/arm-none-eabi/9.3.1/../../../../arm-none-eabi/lib/thumb/v7-m/nofp/crt0.o (__libc_init_array)
c:/st/stm32cubeide_1.6.0/stm32cubeide/plugins/com.st.stm32cube.ide.mcu.externaltools.gnu-tools-for-stm32.9-2020-q2-update.win32_1.5.0.202011040924/tools/bin/../lib/gcc/arm-none-eabi/9.3.1/../../../../arm-none-eabi/lib/thumb/v7-m/nofp\libc_nano.a(lib_a-memset.o)
                              c:/st/stm32cubeide_1.6.0/stm32cubeide/plugins/com.st.stm32cube.ide.mcu.externaltools.gnu-tools-for-stm32.9-2020-q2-update.win32_1.5.0.202011040924/tools/bin/../lib/gcc/arm-none-eabi/9.3.1/../../../../arm-none-eabi/lib/thumb/v7-m/nofp/crt0.o (memset)
c:/st/stm32cubeide_1.6.0/stm32cubeide/plugins/com.st.stm32cube.ide.mcu.externaltools.gnu-tools-for-stm32.9-2020-q2-update.win32_1.5.0.202011040924/tools/bin/../lib/gcc/arm-none-eabi/9.3.1/../../../../arm-none-eabi/lib/thumb/v7-m/nofp\libc_nano.a(lib_a-printf.o)
                              Core/Src/main.o (printf)
c:/st/stm32cubeide_1.6.0/stm32cubeide/plugins/com.st.stm32cube.ide.mcu.externaltools.gnu-tools-for-stm32.9-2020-q2-update.win32_1.5.0.202011040924/tools/bin/../lib/gcc/arm-none-eabi/9.3.1/../../../../arm-none-eabi/lib/thumb/v7-m/nofp\libc_nano.a(lib_a-puts.o)
                              Core/Src/main.o (puts)
c:/st/stm32cubeide_1.6.0/stm32cubeide/plugins/com.st.stm32cube.ide.mcu.externaltools.gnu-tools-for-stm32.9-2020-q2-update.win32_1.5.0.202011040924/tools/bin/../lib/gcc/arm-none-eabi/9.3.1/../../../../arm-none-eabi/lib/thumb/v7-m/nofp\libc_nano.a(lib_a-sprintf.o)
                              Core/Src/main.o (sprintf)
c:/st/stm32cubeide_1.6.0/stm32cubeide/plugins/com.st.stm32cube.ide.mcu.externaltools.gnu-tools-for-stm32.9-2020-q2-update.win32_1.5.0.202011040924/tools/bin/../lib/gcc/arm-none-eabi/9.3.1/../../../../arm-none-eabi/lib/thumb/v7-m/nofp\libc_nano.a(lib_a-strcmp.o)
                              Core/Src/main.o (strcmp)
c:/st/stm32cubeide_1.6.0/stm32cubeide/plugins/com.st.stm32cube.ide.mcu.externaltools.gnu-tools-for-stm32.9-2020-q2-update.win32_1.5.0.202011040924/tools/bin/../lib/gcc/arm-none-eabi/9.3.1/../../../../arm-none-eabi/lib/thumb/v7-m/nofp\libc_nano.a(lib_a-strlen.o)
                              Core/Src/main.o (strlen)
c:/st/stm32cubeide_1.6.0/stm32cubeide/plugins/com.st.stm32cube.ide.mcu.externaltools.gnu-tools-for-stm32.9-2020-q2-update.win32_1.5.0.202011040924/tools/bin/../lib/gcc/arm-none-eabi/9.3.1/../../../../arm-none-eabi/lib/thumb/v7-m/nofp\libc_nano.a(lib_a-strtok.o)
                              Core/Src/main.o (strtok)
[...]
Memory Configuration

Name             Origin             Length             Attributes
RAM              0x0000000020000000 0x0000000000005000 xrw
FLASH            0x0000000008000000 0x0000000000020000 xr
*default*        0x0000000000000000 0xffffffffffffffff

Linker script and memory map

LOAD c:/st/stm32cubeide_1.6.0/stm32cubeide/plugins/com.st.stm32cube.ide.mcu.externaltools.gnu-tools-for-stm32.9-2020-q2-update.win32_1.5.0.202011040924/tools/bin/../lib/gcc/arm-none-eabi/9.3.1/thumb/v7-m/nofp/crti.o
LOAD c:/st/stm32cubeide_1.6.0/stm32cubeide/plugins/com.st.stm32cube.ide.mcu.externaltools.gnu-tools-for-stm32.9-2020-q2-update.win32_1.5.0.202011040924/tools/bin/../lib/gcc/arm-none-eabi/9.3.1/thumb/v7-m/nofp/crtbegin.o
LOAD c:/st/stm32cubeide_1.6.0/stm32cubeide/plugins/com.st.stm32cube.ide.mcu.externaltools.gnu-tools-for-stm32.9-2020-q2-update.win32_1.5.0.202011040924/tools/bin/../lib/gcc/arm-none-eabi/9.3.1/../../../../arm-none-eabi/lib/thumb/v7-m/nofp/crt0.o
LOAD Core/Src/main.o
LOAD Core/Src/stm32f1xx_hal_msp.o
LOAD Core/Src/stm32f1xx_it.o
LOAD Core/Src/syscalls.o
LOAD Core/Src/sysmem.o
LOAD Core/Src/system_stm32f1xx.o
LOAD Core/Startup/startup_stm32f103rbtx.o
LOAD Drivers/STM32F1xx_HAL_Driver/Src/stm32f1xx_hal.o
LOAD Drivers/STM32F1xx_HAL_Driver/Src/stm32f1xx_hal_cortex.o
LOAD Drivers/STM32F1xx_HAL_Driver/Src/stm32f1xx_hal_dma.o
LOAD Drivers/STM32F1xx_HAL_Driver/Src/stm32f1xx_hal_exti.o
LOAD Drivers/STM32F1xx_HAL_Driver/Src/stm32f1xx_hal_flash.o
LOAD Drivers/STM32F1xx_HAL_Driver/Src/stm32f1xx_hal_flash_ex.o
LOAD Drivers/STM32F1xx_HAL_Driver/Src/stm32f1xx_hal_gpio.o
LOAD Drivers/STM32F1xx_HAL_Driver/Src/stm32f1xx_hal_gpio_ex.o
LOAD Drivers/STM32F1xx_HAL_Driver/Src/stm32f1xx_hal_pcd.o
LOAD Drivers/STM32F1xx_HAL_Driver/Src/stm32f1xx_hal_pcd_ex.o
LOAD Drivers/STM32F1xx_HAL_Driver/Src/stm32f1xx_hal_pwr.o
LOAD Drivers/STM32F1xx_HAL_Driver/Src/stm32f1xx_hal_rcc.o
LOAD Drivers/STM32F1xx_HAL_Driver/Src/stm32f1xx_hal_rcc_ex.o
LOAD Drivers/STM32F1xx_HAL_Driver/Src/stm32f1xx_hal_tim.o
LOAD Drivers/STM32F1xx_HAL_Driver/Src/stm32f1xx_hal_tim_ex.o
LOAD Drivers/STM32F1xx_HAL_Driver/Src/stm32f1xx_hal_uart.o
LOAD Drivers/STM32F1xx_HAL_Driver/Src/stm32f1xx_ll_usb.o
LOAD Middlewares/ST/STM32_USB_Device_Library/Class/CDC/Src/usbd_cdc.o
LOAD Middlewares/ST/STM32_USB_Device_Library/Core/Src/usbd_core.o
LOAD Middlewares/ST/STM32_USB_Device_Library/Core/Src/usbd_ctlreq.o
LOAD Middlewares/ST/STM32_USB_Device_Library/Core/Src/usbd_ioreq.o
LOAD USB_DEVICE/App/usb_device.o
LOAD USB_DEVICE/App/usbd_cdc_if.o
LOAD USB_DEVICE/App/usbd_desc.o
LOAD USB_DEVICE/Target/usbd_conf.o
START GROUP
LOAD c:/st/stm32cubeide_1.6.0/stm32cubeide/plugins/com.st.stm32cube.ide.mcu.externaltools.gnu-tools-for-stm32.9-2020-q2-update.win32_1.5.0.202011040924/tools/bin/../lib/gcc/arm-none-eabi/9.3.1/../../../../arm-none-eabi/lib/thumb/v7-m/nofp\libc_nano.a
LOAD c:/st/stm32cubeide_1.6.0/stm32cubeide/plugins/com.st.stm32cube.ide.mcu.externaltools.gnu-tools-for-stm32.9-2020-q2-update.win32_1.5.0.202011040924/tools/bin/../lib/gcc/arm-none-eabi/9.3.1/../../../../arm-none-eabi/lib/thumb/v7-m/nofp\libm.a
END GROUP
START GROUP
LOAD c:/st/stm32cubeide_1.6.0/stm32cubeide/plugins/com.st.stm32cube.ide.mcu.externaltools.gnu-tools-for-stm32.9-2020-q2-update.win32_1.5.0.202011040924/tools/bin/../lib/gcc/arm-none-eabi/9.3.1/thumb/v7-m/nofp\libgcc.a
LOAD c:/st/stm32cubeide_1.6.0/stm32cubeide/plugins/com.st.stm32cube.ide.mcu.externaltools.gnu-tools-for-stm32.9-2020-q2-update.win32_1.5.0.202011040924/tools/bin/../lib/gcc/arm-none-eabi/9.3.1/../../../../arm-none-eabi/lib/thumb/v7-m/nofp\libc_nano.a
END GROUP
START GROUP
LOAD c:/st/stm32cubeide_1.6.0/stm32cubeide/plugins/com.st.stm32cube.ide.mcu.externaltools.gnu-tools-for-stm32.9-2020-q2-update.win32_1.5.0.202011040924/tools/bin/../lib/gcc/arm-none-eabi/9.3.1/thumb/v7-m/nofp\libgcc.a
LOAD c:/st/stm32cubeide_1.6.0/stm32cubeide/plugins/com.st.stm32cube.ide.mcu.externaltools.gnu-tools-for-stm32.9-2020-q2-update.win32_1.5.0.202011040924/tools/bin/../lib/gcc/arm-none-eabi/9.3.1/../../../../arm-none-eabi/lib/thumb/v7-m/nofp\libc_nano.a
LOAD c:/st/stm32cubeide_1.6.0/stm32cubeide/plugins/com.st.stm32cube.ide.mcu.externaltools.gnu-tools-for-stm32.9-2020-q2-update.win32_1.5.0.202011040924/tools/bin/../lib/gcc/arm-none-eabi/9.3.1/../../../../arm-none-eabi/lib/thumb/v7-m/nofp\libnosys.a
END GROUP
START GROUP
LOAD c:/st/stm32cubeide_1.6.0/stm32cubeide/plugins/com.st.stm32cube.ide.mcu.externaltools.gnu-tools-for-stm32.9-2020-q2-update.win32_1.5.0.202011040924/tools/bin/../lib/gcc/arm-none-eabi/9.3.1/thumb/v7-m/nofp\libgcc.a
LOAD c:/st/stm32cubeide_1.6.0/stm32cubeide/plugins/com.st.stm32cube.ide.mcu.externaltools.gnu-tools-for-stm32.9-2020-q2-update.win32_1.5.0.202011040924/tools/bin/../lib/gcc/arm-none-eabi/9.3.1/../../../../arm-none-eabi/lib/thumb/v7-m/nofp\libc_nano.a
LOAD c:/st/stm32cubeide_1.6.0/stm32cubeide/plugins/com.st.stm32cube.ide.mcu.externaltools.gnu-tools-for-stm32.9-2020-q2-update.win32_1.5.0.202011040924/tools/bin/../lib/gcc/arm-none-eabi/9.3.1/../../../../arm-none-eabi/lib/thumb/v7-m/nofp\libnosys.a
END GROUP
LOAD c:/st/stm32cubeide_1.6.0/stm32cubeide/plugins/com.st.stm32cube.ide.mcu.externaltools.gnu-tools-for-stm32.9-2020-q2-update.win32_1.5.0.202011040924/tools/bin/../lib/gcc/arm-none-eabi/9.3.1/thumb/v7-m/nofp/crtend.o
LOAD c:/st/stm32cubeide_1.6.0/stm32cubeide/plugins/com.st.stm32cube.ide.mcu.externaltools.gnu-tools-for-stm32.9-2020-q2-update.win32_1.5.0.202011040924/tools/bin/../lib/gcc/arm-none-eabi/9.3.1/thumb/v7-m/nofp/crtn.o
                0x0000000020005000                _estack = (ORIGIN (RAM) + LENGTH (RAM))
                0x0000000000000200                _Min_Heap_Size = 0x200
                0x0000000000000400                _Min_Stack_Size = 0x400

.isr_vector     0x0000000008000000      0x10c
                0x0000000008000000                . = ALIGN (0x4)
 *(.isr_vector)
 .isr_vector    0x0000000008000000      0x10c Core/Startup/startup_stm32f103rbtx.o
                0x0000000008000000                g_pfnVectors
                0x000000000800010c                . = ALIGN (0x4)

.text           0x000000000800010c     0xa324
                0x000000000800010c                . = ALIGN (0x4)
 *(.text)
 .text          0x000000000800010c       0x40 c:/st/stm32cubeide_1.6.0/stm32cubeide/plugins/com.st.stm32cube.ide.mcu.externaltools.gnu-tools-for-stm32.9-2020-q2-update.win32_1.5.0.202011040924/tools/bin/../lib/gcc/arm-none-eabi/9.3.1/thumb/v7-m/nofp/crtbegin.o
 .text          0x000000000800014c       0x14 c:/st/stm32cubeide_1.6.0/stm32cubeide/plugins/com.st.stm32cube.ide.mcu.externaltools.gnu-tools-for-stm32.9-2020-q2-update.win32_1.5.0.202011040924/tools/bin/../lib/gcc/arm-none-eabi/9.3.1/../../../../arm-none-eabi/lib/thumb/v7-m/nofp\libc_nano.a(lib_a-strcmp.o)
                0x000000000800014c                strcmp
 .text          0x0000000008000160       0x10 c:/st/stm32cubeide_1.6.0/stm32cubeide/plugins/com.st.stm32cube.ide.mcu.externaltools.gnu-tools-for-stm32.9-2020-q2-update.win32_1.5.0.202011040924/tools/bin/../lib/gcc/arm-none-eabi/9.3.1/../../../../arm-none-eabi/lib/thumb/v7-m/nofp\libc_nano.a(lib_a-strlen.o)
                0x0000000008000160                strlen
 *(.text*)
 .text._write   0x0000000008000170       0x22 Core/Src/main.o
                0x0000000008000170                _write
 *fill*         0x0000000008000192        0x2 
 .text.main     0x0000000008000194      0x158 Core/Src/main.o
                0x0000000008000194                main
 .text.SystemClock_Config
                0x00000000080002ec       0xc0 Core/Src/main.o
                0x00000000080002ec                SystemClock_Config
 .text.MX_TIM3_Init
                0x00000000080003ac       0x9c Core/Src/main.o
 .text.MX_TIM4_Init
                0x0000000008000448       0x9c Core/Src/main.o
 .text.MX_USART1_UART_Init
                0x00000000080004e4       0x54 Core/Src/main.o
 .text.MX_USART2_UART_Init
                0x0000000008000538       0x54 Core/Src/main.o
 .text.MX_GPIO_Init
                0x000000000800058c      0x1cc Core/Src/main.o
 .text.command_parsing
                0x0000000008000758      0x1b8 Core/Src/main.o
                0x0000000008000758                command_parsing
 .text.check_door
                0x0000000008000910       0xf8 Core/Src/main.o
                0x0000000008000910                check_door
 .text.check_tablet_alive
                0x0000000008000a08       0x9c Core/Src/main.o
                0x0000000008000a08                check_tablet_alive
 .text.Report_to_Server
                0x0000000008000aa4      0x164 Core/Src/main.o
                0x0000000008000aa4                Report_to_Server
 .text.Rfid_Scanning
                0x0000000008000c08       0xdc Core/Src/main.o
                0x0000000008000c08                Rfid_Scanning
 .text.HAL_UART_RxCpltCallback
                0x0000000008000ce4       0x78 Core/Src/main.o
                0x0000000008000ce4                HAL_UART_RxCpltCallback
 .text.HAL_TIM_PeriodElapsedCallback
                0x0000000008000d5c       0x48 Core/Src/main.o
                0x0000000008000d5c                HAL_TIM_PeriodElapsedCallback
 .text.HAL_GPIO_EXTI_Callback
                0x0000000008000da4       0x34 Core/Src/main.o
                0x0000000008000da4                HAL_GPIO_EXTI_Callback
 .text.Error_Handler
                0x0000000008000dd8        0xa Core/Src/main.o
                0x0000000008000dd8                Error_Handler
 *fill*         0x0000000008000de2        0x2 
 .text.HAL_MspInit
                0x0000000008000de4       0x64 Core/Src/stm32f1xx_hal_msp.o
                0x0000000008000de4                HAL_MspInit
 .text.HAL_TIM_Base_MspInit
                0x0000000008000e48       0x84 Core/Src/stm32f1xx_hal_msp.o
                0x0000000008000e48                HAL_TIM_Base_MspInit
 .text.HAL_UART_MspInit
                0x0000000008000ecc      0x128 Core/Src/stm32f1xx_hal_msp.o
                0x0000000008000ecc                HAL_UART_MspInit
 .text.NMI_Handler
                0x0000000008000ff4        0x6 Core/Src/stm32f1xx_it.o
                0x0000000008000ff4                NMI_Handler
 .text.HardFault_Handler
                0x0000000008000ffa        0x6 Core/Src/stm32f1xx_it.o
                0x0000000008000ffa                HardFault_Handler
 .text.MemManage_Handler
                0x0000000008001000        0x6 Core/Src/stm32f1xx_it.o
                0x0000000008001000                MemManage_Handler
 .text.BusFault_Handler
                0x0000000008001006        0x6 Core/Src/stm32f1xx_it.o
                0x0000000008001006                BusFault_Handler
 .text.UsageFault_Handler
                0x000000000800100c        0x6 Core/Src/stm32f1xx_it.o
                0x000000000800100c                UsageFault_Handler
 .text.SVC_Handler
                0x0000000008001012        0xc Core/Src/stm32f1xx_it.o
                0x0000000008001012                SVC_Handler
 .text.DebugMon_Handler
                0x000000000800101e        0xc Core/Src/stm32f1xx_it.o
                0x000000000800101e                DebugMon_Handler
 .text.PendSV_Handler
                0x000000000800102a        0xc Core/Src/stm32f1xx_it.o
                0x000000000800102a                PendSV_Handler
 .text.SysTick_Handler
                0x0000000008001036        0xc Core/Src/stm32f1xx_it.o
                0x0000000008001036                SysTick_Handler
 .text.EXTI3_IRQHandler
                0x0000000008001042        0xe Core/Src/stm32f1xx_it.o
                0x0000000008001042                EXTI3_IRQHandler
 .text.USB_LP_CAN1_RX0_IRQHandler
                0x0000000008001050       0x14 Core/Src/stm32f1xx_it.o
                0x0000000008001050                USB_LP_CAN1_RX0_IRQHandler
 .text.EXTI9_5_IRQHandler
                0x0000000008001064        0xe Core/Src/stm32f1xx_it.o
                0x0000000008001064                EXTI9_5_IRQHandler
 *fill*         0x0000000008001072        0x2 
 .text.TIM3_IRQHandler
                0x0000000008001074       0x14 Core/Src/stm32f1xx_it.o
                0x0000000008001074                TIM3_IRQHandler
 .text.TIM4_IRQHandler
                0x0000000008001088       0x14 Core/Src/stm32f1xx_it.o
                0x0000000008001088                TIM4_IRQHandler
 .text.USART1_IRQHandler
                0x000000000800109c       0x14 Core/Src/stm32f1xx_it.o
                0x000000000800109c                USART1_IRQHandler
 .text.USART2_IRQHandler
                0x00000000080010b0       0x14 Core/Src/stm32f1xx_it.o
                0x00000000080010b0                USART2_IRQHandler
 .text._getpid  0x00000000080010c4        0xe Core/Src/syscalls.o
                0x00000000080010c4                _getpid
 .text._kill    0x00000000080010d2       0x20 Core/Src/syscalls.o
                0x00000000080010d2                _kill
 .text._exit    0x00000000080010f2       0x14 Core/Src/syscalls.o
                0x00000000080010f2                _exit
 .text._read    0x0000000008001106       0x3a Core/Src/syscalls.o
                0x0000000008001106                _read
 .text._close   0x0000000008001140       0x16 Core/Src/syscalls.o
                0x0000000008001140                _close
 .text._fstat   0x0000000008001156       0x1e Core/Src/syscalls.o
                0x0000000008001156                _fstat
 .text._isatty  0x0000000008001174       0x14 Core/Src/syscalls.o
                0x0000000008001174                _isatty
 .text._lseek   0x0000000008001188       0x18 Core/Src/syscalls.o
                0x0000000008001188                _lseek
 .text._sbrk    0x00000000080011a0       0x6c Core/Src/sysmem.o
                0x00000000080011a0                _sbrk
 .text.SystemInit
                0x000000000800120c        0xc Core/Src/system_stm32f1xx.o
                0x000000000800120c                SystemInit
 .text.Reset_Handler
                0x0000000008001218       0x48 Core/Startup/startup_stm32f103rbtx.o
                0x0000000008001218                Reset_Handler
 .text.Default_Handler
                0x0000000008001260        0x2 Core/Startup/startup_stm32f103rbtx.o
                0x0000000008001260                RTC_Alarm_IRQHandler
                0x0000000008001260                EXTI2_IRQHandler
                0x0000000008001260                TIM1_CC_IRQHandler
                0x0000000008001260                PVD_IRQHandler
                0x0000000008001260                EXTI0_IRQHandler
                0x0000000008001260                I2C2_EV_IRQHandler
                0x0000000008001260                ADC1_2_IRQHandler
                0x0000000008001260                SPI1_IRQHandler
                0x0000000008001260                TAMPER_IRQHandler
                0x0000000008001260                DMA1_Channel4_IRQHandler
                0x0000000008001260                USART3_IRQHandler
                0x0000000008001260                RTC_IRQHandler
                0x0000000008001260                DMA1_Channel7_IRQHandler
                0x0000000008001260                CAN1_RX1_IRQHandler
                0x0000000008001260                I2C1_EV_IRQHandler
                0x0000000008001260                DMA1_Channel6_IRQHandler
                0x0000000008001260                RCC_IRQHandler
                0x0000000008001260                TIM1_TRG_COM_IRQHandler
                0x0000000008001260                DMA1_Channel1_IRQHandler
                0x0000000008001260                Default_Handler
                0x0000000008001260                EXTI15_10_IRQHandler
                0x0000000008001260                SPI2_IRQHandler
                0x0000000008001260                DMA1_Channel5_IRQHandler
                0x0000000008001260                EXTI4_IRQHandler
                0x0000000008001260                USB_HP_CAN1_TX_IRQHandler
                0x0000000008001260                DMA1_Channel3_IRQHandler
                0x0000000008001260                TIM1_UP_IRQHandler
                0x0000000008001260                WWDG_IRQHandler
                0x0000000008001260                TIM2_IRQHandler
                0x0000000008001260                TIM1_BRK_IRQHandler
                0x0000000008001260                EXTI1_IRQHandler
                0x0000000008001260                I2C2_ER_IRQHandler
                0x0000000008001260                DMA1_Channel2_IRQHandler
                0x0000000008001260                CAN1_SCE_IRQHandler
                0x0000000008001260                FLASH_IRQHandler
                0x0000000008001260                I2C1_ER_IRQHandler
                0x0000000008001260                USBWakeUp_IRQHandler
 *fill*         0x0000000008001262        0x2 
 .text.HAL_Init
                0x0000000008001264       0x2c Drivers/STM32F1xx_HAL_Driver/Src/stm32f1xx_hal.o
                0x0000000008001264                HAL_Init
 .text.HAL_InitTick
                0x0000000008001290       0x60 Drivers/STM32F1xx_HAL_Driver/Src/stm32f1xx_hal.o
                0x0000000008001290                HAL_InitTick
 .text.HAL_IncTick
                0x00000000080012f0       0x24 Drivers/STM32F1xx_HAL_Driver/Src/stm32f1xx_hal.o
                0x00000000080012f0                HAL_IncTick
 .text.HAL_GetTick
                0x0000000008001314       0x14 Drivers/STM32F1xx_HAL_Driver/Src/stm32f1xx_hal.o
                0x0000000008001314                HAL_GetTick
 .text.HAL_Delay
                0x0000000008001328       0x48 Drivers/STM32F1xx_HAL_Driver/Src/stm32f1xx_hal.o
                0x0000000008001328                HAL_Delay
 .text.__NVIC_SetPriorityGrouping
                0x0000000008001370       0x48 Drivers/STM32F1xx_HAL_Driver/Src/stm32f1xx_hal_cortex.o
 .text.__NVIC_GetPriorityGrouping
                0x00000000080013b8       0x1c Drivers/STM32F1xx_HAL_Driver/Src/stm32f1xx_hal_cortex.o
 .text.__NVIC_EnableIRQ
                0x00000000080013d4       0x38 Drivers/STM32F1xx_HAL_Driver/Src/stm32f1xx_hal_cortex.o
 .text.__NVIC_SetPriority
                0x000000000800140c       0x54 Drivers/STM32F1xx_HAL_Driver/Src/stm32f1xx_hal_cortex.o
 .text.NVIC_EncodePriority
                0x0000000008001460       0x64 Drivers/STM32F1xx_HAL_Driver/Src/stm32f1xx_hal_cortex.o
 .text.SysTick_Config
                0x00000000080014c4       0x44 Drivers/STM32F1xx_HAL_Driver/Src/stm32f1xx_hal_cortex.o
 .text.HAL_NVIC_SetPriorityGrouping
                0x0000000008001508       0x16 Drivers/STM32F1xx_HAL_Driver/Src/stm32f1xx_hal_cortex.o
                0x0000000008001508                HAL_NVIC_SetPriorityGrouping
 .text.HAL_NVIC_SetPriority
                0x000000000800151e       0x38 Drivers/STM32F1xx_HAL_Driver/Src/stm32f1xx_hal_cortex.o
                0x000000000800151e                HAL_NVIC_SetPriority
 .text.HAL_NVIC_EnableIRQ
                0x0000000008001556       0x1c Drivers/STM32F1xx_HAL_Driver/Src/stm32f1xx_hal_cortex.o
                0x0000000008001556                HAL_NVIC_EnableIRQ
 .text.HAL_SYSTICK_Config
                0x0000000008001572       0x18 Drivers/STM32F1xx_HAL_Driver/Src/stm32f1xx_hal_cortex.o
                0x0000000008001572                HAL_SYSTICK_Config
 *fill*         0x000000000800158a        0x2 
 .text.HAL_DMA_Abort_IT
                0x000000000800158c       0xec Drivers/STM32F1xx_HAL_Driver/Src/stm32f1xx_hal_dma.o
                0x000000000800158c                HAL_DMA_Abort_IT
 .text.HAL_GPIO_Init
                0x0000000008001678      0x308 Drivers/STM32F1xx_HAL_Driver/Src/stm32f1xx_hal_gpio.o
                0x0000000008001678                HAL_GPIO_Init
 .text.HAL_GPIO_ReadPin
                0x0000000008001980       0x2e Drivers/STM32F1xx_HAL_Driver/Src/stm32f1xx_hal_gpio.o
                0x0000000008001980                HAL_GPIO_ReadPin
 .text.HAL_GPIO_WritePin
                0x00000000080019ae       0x30 Drivers/STM32F1xx_HAL_Driver/Src/stm32f1xx_hal_gpio.o
                0x00000000080019ae                HAL_GPIO_WritePin
 *fill*         0x00000000080019de        0x2 
 .text.HAL_GPIO_EXTI_IRQHandler
                0x00000000080019e0       0x30 Drivers/STM32F1xx_HAL_Driver/Src/stm32f1xx_hal_gpio.o
                0x00000000080019e0                HAL_GPIO_EXTI_IRQHandler
 .text.HAL_PCD_Init
                0x0000000008001a10      0x216 Drivers/STM32F1xx_HAL_Driver/Src/stm32f1xx_hal_pcd.o
                0x0000000008001a10                HAL_PCD_Init
 .text.HAL_PCD_Start
                0x0000000008001c26       0x4c Drivers/STM32F1xx_HAL_Driver/Src/stm32f1xx_hal_pcd.o
                0x0000000008001c26                HAL_PCD_Start
 .text.HAL_PCD_IRQHandler
                0x0000000008001c72      0x2aa Drivers/STM32F1xx_HAL_Driver/Src/stm32f1xx_hal_pcd.o
                0x0000000008001c72                HAL_PCD_IRQHandler
 .text.HAL_PCD_SetAddress
                0x0000000008001f1c       0x4a Drivers/STM32F1xx_HAL_Driver/Src/stm32f1xx_hal_pcd.o
                0x0000000008001f1c                HAL_PCD_SetAddress
 .text.HAL_PCD_EP_Open
                0x0000000008001f66       0xcc Drivers/STM32F1xx_HAL_Driver/Src/stm32f1xx_hal_pcd.o
                0x0000000008001f66                HAL_PCD_EP_Open
 .text.HAL_PCD_EP_Close
                0x0000000008002032       0x90 Drivers/STM32F1xx_HAL_Driver/Src/stm32f1xx_hal_pcd.o
                0x0000000008002032                HAL_PCD_EP_Close
 .text.HAL_PCD_EP_Receive
                0x00000000080020c2       0x7a Drivers/STM32F1xx_HAL_Driver/Src/stm32f1xx_hal_pcd.o
                0x00000000080020c2                HAL_PCD_EP_Receive
 .text.HAL_PCD_EP_GetRxCount
                0x000000000800213c       0x2e Drivers/STM32F1xx_HAL_Driver/Src/stm32f1xx_hal_pcd.o
                0x000000000800213c                HAL_PCD_EP_GetRxCount
 .text.HAL_PCD_EP_Transmit
                0x000000000800216a       0x86 Drivers/STM32F1xx_HAL_Driver/Src/stm32f1xx_hal_pcd.o
                0x000000000800216a                HAL_PCD_EP_Transmit
 .text.HAL_PCD_EP_SetStall
                0x00000000080021f0       0xc0 Drivers/STM32F1xx_HAL_Driver/Src/stm32f1xx_hal_pcd.o
                0x00000000080021f0                HAL_PCD_EP_SetStall
 .text.HAL_PCD_EP_ClrStall
                0x00000000080022b0       0xa8 Drivers/STM32F1xx_HAL_Driver/Src/stm32f1xx_hal_pcd.o
                0x00000000080022b0                HAL_PCD_EP_ClrStall
 .text.PCD_EP_ISR_Handler
                0x0000000008002358      0x5e6 Drivers/STM32F1xx_HAL_Driver/Src/stm32f1xx_hal_pcd.o
 .text.HAL_PCD_EP_DB_Receive
                0x000000000800293e      0x21a Drivers/STM32F1xx_HAL_Driver/Src/stm32f1xx_hal_pcd.o
 .text.HAL_PCD_EP_DB_Transmit
                0x0000000008002b58      0x556 Drivers/STM32F1xx_HAL_Driver/Src/stm32f1xx_hal_pcd.o
 .text.HAL_PCDEx_PMAConfig
                0x00000000080030ae       0x84 Drivers/STM32F1xx_HAL_Driver/Src/stm32f1xx_hal_pcd_ex.o
                0x00000000080030ae                HAL_PCDEx_PMAConfig
 *fill*         0x0000000008003132        0x2 
 .text.HAL_RCC_OscConfig
                0x0000000008003134      0x500 Drivers/STM32F1xx_HAL_Driver/Src/stm32f1xx_hal_rcc.o
                0x0000000008003134                HAL_RCC_OscConfig
 .text.HAL_RCC_ClockConfig
                0x0000000008003634      0x1d4 Drivers/STM32F1xx_HAL_Driver/Src/stm32f1xx_hal_rcc.o
                0x0000000008003634                HAL_RCC_ClockConfig
 .text.HAL_RCC_MCOConfig
                0x0000000008003808       0x70 Drivers/STM32F1xx_HAL_Driver/Src/stm32f1xx_hal_rcc.o
                0x0000000008003808                HAL_RCC_MCOConfig
 .text.HAL_RCC_GetSysClockFreq
                0x0000000008003878       0xc0 Drivers/STM32F1xx_HAL_Driver/Src/stm32f1xx_hal_rcc.o
                0x0000000008003878                HAL_RCC_GetSysClockFreq
 .text.HAL_RCC_GetHCLKFreq
                0x0000000008003938       0x14 Drivers/STM32F1xx_HAL_Driver/Src/stm32f1xx_hal_rcc.o
                0x0000000008003938                HAL_RCC_GetHCLKFreq
 .text.HAL_RCC_GetPCLK1Freq
                0x000000000800394c       0x28 Drivers/STM32F1xx_HAL_Driver/Src/stm32f1xx_hal_rcc.o
                0x000000000800394c                HAL_RCC_GetPCLK1Freq
 .text.HAL_RCC_GetPCLK2Freq
                0x0000000008003974       0x28 Drivers/STM32F1xx_HAL_Driver/Src/stm32f1xx_hal_rcc.o
                0x0000000008003974                HAL_RCC_GetPCLK2Freq
 .text.RCC_Delay
                0x000000000800399c       0x3c Drivers/STM32F1xx_HAL_Driver/Src/stm32f1xx_hal_rcc.o
 .text.HAL_RCCEx_PeriphCLKConfig
                0x00000000080039d8      0x16c Drivers/STM32F1xx_HAL_Driver/Src/stm32f1xx_hal_rcc_ex.o
                0x00000000080039d8                HAL_RCCEx_PeriphCLKConfig
 .text.HAL_TIM_Base_Init
                0x0000000008003b44       0x9e Drivers/STM32F1xx_HAL_Driver/Src/stm32f1xx_hal_tim.o
                0x0000000008003b44                HAL_TIM_Base_Init
 *fill*         0x0000000008003be2        0x2 
 .text.HAL_TIM_Base_Start_IT
                0x0000000008003be4       0xa4 Drivers/STM32F1xx_HAL_Driver/Src/stm32f1xx_hal_tim.o
                0x0000000008003be4                HAL_TIM_Base_Start_IT
 .text.HAL_TIM_IRQHandler
                0x0000000008003c88      0x210 Drivers/STM32F1xx_HAL_Driver/Src/stm32f1xx_hal_tim.o
                0x0000000008003c88                HAL_TIM_IRQHandler
 .text.HAL_TIM_ConfigClockSource
                0x0000000008003e98      0x188 Drivers/STM32F1xx_HAL_Driver/Src/stm32f1xx_hal_tim.o
                0x0000000008003e98                HAL_TIM_ConfigClockSource
 .text.HAL_TIM_OC_DelayElapsedCallback
                0x0000000008004020       0x12 Drivers/STM32F1xx_HAL_Driver/Src/stm32f1xx_hal_tim.o
                0x0000000008004020                HAL_TIM_OC_DelayElapsedCallback
 .text.HAL_TIM_IC_CaptureCallback
                0x0000000008004032       0x12 Drivers/STM32F1xx_HAL_Driver/Src/stm32f1xx_hal_tim.o
                0x0000000008004032                HAL_TIM_IC_CaptureCallback
 .text.HAL_TIM_PWM_PulseFinishedCallback
                0x0000000008004044       0x12 Drivers/STM32F1xx_HAL_Driver/Src/stm32f1xx_hal_tim.o
                0x0000000008004044                HAL_TIM_PWM_PulseFinishedCallback
 .text.HAL_TIM_TriggerCallback
                0x0000000008004056       0x12 Drivers/STM32F1xx_HAL_Driver/Src/stm32f1xx_hal_tim.o
                0x0000000008004056                HAL_TIM_TriggerCallback
 .text.TIM_Base_SetConfig
                0x0000000008004068       0xc4 Drivers/STM32F1xx_HAL_Driver/Src/stm32f1xx_hal_tim.o
                0x0000000008004068                TIM_Base_SetConfig
 .text.TIM_TI1_ConfigInputStage
                0x000000000800412c       0x5c Drivers/STM32F1xx_HAL_Driver/Src/stm32f1xx_hal_tim.o
 .text.TIM_TI2_ConfigInputStage
                0x0000000008004188       0x5e Drivers/STM32F1xx_HAL_Driver/Src/stm32f1xx_hal_tim.o
 .text.TIM_ITRx_SetConfig
                0x00000000080041e6       0x34 Drivers/STM32F1xx_HAL_Driver/Src/stm32f1xx_hal_tim.o
 .text.TIM_ETR_SetConfig
                0x000000000800421a       0x3e Drivers/STM32F1xx_HAL_Driver/Src/stm32f1xx_hal_tim.o
                0x000000000800421a                TIM_ETR_SetConfig
 .text.HAL_TIMEx_MasterConfigSynchronization
                0x0000000008004258       0xbc Drivers/STM32F1xx_HAL_Driver/Src/stm32f1xx_hal_tim_ex.o
                0x0000000008004258                HAL_TIMEx_MasterConfigSynchronization
 .text.HAL_TIMEx_CommutCallback
                0x0000000008004314       0x12 Drivers/STM32F1xx_HAL_Driver/Src/stm32f1xx_hal_tim_ex.o
                0x0000000008004314                HAL_TIMEx_CommutCallback
 .text.HAL_TIMEx_BreakCallback
                0x0000000008004326       0x12 Drivers/STM32F1xx_HAL_Driver/Src/stm32f1xx_hal_tim_ex.o
                0x0000000008004326                HAL_TIMEx_BreakCallback
 .text.HAL_UART_Init
                0x0000000008004338       0x9a Drivers/STM32F1xx_HAL_Driver/Src/stm32f1xx_hal_uart.o
                0x0000000008004338                HAL_UART_Init
 .text.HAL_UART_Transmit
                0x00000000080043d2      0x124 Drivers/STM32F1xx_HAL_Driver/Src/stm32f1xx_hal_uart.o
                0x00000000080043d2                HAL_UART_Transmit
 .text.HAL_UART_Receive_IT
                0x00000000080044f6       0xa8 Drivers/STM32F1xx_HAL_Driver/Src/stm32f1xx_hal_uart.o
                0x00000000080044f6                HAL_UART_Receive_IT
 *fill*         0x000000000800459e        0x2 
 .text.HAL_UART_IRQHandler
                0x00000000080045a0      0x200 Drivers/STM32F1xx_HAL_Driver/Src/stm32f1xx_hal_uart.o
                0x00000000080045a0                HAL_UART_IRQHandler
 .text.HAL_UART_TxCpltCallback
                0x00000000080047a0       0x12 Drivers/STM32F1xx_HAL_Driver/Src/stm32f1xx_hal_uart.o
                0x00000000080047a0                HAL_UART_TxCpltCallback
 .text.HAL_UART_ErrorCallback
                0x00000000080047b2       0x12 Drivers/STM32F1xx_HAL_Driver/Src/stm32f1xx_hal_uart.o
                0x00000000080047b2                HAL_UART_ErrorCallback
 .text.UART_WaitOnFlagUntilTimeout
                0x00000000080047c4       0x94 Drivers/STM32F1xx_HAL_Driver/Src/stm32f1xx_hal_uart.o
 .text.UART_EndRxTransfer
                0x0000000008004858       0x3a Drivers/STM32F1xx_HAL_Driver/Src/stm32f1xx_hal_uart.o
 .text.UART_DMAAbortOnError
                0x0000000008004892       0x28 Drivers/STM32F1xx_HAL_Driver/Src/stm32f1xx_hal_uart.o
 .text.UART_Transmit_IT
                0x00000000080048ba       0x9e Drivers/STM32F1xx_HAL_Driver/Src/stm32f1xx_hal_uart.o
 .text.UART_EndTransmit_IT
                0x0000000008004958       0x30 Drivers/STM32F1xx_HAL_Driver/Src/stm32f1xx_hal_uart.o
 .text.UART_Receive_IT
                0x0000000008004988      0x100 Drivers/STM32F1xx_HAL_Driver/Src/stm32f1xx_hal_uart.o
 .text.UART_SetConfig
                0x0000000008004a88      0x11c Drivers/STM32F1xx_HAL_Driver/Src/stm32f1xx_hal_uart.o
 .text.USB_CoreInit
                0x0000000008004ba4       0x20 Drivers/STM32F1xx_HAL_Driver/Src/stm32f1xx_ll_usb.o
                0x0000000008004ba4                USB_CoreInit
 .text.USB_EnableGlobalInt
                0x0000000008004bc4       0x2c Drivers/STM32F1xx_HAL_Driver/Src/stm32f1xx_ll_usb.o
                0x0000000008004bc4                USB_EnableGlobalInt
 .text.USB_DisableGlobalInt
                0x0000000008004bf0       0x34 Drivers/STM32F1xx_HAL_Driver/Src/stm32f1xx_ll_usb.o
                0x0000000008004bf0                USB_DisableGlobalInt
 .text.USB_SetCurrentMode
                0x0000000008004c24       0x18 Drivers/STM32F1xx_HAL_Driver/Src/stm32f1xx_ll_usb.o
                0x0000000008004c24                USB_SetCurrentMode
 .text.USB_DevInit
                0x0000000008004c3c       0x40 Drivers/STM32F1xx_HAL_Driver/Src/stm32f1xx_ll_usb.o
                0x0000000008004c3c                USB_DevInit
 .text.USB_ActivateEndpoint
                0x0000000008004c7c      0x6d4 Drivers/STM32F1xx_HAL_Driver/Src/stm32f1xx_ll_usb.o
                0x0000000008004c7c                USB_ActivateEndpoint
 .text.USB_DeactivateEndpoint
                0x0000000008005350      0x3d8 Drivers/STM32F1xx_HAL_Driver/Src/stm32f1xx_ll_usb.o
                0x0000000008005350                USB_DeactivateEndpoint
 .text.USB_EPStartXfer
                0x0000000008005728     0x1240 Drivers/STM32F1xx_HAL_Driver/Src/stm32f1xx_ll_usb.o
                0x0000000008005728                USB_EPStartXfer
 .text.USB_EPSetStall
                0x0000000008006968       0xa0 Drivers/STM32F1xx_HAL_Driver/Src/stm32f1xx_ll_usb.o
                0x0000000008006968                USB_EPSetStall
 .text.USB_EPClearStall
                0x0000000008006a08      0x15a Drivers/STM32F1xx_HAL_Driver/Src/stm32f1xx_ll_usb.o
                0x0000000008006a08                USB_EPClearStall
 .text.USB_SetDevAddress
                0x0000000008006b62       0x26 Drivers/STM32F1xx_HAL_Driver/Src/stm32f1xx_ll_usb.o
                0x0000000008006b62                USB_SetDevAddress
 .text.USB_DevConnect
                0x0000000008006b88       0x14 Drivers/STM32F1xx_HAL_Driver/Src/stm32f1xx_ll_usb.o
                0x0000000008006b88                USB_DevConnect
 .text.USB_DevDisconnect
                0x0000000008006b9c       0x14 Drivers/STM32F1xx_HAL_Driver/Src/stm32f1xx_ll_usb.o
                0x0000000008006b9c                USB_DevDisconnect
 .text.USB_ReadInterrupts
                0x0000000008006bb0       0x1e Drivers/STM32F1xx_HAL_Driver/Src/stm32f1xx_ll_usb.o
                0x0000000008006bb0                USB_ReadInterrupts
 .text.USB_EP0_OutStart
                0x0000000008006bce       0x16 Drivers/STM32F1xx_HAL_Driver/Src/stm32f1xx_ll_usb.o
                0x0000000008006bce                USB_EP0_OutStart
 .text.USB_WritePMA
                0x0000000008006be4       0x8a Drivers/STM32F1xx_HAL_Driver/Src/stm32f1xx_ll_usb.o
                0x0000000008006be4                USB_WritePMA
 .text.USB_ReadPMA
                0x0000000008006c6e       0x9e Drivers/STM32F1xx_HAL_Driver/Src/stm32f1xx_ll_usb.o
                0x0000000008006c6e                USB_ReadPMA
 .text.USBD_CDC_Init
                0x0000000008006d0c       0xf4 Middlewares/ST/STM32_USB_Device_Library/Class/CDC/Src/usbd_cdc.o
 .text.USBD_CDC_DeInit
                0x0000000008006e00       0x6e Middlewares/ST/STM32_USB_Device_Library/Class/CDC/Src/usbd_cdc.o
 .text.USBD_CDC_Setup
                0x0000000008006e6e      0x146 Middlewares/ST/STM32_USB_Device_Library/Class/CDC/Src/usbd_cdc.o
 .text.USBD_CDC_DataIn
                0x0000000008006fb4       0xa6 Middlewares/ST/STM32_USB_Device_Library/Class/CDC/Src/usbd_cdc.o
 .text.USBD_CDC_DataOut
                0x000000000800705a       0x56 Middlewares/ST/STM32_USB_Device_Library/Class/CDC/Src/usbd_cdc.o
 .text.USBD_CDC_EP0_RxReady
                0x00000000080070b0       0x50 Middlewares/ST/STM32_USB_Device_Library/Class/CDC/Src/usbd_cdc.o
 .text.USBD_CDC_GetFSCfgDesc
                0x0000000008007100       0x20 Middlewares/ST/STM32_USB_Device_Library/Class/CDC/Src/usbd_cdc.o
 .text.USBD_CDC_GetHSCfgDesc
                0x0000000008007120       0x20 Middlewares/ST/STM32_USB_Device_Library/Class/CDC/Src/usbd_cdc.o
 .text.USBD_CDC_GetOtherSpeedCfgDesc
                0x0000000008007140       0x20 Middlewares/ST/STM32_USB_Device_Library/Class/CDC/Src/usbd_cdc.o
 .text.USBD_CDC_GetDeviceQualifierDescriptor
                0x0000000008007160       0x20 Middlewares/ST/STM32_USB_Device_Library/Class/CDC/Src/usbd_cdc.o
                0x0000000008007160                USBD_CDC_GetDeviceQualifierDescriptor
 .text.USBD_CDC_RegisterInterface
                0x0000000008007180       0x2c Middlewares/ST/STM32_USB_Device_Library/Class/CDC/Src/usbd_cdc.o
                0x0000000008007180                USBD_CDC_RegisterInterface
 .text.USBD_CDC_SetTxBuffer
                0x00000000080071ac       0x32 Middlewares/ST/STM32_USB_Device_Library/Class/CDC/Src/usbd_cdc.o
                0x00000000080071ac                USBD_CDC_SetTxBuffer
 .text.USBD_CDC_SetRxBuffer
                0x00000000080071de       0x26 Middlewares/ST/STM32_USB_Device_Library/Class/CDC/Src/usbd_cdc.o
                0x00000000080071de                USBD_CDC_SetRxBuffer
 .text.USBD_CDC_TransmitPacket
                0x0000000008007204       0x5e Middlewares/ST/STM32_USB_Device_Library/Class/CDC/Src/usbd_cdc.o
                0x0000000008007204                USBD_CDC_TransmitPacket
 .text.USBD_CDC_ReceivePacket
                0x0000000008007262       0x54 Middlewares/ST/STM32_USB_Device_Library/Class/CDC/Src/usbd_cdc.o
                0x0000000008007262                USBD_CDC_ReceivePacket
 .text.USBD_Init
                0x00000000080072b6       0x56 Middlewares/ST/STM32_USB_Device_Library/Core/Src/usbd_core.o
                0x00000000080072b6                USBD_Init
 .text.USBD_RegisterClass
                0x000000000800730c       0x32 Middlewares/ST/STM32_USB_Device_Library/Core/Src/usbd_core.o
                0x000000000800730c                USBD_RegisterClass
 .text.USBD_Start
                0x000000000800733e       0x18 Middlewares/ST/STM32_USB_Device_Library/Core/Src/usbd_core.o
                0x000000000800733e                USBD_Start
 .text.USBD_RunTestMode
                0x0000000008007356       0x14 Middlewares/ST/STM32_USB_Device_Library/Core/Src/usbd_core.o
                0x0000000008007356                USBD_RunTestMode
 .text.USBD_SetClassConfig
                0x000000000800736a       0x3e Middlewares/ST/STM32_USB_Device_Library/Core/Src/usbd_core.o
                0x000000000800736a                USBD_SetClassConfig
 .text.USBD_ClrClassConfig
                0x00000000080073a8       0x26 Middlewares/ST/STM32_USB_Device_Library/Core/Src/usbd_core.o
                0x00000000080073a8                USBD_ClrClassConfig
 .text.USBD_LL_SetupStage
                0x00000000080073ce       0x9a Middlewares/ST/STM32_USB_Device_Library/Core/Src/usbd_core.o
                0x00000000080073ce                USBD_LL_SetupStage
 .text.USBD_LL_DataOutStage
                0x0000000008007468       0xe2 Middlewares/ST/STM32_USB_Device_Library/Core/Src/usbd_core.o
                0x0000000008007468                USBD_LL_DataOutStage
 .text.USBD_LL_DataInStage
                0x000000000800754a      0x14a Middlewares/ST/STM32_USB_Device_Library/Core/Src/usbd_core.o
                0x000000000800754a                USBD_LL_DataInStage
 .text.USBD_LL_Reset
                0x0000000008007694       0x82 Middlewares/ST/STM32_USB_Device_Library/Core/Src/usbd_core.o
                0x0000000008007694                USBD_LL_Reset
 .text.USBD_LL_SetSpeed
                0x0000000008007716       0x1e Middlewares/ST/STM32_USB_Device_Library/Core/Src/usbd_core.o
                0x0000000008007716                USBD_LL_SetSpeed
 .text.USBD_LL_Suspend
                0x0000000008007734       0x28 Middlewares/ST/STM32_USB_Device_Library/Core/Src/usbd_core.o
                0x0000000008007734                USBD_LL_Suspend
 .text.USBD_LL_Resume
                0x000000000800775c       0x2a Middlewares/ST/STM32_USB_Device_Library/Core/Src/usbd_core.o
                0x000000000800775c                USBD_LL_Resume
 .text.USBD_LL_SOF
                0x0000000008007786       0x34 Middlewares/ST/STM32_USB_Device_Library/Core/Src/usbd_core.o
                0x0000000008007786                USBD_LL_SOF
 *fill*         0x00000000080077ba        0x2 
 .text.USBD_StdDevReq
                0x00000000080077bc       0xd4 Middlewares/ST/STM32_USB_Device_Library/Core/Src/usbd_ctlreq.o
                0x00000000080077bc                USBD_StdDevReq
 .text.USBD_StdItfReq
                0x0000000008007890       0x90 Middlewares/ST/STM32_USB_Device_Library/Core/Src/usbd_ctlreq.o
                0x0000000008007890                USBD_StdItfReq
 .text.USBD_StdEPReq
                0x0000000008007920      0x2c6 Middlewares/ST/STM32_USB_Device_Library/Core/Src/usbd_ctlreq.o
                0x0000000008007920                USBD_StdEPReq
 *fill*         0x0000000008007be6        0x2 
 .text.USBD_GetDescriptor
                0x0000000008007be8      0x2d0 Middlewares/ST/STM32_USB_Device_Library/Core/Src/usbd_ctlreq.o
 .text.USBD_SetAddress
                0x0000000008007eb8       0x86 Middlewares/ST/STM32_USB_Device_Library/Core/Src/usbd_ctlreq.o
 *fill*         0x0000000008007f3e        0x2 
 .text.USBD_SetConfig
                0x0000000008007f40      0x11c Middlewares/ST/STM32_USB_Device_Library/Core/Src/usbd_ctlreq.o
 .text.USBD_GetConfig
                0x000000000800805c       0x6a Middlewares/ST/STM32_USB_Device_Library/Core/Src/usbd_ctlreq.o
 .text.USBD_GetStatus
                0x00000000080080c6       0x66 Middlewares/ST/STM32_USB_Device_Library/Core/Src/usbd_ctlreq.o
 .text.USBD_SetFeature
                0x000000000800812c       0x28 Middlewares/ST/STM32_USB_Device_Library/Core/Src/usbd_ctlreq.o
 .text.USBD_ClrFeature
                0x0000000008008154       0x42 Middlewares/ST/STM32_USB_Device_Library/Core/Src/usbd_ctlreq.o
 .text.USBD_ParseSetupRequest
                0x0000000008008196       0x78 Middlewares/ST/STM32_USB_Device_Library/Core/Src/usbd_ctlreq.o
                0x0000000008008196                USBD_ParseSetupRequest
 .text.USBD_CtlError
                0x000000000800820e       0x22 Middlewares/ST/STM32_USB_Device_Library/Core/Src/usbd_ctlreq.o
                0x000000000800820e                USBD_CtlError
 .text.USBD_GetString
                0x0000000008008230       0x84 Middlewares/ST/STM32_USB_Device_Library/Core/Src/usbd_ctlreq.o
                0x0000000008008230                USBD_GetString
 .text.USBD_GetLen
                0x00000000080082b4       0x2e Middlewares/ST/STM32_USB_Device_Library/Core/Src/usbd_ctlreq.o
 .text.USBD_CtlSendData
                0x00000000080082e2       0x38 Middlewares/ST/STM32_USB_Device_Library/Core/Src/usbd_ioreq.o
                0x00000000080082e2                USBD_CtlSendData
 .text.USBD_CtlContinueSendData
                0x000000000800831a       0x24 Middlewares/ST/STM32_USB_Device_Library/Core/Src/usbd_ioreq.o
                0x000000000800831a                USBD_CtlContinueSendData
 .text.USBD_CtlPrepareRx
                0x000000000800833e       0x3c Middlewares/ST/STM32_USB_Device_Library/Core/Src/usbd_ioreq.o
                0x000000000800833e                USBD_CtlPrepareRx
 .text.USBD_CtlContinueRx
                0x000000000800837a       0x24 Middlewares/ST/STM32_USB_Device_Library/Core/Src/usbd_ioreq.o
                0x000000000800837a                USBD_CtlContinueRx
 .text.USBD_CtlSendStatus
                0x000000000800839e       0x26 Middlewares/ST/STM32_USB_Device_Library/Core/Src/usbd_ioreq.o
                0x000000000800839e                USBD_CtlSendStatus
 .text.USBD_CtlReceiveStatus
                0x00000000080083c4       0x26 Middlewares/ST/STM32_USB_Device_Library/Core/Src/usbd_ioreq.o
                0x00000000080083c4                USBD_CtlReceiveStatus
 *fill*         0x00000000080083ea        0x2 
 .text.MX_USB_DEVICE_Init
                0x00000000080083ec       0x60 USB_DEVICE/App/usb_device.o
                0x00000000080083ec                MX_USB_DEVICE_Init
 .text.CDC_Init_FS
                0x000000000800844c       0x28 USB_DEVICE/App/usbd_cdc_if.o
 .text.CDC_DeInit_FS
                0x0000000008008474        0xe USB_DEVICE/App/usbd_cdc_if.o
 *fill*         0x0000000008008482        0x2 
 .text.CDC_Control_FS
                0x0000000008008484       0xbc USB_DEVICE/App/usbd_cdc_if.o
 .text.CDC_Receive_FS
                0x0000000008008540       0x80 USB_DEVICE/App/usbd_cdc_if.o
 .text.CDC_Transmit_FS
                0x00000000080085c0       0x4c USB_DEVICE/App/usbd_cdc_if.o
                0x00000000080085c0                CDC_Transmit_FS
 .text.USBD_FS_DeviceDescriptor
                0x000000000800860c       0x24 USB_DEVICE/App/usbd_desc.o
                0x000000000800860c                USBD_FS_DeviceDescriptor
 .text.USBD_FS_LangIDStrDescriptor
                0x0000000008008630       0x24 USB_DEVICE/App/usbd_desc.o
                0x0000000008008630                USBD_FS_LangIDStrDescriptor
 .text.USBD_FS_ProductStrDescriptor
                0x0000000008008654       0x3c USB_DEVICE/App/usbd_desc.o
                0x0000000008008654                USBD_FS_ProductStrDescriptor
 .text.USBD_FS_ManufacturerStrDescriptor
                0x0000000008008690       0x28 USB_DEVICE/App/usbd_desc.o
                0x0000000008008690                USBD_FS_ManufacturerStrDescriptor
 .text.USBD_FS_SerialStrDescriptor
                0x00000000080086b8       0x24 USB_DEVICE/App/usbd_desc.o
                0x00000000080086b8                USBD_FS_SerialStrDescriptor
 .text.USBD_FS_ConfigStrDescriptor
                0x00000000080086dc       0x3c USB_DEVICE/App/usbd_desc.o
                0x00000000080086dc                USBD_FS_ConfigStrDescriptor
 .text.USBD_FS_InterfaceStrDescriptor
                0x0000000008008718       0x3c USB_DEVICE/App/usbd_desc.o
                0x0000000008008718                USBD_FS_InterfaceStrDescriptor
 .text.Get_SerialNum
                0x0000000008008754       0x58 USB_DEVICE/App/usbd_desc.o
 .text.IntToUnicode
                0x00000000080087ac       0x7c USB_DEVICE/App/usbd_desc.o
 .text.HAL_PCD_MspInit
                0x0000000008008828       0x4c USB_DEVICE/Target/usbd_conf.o
                0x0000000008008828                HAL_PCD_MspInit
 .text.HAL_PCD_SetupStageCallback
                0x0000000008008874       0x24 USB_DEVICE/Target/usbd_conf.o
                0x0000000008008874                HAL_PCD_SetupStageCallback
 .text.HAL_PCD_DataOutStageCallback
                0x0000000008008898       0x36 USB_DEVICE/Target/usbd_conf.o
                0x0000000008008898                HAL_PCD_DataOutStageCallback
 .text.HAL_PCD_DataInStageCallback
                0x00000000080088ce       0x34 USB_DEVICE/Target/usbd_conf.o
                0x00000000080088ce                HAL_PCD_DataInStageCallback
 .text.HAL_PCD_SOFCallback
                0x0000000008008902       0x1c USB_DEVICE/Target/usbd_conf.o
                0x0000000008008902                HAL_PCD_SOFCallback
 .text.HAL_PCD_ResetCallback
                0x000000000800891e       0x3c USB_DEVICE/Target/usbd_conf.o
                0x000000000800891e                HAL_PCD_ResetCallback
 *fill*         0x000000000800895a        0x2 
 .text.HAL_PCD_SuspendCallback
                0x000000000800895c       0x34 USB_DEVICE/Target/usbd_conf.o
                0x000000000800895c                HAL_PCD_SuspendCallback
 .text.HAL_PCD_ResumeCallback
                0x0000000008008990       0x1c USB_DEVICE/Target/usbd_conf.o
                0x0000000008008990                HAL_PCD_ResumeCallback
 .text.USBD_LL_Init
                0x00000000080089ac       0xb4 USB_DEVICE/Target/usbd_conf.o
                0x00000000080089ac                USBD_LL_Init
 .text.USBD_LL_Start
                0x0000000008008a60       0x36 USB_DEVICE/Target/usbd_conf.o
                0x0000000008008a60                USBD_LL_Start
 .text.USBD_LL_OpenEP
                0x0000000008008a96       0x4c USB_DEVICE/Target/usbd_conf.o
                0x0000000008008a96                USBD_LL_OpenEP
 .text.USBD_LL_CloseEP
                0x0000000008008ae2       0x3e USB_DEVICE/Target/usbd_conf.o
                0x0000000008008ae2                USBD_LL_CloseEP
 .text.USBD_LL_StallEP
                0x0000000008008b20       0x3e USB_DEVICE/Target/usbd_conf.o
                0x0000000008008b20                USBD_LL_StallEP
 .text.USBD_LL_ClearStallEP
                0x0000000008008b5e       0x3e USB_DEVICE/Target/usbd_conf.o
                0x0000000008008b5e                USBD_LL_ClearStallEP
 .text.USBD_LL_IsStallEP
                0x0000000008008b9c       0x58 USB_DEVICE/Target/usbd_conf.o
                0x0000000008008b9c                USBD_LL_IsStallEP
 .text.USBD_LL_SetUSBAddress
                0x0000000008008bf4       0x3e USB_DEVICE/Target/usbd_conf.o
                0x0000000008008bf4                USBD_LL_SetUSBAddress
 .text.USBD_LL_Transmit
                0x0000000008008c32       0x46 USB_DEVICE/Target/usbd_conf.o
                0x0000000008008c32                USBD_LL_Transmit
 .text.USBD_LL_PrepareReceive
                0x0000000008008c78       0x46 USB_DEVICE/Target/usbd_conf.o
                0x0000000008008c78                USBD_LL_PrepareReceive
 .text.USBD_LL_GetRxDataSize
                0x0000000008008cbe       0x26 USB_DEVICE/Target/usbd_conf.o
                0x0000000008008cbe                USBD_LL_GetRxDataSize
 .text.USBD_static_malloc
                0x0000000008008ce4       0x18 USB_DEVICE/Target/usbd_conf.o
                0x0000000008008ce4                USBD_static_malloc
 .text.USBD_static_free
                0x0000000008008cfc       0x12 USB_DEVICE/Target/usbd_conf.o
                0x0000000008008cfc                USBD_static_free
 .text.HAL_PCDEx_SetConnectionState
                0x0000000008008d0e       0x16 USB_DEVICE/Target/usbd_conf.o
                0x0000000008008d0e                HAL_PCDEx_SetConnectionState
 .text.USBD_Get_USB_Status
                0x0000000008008d24       0x58 USB_DEVICE/Target/usbd_conf.o
 .text.atoi     0x0000000008008d7c        0x8 c:/st/stm32cubeide_1.6.0/stm32cubeide/plugins/com.st.stm32cube.ide.mcu.externaltools.gnu-tools-for-stm32.9-2020-q2-update.win32_1.5.0.202011040924/tools/bin/../lib/gcc/arm-none-eabi/9.3.1/../../../../arm-none-eabi/lib/thumb/v7-m/nofp\libc_nano.a(lib_a-atoi.o)
                0x0000000008008d7c                atoi
 .text.__errno  0x0000000008008d84        0xc c:/st/stm32cubeide_1.6.0/stm32cubeide/plugins/com.st.stm32cube.ide.mcu.externaltools.gnu-tools-for-stm32.9-2020-q2-update.win32_1.5.0.202011040924/tools/bin/../lib/gcc/arm-none-eabi/9.3.1/../../../../arm-none-eabi/lib/thumb/v7-m/nofp\libc_nano.a(lib_a-errno.o)
                0x0000000008008d84                __errno
 .text.__libc_init_array
                0x0000000008008d90       0x48 c:/st/stm32cubeide_1.6.0/stm32cubeide/plugins/com.st.stm32cube.ide.mcu.externaltools.gnu-tools-for-stm32.9-2020-q2-update.win32_1.5.0.202011040924/tools/bin/../lib/gcc/arm-none-eabi/9.3.1/../../../../arm-none-eabi/lib/thumb/v7-m/nofp\libc_nano.a(lib_a-init.o)
                0x0000000008008d90                __libc_init_array
 .text.memset   0x0000000008008dd8       0x10 c:/st/stm32cubeide_1.6.0/stm32cubeide/plugins/com.st.stm32cube.ide.mcu.externaltools.gnu-tools-for-stm32.9-2020-q2-update.win32_1.5.0.202011040924/tools/bin/../lib/gcc/arm-none-eabi/9.3.1/../../../../arm-none-eabi/lib/thumb/v7-m/nofp\libc_nano.a(lib_a-memset.o)
                0x0000000008008dd8                memset
 .text.printf   0x0000000008008de8       0x30 c:/st/stm32cubeide_1.6.0/stm32cubeide/plugins/com.st.stm32cube.ide.mcu.externaltools.gnu-tools-for-stm32.9-2020-q2-update.win32_1.5.0.202011040924/tools/bin/../lib/gcc/arm-none-eabi/9.3.1/../../../../arm-none-eabi/lib/thumb/v7-m/nofp\libc_nano.a(lib_a-printf.o)
                0x0000000008008de8                iprintf
                0x0000000008008de8                printf
 .text._puts_r  0x0000000008008e18       0xdc c:/st/stm32cubeide_1.6.0/stm32cubeide/plugins/com.st.stm32cube.ide.mcu.externaltools.gnu-tools-for-stm32.9-2020-q2-update.win32_1.5.0.202011040924/tools/bin/../lib/gcc/arm-none-eabi/9.3.1/../../../../arm-none-eabi/lib/thumb/v7-m/nofp\libc_nano.a(lib_a-puts.o)
                0x0000000008008e18                _puts_r
 .text.puts     0x0000000008008ef4       0x10 c:/st/stm32cubeide_1.6.0/stm32cubeide/plugins/com.st.stm32cube.ide.mcu.externaltools.gnu-tools-for-stm32.9-2020-q2-update.win32_1.5.0.202011040924/tools/bin/../lib/gcc/arm-none-eabi/9.3.1/../../../../arm-none-eabi/lib/thumb/v7-m/nofp\libc_nano.a(lib_a-puts.o)
                0x0000000008008ef4                puts
 .text.sprintf  0x0000000008008f04       0x40 c:/st/stm32cubeide_1.6.0/stm32cubeide/plugins/com.st.stm32cube.ide.mcu.externaltools.gnu-tools-for-stm32.9-2020-q2-update.win32_1.5.0.202011040924/tools/bin/../lib/gcc/arm-none-eabi/9.3.1/../../../../arm-none-eabi/lib/thumb/v7-m/nofp\libc_nano.a(lib_a-sprintf.o)
                0x0000000008008f04                siprintf
                0x0000000008008f04                sprintf
 .text.strtok   0x0000000008008f44       0x68 c:/st/stm32cubeide_1.6.0/stm32cubeide/plugins/com.st.stm32cube.ide.mcu.externaltools.gnu-tools-for-stm32.9-2020-q2-update.win32_1.5.0.202011040924/tools/bin/../lib/gcc/arm-none-eabi/9.3.1/../../../../arm-none-eabi/lib/thumb/v7-m/nofp\libc_nano.a(lib_a-strtok.o)
                0x0000000008008f44                strtok
 .text.__strtok_r
                0x0000000008008fac       0x50 c:/st/stm32cubeide_1.6.0/stm32cubeide/plugins/com.st.stm32cube.ide.mcu.externaltools.gnu-tools-for-stm32.9-2020-q2-update.win32_1.5.0.202011040924/tools/bin/../lib/gcc/arm-none-eabi/9.3.1/../../../../arm-none-eabi/lib/thumb/v7-m/nofp\libc_nano.a(lib_a-strtok_r.o)
                0x0000000008008fac                __strtok_r
 .text._strtol_l.isra.0
                0x0000000008008ffc      0x10c c:/st/stm32cubeide_1.6.0/stm32cubeide/plugins/com.st.stm32cube.ide.mcu.externaltools.gnu-tools-for-stm32.9-2020-q2-update.win32_1.5.0.202011040924/tools/bin/../lib/gcc/arm-none-eabi/9.3.1/../../../../arm-none-eabi/lib/thumb/v7-m/nofp\libc_nano.a(lib_a-strtol.o)
 .text.strtol   0x0000000008009108       0x14 c:/st/stm32cubeide_1.6.0/stm32cubeide/plugins/com.st.stm32cube.ide.mcu.externaltools.gnu-tools-for-stm32.9-2020-q2-update.win32_1.5.0.202011040924/tools/bin/../lib/gcc/arm-none-eabi/9.3.1/../../../../arm-none-eabi/lib/thumb/v7-m/nofp\libc_nano.a(lib_a-strtol.o)
                0x0000000008009108                strtol
 .text.__swbuf_r
                0x000000000800911c       0xa4 c:/st/stm32cubeide_1.6.0/stm32cubeide/plugins/com.st.stm32cube.ide.mcu.externaltools.gnu-tools-for-stm32.9-2020-q2-update.win32_1.5.0.202011040924/tools/bin/../lib/gcc/arm-none-eabi/9.3.1/../../../../arm-none-eabi/lib/thumb/v7-m/nofp\libc_nano.a(lib_a-wbuf.o)
                0x000000000800911c                __swbuf_r
 .text.__swsetup_r
                0x00000000080091c0       0xdc c:/st/stm32cubeide_1.6.0/stm32cubeide/plugins/com.st.stm32cube.ide.mcu.externaltools.gnu-tools-for-stm32.9-2020-q2-update.win32_1.5.0.202011040924/tools/bin/../lib/gcc/arm-none-eabi/9.3.1/../../../../arm-none-eabi/lib/thumb/v7-m/nofp\libc_nano.a(lib_a-wsetup.o)
                0x00000000080091c0                __swsetup_r
 .text.__assert_func
                0x000000000800929c       0x3c c:/st/stm32cubeide_1.6.0/stm32cubeide/plugins/com.st.stm32cube.ide.mcu.externaltools.gnu-tools-for-stm32.9-2020-q2-update.win32_1.5.0.202011040924/tools/bin/../lib/gcc/arm-none-eabi/9.3.1/../../../../arm-none-eabi/lib/thumb/v7-m/nofp\libc_nano.a(lib_a-assert.o)
                0x000000000800929c                __assert_func
 .text.__sflush_r
                0x00000000080092d8      0x10c c:/st/stm32cubeide_1.6.0/stm32cubeide/plugins/com.st.stm32cube.ide.mcu.externaltools.gnu-tools-for-stm32.9-2020-q2-update.win32_1.5.0.202011040924/tools/bin/../lib/gcc/arm-none-eabi/9.3.1/../../../../arm-none-eabi/lib/thumb/v7-m/nofp\libc_nano.a(lib_a-fflush.o)
                0x00000000080092d8                __sflush_r
 .text._fflush_r
                0x00000000080093e4       0x78 c:/st/stm32cubeide_1.6.0/stm32cubeide/plugins/com.st.stm32cube.ide.mcu.externaltools.gnu-tools-for-stm32.9-2020-q2-update.win32_1.5.0.202011040924/tools/bin/../lib/gcc/arm-none-eabi/9.3.1/../../../../arm-none-eabi/lib/thumb/v7-m/nofp\libc_nano.a(lib_a-fflush.o)
                0x00000000080093e4                _fflush_r
 .text.std      0x000000000800945c       0x48 c:/st/stm32cubeide_1.6.0/stm32cubeide/plugins/com.st.stm32cube.ide.mcu.externaltools.gnu-tools-for-stm32.9-2020-q2-update.win32_1.5.0.202011040924/tools/bin/../lib/gcc/arm-none-eabi/9.3.1/../../../../arm-none-eabi/lib/thumb/v7-m/nofp\libc_nano.a(lib_a-findfp.o)
 .text._cleanup_r
                0x00000000080094a4        0xc c:/st/stm32cubeide_1.6.0/stm32cubeide/plugins/com.st.stm32cube.ide.mcu.externaltools.gnu-tools-for-stm32.9-2020-q2-update.win32_1.5.0.202011040924/tools/bin/../lib/gcc/arm-none-eabi/9.3.1/../../../../arm-none-eabi/lib/thumb/v7-m/nofp\libc_nano.a(lib_a-findfp.o)
                0x00000000080094a4                _cleanup_r
 .text.__sfmoreglue
                0x00000000080094b0       0x2c c:/st/stm32cubeide_1.6.0/stm32cubeide/plugins/com.st.stm32cube.ide.mcu.externaltools.gnu-tools-for-stm32.9-2020-q2-update.win32_1.5.0.202011040924/tools/bin/../lib/gcc/arm-none-eabi/9.3.1/../../../../arm-none-eabi/lib/thumb/v7-m/nofp\libc_nano.a(lib_a-findfp.o)
                0x00000000080094b0                __sfmoreglue
 .text.__sfp_lock_acquire
                0x00000000080094dc        0xc c:/st/stm32cubeide_1.6.0/stm32cubeide/plugins/com.st.stm32cube.ide.mcu.externaltools.gnu-tools-for-stm32.9-2020-q2-update.win32_1.5.0.202011040924/tools/bin/../lib/gcc/arm-none-eabi/9.3.1/../../../../arm-none-eabi/lib/thumb/v7-m/nofp\libc_nano.a(lib_a-findfp.o)
                0x00000000080094dc                __sfp_lock_acquire
 .text.__sfp_lock_release
                0x00000000080094e8        0xc c:/st/stm32cubeide_1.6.0/stm32cubeide/plugins/com.st.stm32cube.ide.mcu.externaltools.gnu-tools-for-stm32.9-2020-q2-update.win32_1.5.0.202011040924/tools/bin/../lib/gcc/arm-none-eabi/9.3.1/../../../../arm-none-eabi/lib/thumb/v7-m/nofp\libc_nano.a(lib_a-findfp.o)
                0x00000000080094e8                __sfp_lock_release
 .text.__sinit_lock_acquire
                0x00000000080094f4        0xc c:/st/stm32cubeide_1.6.0/stm32cubeide/plugins/com.st.stm32cube.ide.mcu.externaltools.gnu-tools-for-stm32.9-2020-q2-update.win32_1.5.0.202011040924/tools/bin/../lib/gcc/arm-none-eabi/9.3.1/../../../../arm-none-eabi/lib/thumb/v7-m/nofp\libc_nano.a(lib_a-findfp.o)
                0x00000000080094f4                __sinit_lock_acquire
 .text.__sinit_lock_release
                0x0000000008009500        0xc c:/st/stm32cubeide_1.6.0/stm32cubeide/plugins/com.st.stm32cube.ide.mcu.externaltools.gnu-tools-for-stm32.9-2020-q2-update.win32_1.5.0.202011040924/tools/bin/../lib/gcc/arm-none-eabi/9.3.1/../../../../arm-none-eabi/lib/thumb/v7-m/nofp\libc_nano.a(lib_a-findfp.o)
                0x0000000008009500                __sinit_lock_release
 .text.__sinit  0x000000000800950c       0x70 c:/st/stm32cubeide_1.6.0/stm32cubeide/plugins/com.st.stm32cube.ide.mcu.externaltools.gnu-tools-for-stm32.9-2020-q2-update.win32_1.5.0.202011040924/tools/bin/../lib/gcc/arm-none-eabi/9.3.1/../../../../arm-none-eabi/lib/thumb/v7-m/nofp\libc_nano.a(lib_a-findfp.o)
                0x000000000800950c                __sinit
 .text.__sfp    0x000000000800957c       0x8c c:/st/stm32cubeide_1.6.0/stm32cubeide/plugins/com.st.stm32cube.ide.mcu.externaltools.gnu-tools-for-stm32.9-2020-q2-update.win32_1.5.0.202011040924/tools/bin/../lib/gcc/arm-none-eabi/9.3.1/../../../../arm-none-eabi/lib/thumb/v7-m/nofp\libc_nano.a(lib_a-findfp.o)
                0x000000000800957c                __sfp
 .text.fprintf  0x0000000008009608       0x24 c:/st/stm32cubeide_1.6.0/stm32cubeide/plugins/com.st.stm32cube.ide.mcu.externaltools.gnu-tools-for-stm32.9-2020-q2-update.win32_1.5.0.202011040924/tools/bin/../lib/gcc/arm-none-eabi/9.3.1/../../../../arm-none-eabi/lib/thumb/v7-m/nofp\libc_nano.a(lib_a-fprintf.o)
                0x0000000008009608                fiprintf
                0x0000000008009608                fprintf
 .text._fwalk_reent
                0x000000000800962c       0x3e c:/st/stm32cubeide_1.6.0/stm32cubeide/plugins/com.st.stm32cube.ide.mcu.externaltools.gnu-tools-for-stm32.9-2020-q2-update.win32_1.5.0.202011040924/tools/bin/../lib/gcc/arm-none-eabi/9.3.1/../../../../arm-none-eabi/lib/thumb/v7-m/nofp\libc_nano.a(lib_a-fwalk.o)
                0x000000000800962c                _fwalk_reent
 .text.__retarget_lock_init_recursive
                0x000000000800966a        0x2 c:/st/stm32cubeide_1.6.0/stm32cubeide/plugins/com.st.stm32cube.ide.mcu.externaltools.gnu-tools-for-stm32.9-2020-q2-update.win32_1.5.0.202011040924/tools/bin/../lib/gcc/arm-none-eabi/9.3.1/../../../../arm-none-eabi/lib/thumb/v7-m/nofp\libc_nano.a(lib_a-lock.o)
                0x000000000800966a                __retarget_lock_init_recursive
 .text.__retarget_lock_acquire_recursive
                0x000000000800966c        0x2 c:/st/stm32cubeide_1.6.0/stm32cubeide/plugins/com.st.stm32cube.ide.mcu.externaltools.gnu-tools-for-stm32.9-2020-q2-update.win32_1.5.0.202011040924/tools/bin/../lib/gcc/arm-none-eabi/9.3.1/../../../../arm-none-eabi/lib/thumb/v7-m/nofp\libc_nano.a(lib_a-lock.o)
                0x000000000800966c                __retarget_lock_acquire_recursive
 .text.__retarget_lock_release_recursive
                0x000000000800966e        0x2 c:/st/stm32cubeide_1.6.0/stm32cubeide/plugins/com.st.stm32cube.ide.mcu.externaltools.gnu-tools-for-stm32.9-2020-q2-update.win32_1.5.0.202011040924/tools/bin/../lib/gcc/arm-none-eabi/9.3.1/../../../../arm-none-eabi/lib/thumb/v7-m/nofp\libc_nano.a(lib_a-lock.o)
                0x000000000800966e                __retarget_lock_release_recursive
 .text.__swhatbuf_r
                0x0000000008009670       0x48 c:/st/stm32cubeide_1.6.0/stm32cubeide/plugins/com.st.stm32cube.ide.mcu.externaltools.gnu-tools-for-stm32.9-2020-q2-update.win32_1.5.0.202011040924/tools/bin/../lib/gcc/arm-none-eabi/9.3.1/../../../../arm-none-eabi/lib/thumb/v7-m/nofp\libc_nano.a(lib_a-makebuf.o)
                0x0000000008009670                __swhatbuf_r
 .text.__smakebuf_r
                0x00000000080096b8       0x80 c:/st/stm32cubeide_1.6.0/stm32cubeide/plugins/com.st.stm32cube.ide.mcu.externaltools.gnu-tools-for-stm32.9-2020-q2-update.win32_1.5.0.202011040924/tools/bin/../lib/gcc/arm-none-eabi/9.3.1/../../../../arm-none-eabi/lib/thumb/v7-m/nofp\libc_nano.a(lib_a-makebuf.o)
                0x00000000080096b8                __smakebuf_r
 .text.malloc   0x0000000008009738       0x10 c:/st/stm32cubeide_1.6.0/stm32cubeide/plugins/com.st.stm32cube.ide.mcu.externaltools.gnu-tools-for-stm32.9-2020-q2-update.win32_1.5.0.202011040924/tools/bin/../lib/gcc/arm-none-eabi/9.3.1/../../../../arm-none-eabi/lib/thumb/v7-m/nofp\libc_nano.a(lib_a-malloc.o)
                0x0000000008009738                malloc
 .text._free_r  0x0000000008009748       0x98 c:/st/stm32cubeide_1.6.0/stm32cubeide/plugins/com.st.stm32cube.ide.mcu.externaltools.gnu-tools-for-stm32.9-2020-q2-update.win32_1.5.0.202011040924/tools/bin/../lib/gcc/arm-none-eabi/9.3.1/../../../../arm-none-eabi/lib/thumb/v7-m/nofp\libc_nano.a(lib_a-nano-freer.o)
                0x0000000008009748                _free_r
 .text._malloc_r
                0x00000000080097e0       0xb4 c:/st/stm32cubeide_1.6.0/stm32cubeide/plugins/com.st.stm32cube.ide.mcu.externaltools.gnu-tools-for-stm32.9-2020-q2-update.win32_1.5.0.202011040924/tools/bin/../lib/gcc/arm-none-eabi/9.3.1/../../../../arm-none-eabi/lib/thumb/v7-m/nofp\libc_nano.a(lib_a-nano-mallocr.o)
                0x00000000080097e0                _malloc_r
 .text.__ssputs_r
                0x0000000008009894       0xb6 c:/st/stm32cubeide_1.6.0/stm32cubeide/plugins/com.st.stm32cube.ide.mcu.externaltools.gnu-tools-for-stm32.9-2020-q2-update.win32_1.5.0.202011040924/tools/bin/../lib/gcc/arm-none-eabi/9.3.1/../../../../arm-none-eabi/lib/thumb/v7-m/nofp\libc_nano.a(lib_a-nano-svfprintf.o)
                0x0000000008009894                __ssputs_r
 *fill*         0x000000000800994a        0x2 
 .text._svfprintf_r
                0x000000000800994c      0x200 c:/st/stm32cubeide_1.6.0/stm32cubeide/plugins/com.st.stm32cube.ide.mcu.externaltools.gnu-tools-for-stm32.9-2020-q2-update.win32_1.5.0.202011040924/tools/bin/../lib/gcc/arm-none-eabi/9.3.1/../../../../arm-none-eabi/lib/thumb/v7-m/nofp\libc_nano.a(lib_a-nano-svfprintf.o)
                0x000000000800994c                _svfiprintf_r
                0x000000000800994c                _svfprintf_r
 .text.__sfputc_r
                0x0000000008009b4c       0x2a c:/st/stm32cubeide_1.6.0/stm32cubeide/plugins/com.st.stm32cube.ide.mcu.externaltools.gnu-tools-for-stm32.9-2020-q2-update.win32_1.5.0.202011040924/tools/bin/../lib/gcc/arm-none-eabi/9.3.1/../../../../arm-none-eabi/lib/thumb/v7-m/nofp\libc_nano.a(lib_a-nano-vfprintf.o)
 .text.__sfputs_r
                0x0000000008009b76       0x24 c:/st/stm32cubeide_1.6.0/stm32cubeide/plugins/com.st.stm32cube.ide.mcu.externaltools.gnu-tools-for-stm32.9-2020-q2-update.win32_1.5.0.202011040924/tools/bin/../lib/gcc/arm-none-eabi/9.3.1/../../../../arm-none-eabi/lib/thumb/v7-m/nofp\libc_nano.a(lib_a-nano-vfprintf.o)
                0x0000000008009b76                __sfputs_r
 *fill*         0x0000000008009b9a        0x2 
 .text._vfprintf_r
                0x0000000008009b9c      0x260 c:/st/stm32cubeide_1.6.0/stm32cubeide/plugins/com.st.stm32cube.ide.mcu.externaltools.gnu-tools-for-stm32.9-2020-q2-update.win32_1.5.0.202011040924/tools/bin/../lib/gcc/arm-none-eabi/9.3.1/../../../../arm-none-eabi/lib/thumb/v7-m/nofp\libc_nano.a(lib_a-nano-vfprintf.o)
                0x0000000008009b9c                _vfprintf_r
                0x0000000008009b9c                _vfiprintf_r
 .text._printf_common
                0x0000000008009dfc       0xde c:/st/stm32cubeide_1.6.0/stm32cubeide/plugins/com.st.stm32cube.ide.mcu.externaltools.gnu-tools-for-stm32.9-2020-q2-update.win32_1.5.0.202011040924/tools/bin/../lib/gcc/arm-none-eabi/9.3.1/../../../../arm-none-eabi/lib/thumb/v7-m/nofp\libc_nano.a(lib_a-nano-vfprintf_i.o)
                0x0000000008009dfc                _printf_common
 *fill*         0x0000000008009eda        0x2 
 .text._printf_i
                0x0000000008009edc      0x24c c:/st/stm32cubeide_1.6.0/stm32cubeide/plugins/com.st.stm32cube.ide.mcu.externaltools.gnu-tools-for-stm32.9-2020-q2-update.win32_1.5.0.202011040924/tools/bin/../lib/gcc/arm-none-eabi/9.3.1/../../../../arm-none-eabi/lib/thumb/v7-m/nofp\libc_nano.a(lib_a-nano-vfprintf_i.o)
                0x0000000008009edc                _printf_i
 .text._sbrk_r  0x000000000800a128       0x20 c:/st/stm32cubeide_1.6.0/stm32cubeide/plugins/com.st.stm32cube.ide.mcu.externaltools.gnu-tools-for-stm32.9-2020-q2-update.win32_1.5.0.202011040924/tools/bin/../lib/gcc/arm-none-eabi/9.3.1/../../../../arm-none-eabi/lib/thumb/v7-m/nofp\libc_nano.a(lib_a-sbrkr.o)
                0x000000000800a128                _sbrk_r
 .text.__sread  0x000000000800a148       0x22 c:/st/stm32cubeide_1.6.0/stm32cubeide/plugins/com.st.stm32cube.ide.mcu.externaltools.gnu-tools-for-stm32.9-2020-q2-update.win32_1.5.0.202011040924/tools/bin/../lib/gcc/arm-none-eabi/9.3.1/../../../../arm-none-eabi/lib/thumb/v7-m/nofp\libc_nano.a(lib_a-stdio.o)
                0x000000000800a148                __sread
 .text.__swrite
                0x000000000800a16a       0x38 c:/st/stm32cubeide_1.6.0/stm32cubeide/plugins/com.st.stm32cube.ide.mcu.externaltools.gnu-tools-for-stm32.9-2020-q2-update.win32_1.5.0.202011040924/tools/bin/../lib/gcc/arm-none-eabi/9.3.1/../../../../arm-none-eabi/lib/thumb/v7-m/nofp\libc_nano.a(lib_a-stdio.o)
                0x000000000800a16a                __swrite
 .text.__sseek  0x000000000800a1a2       0x24 c:/st/stm32cubeide_1.6.0/stm32cubeide/plugins/com.st.stm32cube.ide.mcu.externaltools.gnu-tools-for-stm32.9-2020-q2-update.win32_1.5.0.202011040924/tools/bin/../lib/gcc/arm-none-eabi/9.3.1/../../../../arm-none-eabi/lib/thumb/v7-m/nofp\libc_nano.a(lib_a-stdio.o)
                0x000000000800a1a2                __sseek
 .text.__sclose
                0x000000000800a1c6        0x8 c:/st/stm32cubeide_1.6.0/stm32cubeide/plugins/com.st.stm32cube.ide.mcu.externaltools.gnu-tools-for-stm32.9-2020-q2-update.win32_1.5.0.202011040924/tools/bin/../lib/gcc/arm-none-eabi/9.3.1/../../../../arm-none-eabi/lib/thumb/v7-m/nofp\libc_nano.a(lib_a-stdio.o)
                0x000000000800a1c6                __sclose
 *fill*         0x000000000800a1ce        0x2 
 .text._write_r
                0x000000000800a1d0       0x24 c:/st/stm32cubeide_1.6.0/stm32cubeide/plugins/com.st.stm32cube.ide.mcu.externaltools.gnu-tools-for-stm32.9-2020-q2-update.win32_1.5.0.202011040924/tools/bin/../lib/gcc/arm-none-eabi/9.3.1/../../../../arm-none-eabi/lib/thumb/v7-m/nofp\libc_nano.a(lib_a-writer.o)
                0x000000000800a1d0                _write_r
 .text.abort    0x000000000800a1f4        0xe c:/st/stm32cubeide_1.6.0/stm32cubeide/plugins/com.st.stm32cube.ide.mcu.externaltools.gnu-tools-for-stm32.9-2020-q2-update.win32_1.5.0.202011040924/tools/bin/../lib/gcc/arm-none-eabi/9.3.1/../../../../arm-none-eabi/lib/thumb/v7-m/nofp\libc_nano.a(lib_a-abort.o)
                0x000000000800a1f4                abort
 *fill*         0x000000000800a202        0x2 
 .text._close_r
                0x000000000800a204       0x20 c:/st/stm32cubeide_1.6.0/stm32cubeide/plugins/com.st.stm32cube.ide.mcu.externaltools.gnu-tools-for-stm32.9-2020-q2-update.win32_1.5.0.202011040924/tools/bin/../lib/gcc/arm-none-eabi/9.3.1/../../../../arm-none-eabi/lib/thumb/v7-m/nofp\libc_nano.a(lib_a-closer.o)
                0x000000000800a204                _close_r
 .text._fstat_r
                0x000000000800a224       0x24 c:/st/stm32cubeide_1.6.0/stm32cubeide/plugins/com.st.stm32cube.ide.mcu.externaltools.gnu-tools-for-stm32.9-2020-q2-update.win32_1.5.0.202011040924/tools/bin/../lib/gcc/arm-none-eabi/9.3.1/../../../../arm-none-eabi/lib/thumb/v7-m/nofp\libc_nano.a(lib_a-fstatr.o)
                0x000000000800a224                _fstat_r
 .text._isatty_r
                0x000000000800a248       0x20 c:/st/stm32cubeide_1.6.0/stm32cubeide/plugins/com.st.stm32cube.ide.mcu.externaltools.gnu-tools-for-stm32.9-2020-q2-update.win32_1.5.0.202011040924/tools/bin/../lib/gcc/arm-none-eabi/9.3.1/../../../../arm-none-eabi/lib/thumb/v7-m/nofp\libc_nano.a(lib_a-isattyr.o)
                0x000000000800a248                _isatty_r
 .text._lseek_r
                0x000000000800a268       0x24 c:/st/stm32cubeide_1.6.0/stm32cubeide/plugins/com.st.stm32cube.ide.mcu.externaltools.gnu-tools-for-stm32.9-2020-q2-update.win32_1.5.0.202011040924/tools/bin/../lib/gcc/arm-none-eabi/9.3.1/../../../../arm-none-eabi/lib/thumb/v7-m/nofp\libc_nano.a(lib_a-lseekr.o)
                0x000000000800a268                _lseek_r
 .text.memchr   0x000000000800a28c       0x1c c:/st/stm32cubeide_1.6.0/stm32cubeide/plugins/com.st.stm32cube.ide.mcu.externaltools.gnu-tools-for-stm32.9-2020-q2-update.win32_1.5.0.202011040924/tools/bin/../lib/gcc/arm-none-eabi/9.3.1/../../../../arm-none-eabi/lib/thumb/v7-m/nofp\libc_nano.a(lib_a-memchr-stub.o)
                0x000000000800a28c                memchr
 .text.memcpy   0x000000000800a2a8       0x1c c:/st/stm32cubeide_1.6.0/stm32cubeide/plugins/com.st.stm32cube.ide.mcu.externaltools.gnu-tools-for-stm32.9-2020-q2-update.win32_1.5.0.202011040924/tools/bin/../lib/gcc/arm-none-eabi/9.3.1/../../../../arm-none-eabi/lib/thumb/v7-m/nofp\libc_nano.a(lib_a-memcpy-stub.o)
                0x000000000800a2a8                memcpy
 .text.memmove  0x000000000800a2c4       0x34 c:/st/stm32cubeide_1.6.0/stm32cubeide/plugins/com.st.stm32cube.ide.mcu.externaltools.gnu-tools-for-stm32.9-2020-q2-update.win32_1.5.0.202011040924/tools/bin/../lib/gcc/arm-none-eabi/9.3.1/../../../../arm-none-eabi/lib/thumb/v7-m/nofp\libc_nano.a(lib_a-memmove.o)
                0x000000000800a2c4                memmove
 .text.__malloc_lock
                0x000000000800a2f8        0xc c:/st/stm32cubeide_1.6.0/stm32cubeide/plugins/com.st.stm32cube.ide.mcu.externaltools.gnu-tools-for-stm32.9-2020-q2-update.win32_1.5.0.202011040924/tools/bin/../lib/gcc/arm-none-eabi/9.3.1/../../../../arm-none-eabi/lib/thumb/v7-m/nofp\libc_nano.a(lib_a-mlock.o)
                0x000000000800a2f8                __malloc_lock
 .text.__malloc_unlock
                0x000000000800a304        0xc c:/st/stm32cubeide_1.6.0/stm32cubeide/plugins/com.st.stm32cube.ide.mcu.externaltools.gnu-tools-for-stm32.9-2020-q2-update.win32_1.5.0.202011040924/tools/bin/../lib/gcc/arm-none-eabi/9.3.1/../../../../arm-none-eabi/lib/thumb/v7-m/nofp\libc_nano.a(lib_a-mlock.o)
                0x000000000800a304                __malloc_unlock
 .text._realloc_r
                0x000000000800a310       0x4c c:/st/stm32cubeide_1.6.0/stm32cubeide/plugins/com.st.stm32cube.ide.mcu.externaltools.gnu-tools-for-stm32.9-2020-q2-update.win32_1.5.0.202011040924/tools/bin/../lib/gcc/arm-none-eabi/9.3.1/../../../../arm-none-eabi/lib/thumb/v7-m/nofp\libc_nano.a(lib_a-nano-reallocr.o)
                0x000000000800a310                _realloc_r
 .text._read_r  0x000000000800a35c       0x24 c:/st/stm32cubeide_1.6.0/stm32cubeide/plugins/com.st.stm32cube.ide.mcu.externaltools.gnu-tools-for-stm32.9-2020-q2-update.win32_1.5.0.202011040924/tools/bin/../lib/gcc/arm-none-eabi/9.3.1/../../../../arm-none-eabi/lib/thumb/v7-m/nofp\libc_nano.a(lib_a-readr.o)
                0x000000000800a35c                _read_r
 .text._raise_r
                0x000000000800a380       0x50 c:/st/stm32cubeide_1.6.0/stm32cubeide/plugins/com.st.stm32cube.ide.mcu.externaltools.gnu-tools-for-stm32.9-2020-q2-update.win32_1.5.0.202011040924/tools/bin/../lib/gcc/arm-none-eabi/9.3.1/../../../../arm-none-eabi/lib/thumb/v7-m/nofp\libc_nano.a(lib_a-signal.o)
                0x000000000800a380                _raise_r
 .text.raise    0x000000000800a3d0       0x10 c:/st/stm32cubeide_1.6.0/stm32cubeide/plugins/com.st.stm32cube.ide.mcu.externaltools.gnu-tools-for-stm32.9-2020-q2-update.win32_1.5.0.202011040924/tools/bin/../lib/gcc/arm-none-eabi/9.3.1/../../../../arm-none-eabi/lib/thumb/v7-m/nofp\libc_nano.a(lib_a-signal.o)
                0x000000000800a3d0                raise
 .text._kill_r  0x000000000800a3e0       0x24 c:/st/stm32cubeide_1.6.0/stm32cubeide/plugins/com.st.stm32cube.ide.mcu.externaltools.gnu-tools-for-stm32.9-2020-q2-update.win32_1.5.0.202011040924/tools/bin/../lib/gcc/arm-none-eabi/9.3.1/../../../../arm-none-eabi/lib/thumb/v7-m/nofp\libc_nano.a(lib_a-signalr.o)
                0x000000000800a3e0                _kill_r
 .text._getpid_r
                0x000000000800a404        0x4 c:/st/stm32cubeide_1.6.0/stm32cubeide/plugins/com.st.stm32cube.ide.mcu.externaltools.gnu-tools-for-stm32.9-2020-q2-update.win32_1.5.0.202011040924/tools/bin/../lib/gcc/arm-none-eabi/9.3.1/../../../../arm-none-eabi/lib/thumb/v7-m/nofp\libc_nano.a(lib_a-signalr.o)
                0x000000000800a404                _getpid_r
 .text._malloc_usable_size_r
                0x000000000800a408       0x10 c:/st/stm32cubeide_1.6.0/stm32cubeide/plugins/com.st.stm32cube.ide.mcu.externaltools.gnu-tools-for-stm32.9-2020-q2-update.win32_1.5.0.202011040924/tools/bin/../lib/gcc/arm-none-eabi/9.3.1/../../../../arm-none-eabi/lib/thumb/v7-m/nofp\libc_nano.a(lib_a-nano-msizer.o)
                0x000000000800a408                _malloc_usable_size_r
 *(.glue_7)
 .glue_7        0x000000000800a418        0x0 linker stubs
 *(.glue_7t)
 .glue_7t       0x000000000800a418        0x0 linker stubs
 *(.eh_frame)
 .eh_frame      0x000000000800a418        0x0 c:/st/stm32cubeide_1.6.0/stm32cubeide/plugins/com.st.stm32cube.ide.mcu.externaltools.gnu-tools-for-stm32.9-2020-q2-update.win32_1.5.0.202011040924/tools/bin/../lib/gcc/arm-none-eabi/9.3.1/thumb/v7-m/nofp/crtbegin.o
 *(.init)
 .init          0x000000000800a418        0x4 c:/st/stm32cubeide_1.6.0/stm32cubeide/plugins/com.st.stm32cube.ide.mcu.externaltools.gnu-tools-for-stm32.9-2020-q2-update.win32_1.5.0.202011040924/tools/bin/../lib/gcc/arm-none-eabi/9.3.1/thumb/v7-m/nofp/crti.o
                0x000000000800a418                _init
 .init          0x000000000800a41c        0x8 c:/st/stm32cubeide_1.6.0/stm32cubeide/plugins/com.st.stm32cube.ide.mcu.externaltools.gnu-tools-for-stm32.9-2020-q2-update.win32_1.5.0.202011040924/tools/bin/../lib/gcc/arm-none-eabi/9.3.1/thumb/v7-m/nofp/crtn.o
 *(.fini)
 .fini          0x000000000800a424        0x4 c:/st/stm32cubeide_1.6.0/stm32cubeide/plugins/com.st.stm32cube.ide.mcu.externaltools.gnu-tools-for-stm32.9-2020-q2-update.win32_1.5.0.202011040924/tools/bin/../lib/gcc/arm-none-eabi/9.3.1/thumb/v7-m/nofp/crti.o
                0x000000000800a424                _fini
 .fini          0x000000000800a428        0x8 c:/st/stm32cubeide_1.6.0/stm32cubeide/plugins/com.st.stm32cube.ide.mcu.externaltools.gnu-tools-for-stm32.9-2020-q2-update.win32_1.5.0.202011040924/tools/bin/../lib/gcc/arm-none-eabi/9.3.1/thumb/v7-m/nofp/crtn.o
                0x000000000800a430                . = ALIGN (0x4)
                0x000000000800a430                _etext = .

.vfp11_veneer   0x000000000800a430        0x0
 .vfp11_veneer  0x000000000800a430        0x0 linker stubs

.v4_bx          0x000000000800a430        0x0
 .v4_bx         0x000000000800a430        0x0 linker stubs

.iplt           0x000000000800a430        0x0
 .iplt          0x000000000800a430        0x0 c:/st/stm32cubeide_1.6.0/stm32cubeide/plugins/com.st.stm32cube.ide.mcu.externaltools.gnu-tools-for-stm32.9-2020-q2-update.win32_1.5.0.202011040924/tools/bin/../lib/gcc/arm-none-eabi/9.3.1/thumb/v7-m/nofp/crtbegin.o

.rodata         0x000000000800a430      0x478
                0x000000000800a430                . = ALIGN (0x4)
 *(.rodata)
 .rodata        0x000000000800a430      0x1b5 Core/Src/main.o
 *fill*         0x000000000800a5e5        0x3 
 .rodata        0x000000000800a5e8       0x10 Drivers/STM32F1xx_HAL_Driver/Src/stm32f1xx_hal_rcc.o
 .rodata        0x000000000800a5f8       0x46 USB_DEVICE/App/usbd_desc.o
 *(.rodata*)
 *fill*         0x000000000800a63e        0x2 
 .rodata.AHBPrescTable
                0x000000000800a640       0x10 Core/Src/system_stm32f1xx.o
                0x000000000800a640                AHBPrescTable
 .rodata.APBPrescTable
                0x000000000800a650        0x8 Core/Src/system_stm32f1xx.o
                0x000000000800a650                APBPrescTable
 .rodata._global_impure_ptr
                0x000000000800a658        0x4 c:/st/stm32cubeide_1.6.0/stm32cubeide/plugins/com.st.stm32cube.ide.mcu.externaltools.gnu-tools-for-stm32.9-2020-q2-update.win32_1.5.0.202011040924/tools/bin/../lib/gcc/arm-none-eabi/9.3.1/../../../../arm-none-eabi/lib/thumb/v7-m/nofp\libc_nano.a(lib_a-impure.o)
                0x000000000800a658                _global_impure_ptr
 .rodata.strtok.str1.1
                0x000000000800a65c       0x78 c:/st/stm32cubeide_1.6.0/stm32cubeide/plugins/com.st.stm32cube.ide.mcu.externaltools.gnu-tools-for-stm32.9-2020-q2-update.win32_1.5.0.202011040924/tools/bin/../lib/gcc/arm-none-eabi/9.3.1/../../../../arm-none-eabi/lib/thumb/v7-m/nofp\libc_nano.a(lib_a-strtok.o)
 .rodata.__assert_func.str1.1
                0x000000000800a6d4       0x3c c:/st/stm32cubeide_1.6.0/stm32cubeide/plugins/com.st.stm32cube.ide.mcu.externaltools.gnu-tools-for-stm32.9-2020-q2-update.win32_1.5.0.202011040924/tools/bin/../lib/gcc/arm-none-eabi/9.3.1/../../../../arm-none-eabi/lib/thumb/v7-m/nofp\libc_nano.a(lib_a-assert.o)
                                         0x3d (size before relaxing)
 .rodata._ctype_
                0x000000000800a710      0x101 c:/st/stm32cubeide_1.6.0/stm32cubeide/plugins/com.st.stm32cube.ide.mcu.externaltools.gnu-tools-for-stm32.9-2020-q2-update.win32_1.5.0.202011040924/tools/bin/../lib/gcc/arm-none-eabi/9.3.1/../../../../arm-none-eabi/lib/thumb/v7-m/nofp\libc_nano.a(lib_a-ctype_.o)
                0x000000000800a710                _ctype_
 *fill*         0x000000000800a811        0x3 
 .rodata.__sf_fake_stderr
                0x000000000800a814       0x20 c:/st/stm32cubeide_1.6.0/stm32cubeide/plugins/com.st.stm32cube.ide.mcu.externaltools.gnu-tools-for-stm32.9-2020-q2-update.win32_1.5.0.202011040924/tools/bin/../lib/gcc/arm-none-eabi/9.3.1/../../../../arm-none-eabi/lib/thumb/v7-m/nofp\libc_nano.a(lib_a-findfp.o)
                0x000000000800a814                __sf_fake_stderr
 .rodata.__sf_fake_stdin
                0x000000000800a834       0x20 c:/st/stm32cubeide_1.6.0/stm32cubeide/plugins/com.st.stm32cube.ide.mcu.externaltools.gnu-tools-for-stm32.9-2020-q2-update.win32_1.5.0.202011040924/tools/bin/../lib/gcc/arm-none-eabi/9.3.1/../../../../arm-none-eabi/lib/thumb/v7-m/nofp\libc_nano.a(lib_a-findfp.o)
                0x000000000800a834                __sf_fake_stdin
 .rodata.__sf_fake_stdout
                0x000000000800a854       0x20 c:/st/stm32cubeide_1.6.0/stm32cubeide/plugins/com.st.stm32cube.ide.mcu.externaltools.gnu-tools-for-stm32.9-2020-q2-update.win32_1.5.0.202011040924/tools/bin/../lib/gcc/arm-none-eabi/9.3.1/../../../../arm-none-eabi/lib/thumb/v7-m/nofp\libc_nano.a(lib_a-findfp.o)
                0x000000000800a854                __sf_fake_stdout
 .rodata._svfprintf_r.str1.1
                0x000000000800a874       0x11 c:/st/stm32cubeide_1.6.0/stm32cubeide/plugins/com.st.stm32cube.ide.mcu.externaltools.gnu-tools-for-stm32.9-2020-q2-update.win32_1.5.0.202011040924/tools/bin/../lib/gcc/arm-none-eabi/9.3.1/../../../../arm-none-eabi/lib/thumb/v7-m/nofp\libc_nano.a(lib_a-nano-svfprintf.o)
 .rodata._vfprintf_r.str1.1
                0x000000000800a885       0x11 c:/st/stm32cubeide_1.6.0/stm32cubeide/plugins/com.st.stm32cube.ide.mcu.externaltools.gnu-tools-for-stm32.9-2020-q2-update.win32_1.5.0.202011040924/tools/bin/../lib/gcc/arm-none-eabi/9.3.1/../../../../arm-none-eabi/lib/thumb/v7-m/nofp\libc_nano.a(lib_a-nano-vfprintf.o)
 .rodata._printf_i.str1.1
                0x000000000800a885       0x22 c:/st/stm32cubeide_1.6.0/stm32cubeide/plugins/com.st.stm32cube.ide.mcu.externaltools.gnu-tools-for-stm32.9-2020-q2-update.win32_1.5.0.202011040924/tools/bin/../lib/gcc/arm-none-eabi/9.3.1/../../../../arm-none-eabi/lib/thumb/v7-m/nofp\libc_nano.a(lib_a-nano-vfprintf_i.o)
                0x000000000800a8a8                . = ALIGN (0x4)
 *fill*         0x000000000800a8a7        0x1 

.rel.dyn        0x000000000800a8a8        0x0
 .rel.iplt      0x000000000800a8a8        0x0 c:/st/stm32cubeide_1.6.0/stm32cubeide/plugins/com.st.stm32cube.ide.mcu.externaltools.gnu-tools-for-stm32.9-2020-q2-update.win32_1.5.0.202011040924/tools/bin/../lib/gcc/arm-none-eabi/9.3.1/thumb/v7-m/nofp/crtbegin.o

.ARM.extab      0x000000000800a8a8        0x0
                0x000000000800a8a8                . = ALIGN (0x4)
 *(.ARM.extab* .gnu.linkonce.armextab.*)
                0x000000000800a8a8                . = ALIGN (0x4)

.ARM            0x000000000800a8a8        0x0
                0x000000000800a8a8                . = ALIGN (0x4)
                0x000000000800a8a8                __exidx_start = .
 *(.ARM.exidx*)
                0x000000000800a8a8                __exidx_end = .
                0x000000000800a8a8                . = ALIGN (0x4)

.preinit_array  0x000000000800a8a8        0x0
                0x000000000800a8a8                . = ALIGN (0x4)
                0x000000000800a8a8                PROVIDE (__preinit_array_start = .)
 *(.preinit_array*)
                0x000000000800a8a8                PROVIDE (__preinit_array_end = .)
                0x000000000800a8a8                . = ALIGN (0x4)

.init_array     0x000000000800a8a8        0x4
                0x000000000800a8a8                . = ALIGN (0x4)
                0x000000000800a8a8                PROVIDE (__init_array_start = .)
 *(SORT_BY_NAME(.init_array.*))
 *(.init_array*)
 .init_array    0x000000000800a8a8        0x4 c:/st/stm32cubeide_1.6.0/stm32cubeide/plugins/com.st.stm32cube.ide.mcu.externaltools.gnu-tools-for-stm32.9-2020-q2-update.win32_1.5.0.202011040924/tools/bin/../lib/gcc/arm-none-eabi/9.3.1/thumb/v7-m/nofp/crtbegin.o
                0x000000000800a8ac                PROVIDE (__init_array_end = .)
                0x000000000800a8ac                . = ALIGN (0x4)

.fini_array     0x000000000800a8ac        0x4
                0x000000000800a8ac                . = ALIGN (0x4)
                [!provide]                        PROVIDE (__fini_array_start = .)
 *(SORT_BY_NAME(.fini_array.*))
 *(.fini_array*)
 .fini_array    0x000000000800a8ac        0x4 c:/st/stm32cubeide_1.6.0/stm32cubeide/plugins/com.st.stm32cube.ide.mcu.externaltools.gnu-tools-for-stm32.9-2020-q2-update.win32_1.5.0.202011040924/tools/bin/../lib/gcc/arm-none-eabi/9.3.1/thumb/v7-m/nofp/crtbegin.o
                [!provide]                        PROVIDE (__fini_array_end = .)
                0x000000000800a8b0                . = ALIGN (0x4)
                0x000000000800a8b0                _sidata = LOADADDR (.data)

.data           0x0000000020000000      0x1fc load address 0x000000000800a8b0
                0x0000000020000000                . = ALIGN (0x4)
                0x0000000020000000                _sdata = .
 *(.data)
 *(.data*)
 .data.Bstate   0x0000000020000000       0x19 Core/Src/main.o
                0x0000000020000000                Bstate
 *fill*         0x0000000020000019        0x3 
 .data.SystemCoreClock
                0x000000002000001c        0x4 Core/Src/system_stm32f1xx.o
                0x000000002000001c                SystemCoreClock
 .data.uwTickPrio
                0x0000000020000020        0x4 Drivers/STM32F1xx_HAL_Driver/Src/stm32f1xx_hal.o
                0x0000000020000020                uwTickPrio
 .data.uwTickFreq
                0x0000000020000024        0x1 Drivers/STM32F1xx_HAL_Driver/Src/stm32f1xx_hal.o
                0x0000000020000024                uwTickFreq
 *fill*         0x0000000020000025        0x3 
 .data.USBD_CDC_DeviceQualifierDesc
                0x0000000020000028        0xa Middlewares/ST/STM32_USB_Device_Library/Class/CDC/Src/usbd_cdc.o
 *fill*         0x0000000020000032        0x2 
 .data.USBD_CDC
                0x0000000020000034       0x38 Middlewares/ST/STM32_USB_Device_Library/Class/CDC/Src/usbd_cdc.o
                0x0000000020000034                USBD_CDC
 .data.USBD_CDC_CfgHSDesc
                0x000000002000006c       0x43 Middlewares/ST/STM32_USB_Device_Library/Class/CDC/Src/usbd_cdc.o
                0x000000002000006c                USBD_CDC_CfgHSDesc
 *fill*         0x00000000200000af        0x1 
 .data.USBD_CDC_CfgFSDesc
                0x00000000200000b0       0x43 Middlewares/ST/STM32_USB_Device_Library/Class/CDC/Src/usbd_cdc.o
                0x00000000200000b0                USBD_CDC_CfgFSDesc
 *fill*         0x00000000200000f3        0x1 
 .data.USBD_CDC_OtherSpeedCfgDesc
                0x00000000200000f4       0x43 Middlewares/ST/STM32_USB_Device_Library/Class/CDC/Src/usbd_cdc.o
                0x00000000200000f4                USBD_CDC_OtherSpeedCfgDesc
 *fill*         0x0000000020000137        0x1 
 .data.USBD_Interface_fops_FS
                0x0000000020000138       0x10 USB_DEVICE/App/usbd_cdc_if.o
                0x0000000020000138                USBD_Interface_fops_FS
 .data.FS_Desc  0x0000000020000148       0x1c USB_DEVICE/App/usbd_desc.o
                0x0000000020000148                FS_Desc
 .data.USBD_FS_DeviceDesc
                0x0000000020000164       0x12 USB_DEVICE/App/usbd_desc.o
                0x0000000020000164                USBD_FS_DeviceDesc
 *fill*         0x0000000020000176        0x2 
 .data.USBD_LangIDDesc
                0x0000000020000178        0x4 USB_DEVICE/App/usbd_desc.o
                0x0000000020000178                USBD_LangIDDesc
 .data.USBD_StringSerial
                0x000000002000017c       0x1a USB_DEVICE/App/usbd_desc.o
                0x000000002000017c                USBD_StringSerial
 *fill*         0x0000000020000196        0x2 
 .data._impure_ptr
                0x0000000020000198        0x4 c:/st/stm32cubeide_1.6.0/stm32cubeide/plugins/com.st.stm32cube.ide.mcu.externaltools.gnu-tools-for-stm32.9-2020-q2-update.win32_1.5.0.202011040924/tools/bin/../lib/gcc/arm-none-eabi/9.3.1/../../../../arm-none-eabi/lib/thumb/v7-m/nofp\libc_nano.a(lib_a-impure.o)
                0x0000000020000198                _impure_ptr
 .data.impure_data
                0x000000002000019c       0x60 c:/st/stm32cubeide_1.6.0/stm32cubeide/plugins/com.st.stm32cube.ide.mcu.externaltools.gnu-tools-for-stm32.9-2020-q2-update.win32_1.5.0.202011040924/tools/bin/../lib/gcc/arm-none-eabi/9.3.1/../../../../arm-none-eabi/lib/thumb/v7-m/nofp\libc_nano.a(lib_a-impure.o)
 *(.RamFunc)
 *(.RamFunc*)
                0x00000000200001fc                . = ALIGN (0x4)
                0x00000000200001fc                _edata = .

.igot.plt       0x00000000200001fc        0x0 load address 0x000000000800aaac
 .igot.plt      0x00000000200001fc        0x0 c:/st/stm32cubeide_1.6.0/stm32cubeide/plugins/com.st.stm32cube.ide.mcu.externaltools.gnu-tools-for-stm32.9-2020-q2-update.win32_1.5.0.202011040924/tools/bin/../lib/gcc/arm-none-eabi/9.3.1/thumb/v7-m/nofp/crtbegin.o
                0x00000000200001fc                . = ALIGN (0x4)

.bss            0x00000000200001fc     0x13e4 load address 0x000000000800aaac
                0x00000000200001fc                _sbss = .
                0x00000000200001fc                __bss_start__ = _sbss
 *(.bss)
 .bss           0x00000000200001fc       0x1c c:/st/stm32cubeide_1.6.0/stm32cubeide/plugins/com.st.stm32cube.ide.mcu.externaltools.gnu-tools-for-stm32.9-2020-q2-update.win32_1.5.0.202011040924/tools/bin/../lib/gcc/arm-none-eabi/9.3.1/thumb/v7-m/nofp/crtbegin.o
 *(.bss*)
 .bss.buf_index
                0x0000000020000218        0x1 Core/Src/main.o
                0x0000000020000218                buf_index
 .bss.Rxcplt_flag
                0x0000000020000219        0x1 Core/Src/main.o
                0x0000000020000219                Rxcplt_flag
 .bss.CDC_flag  0x000000002000021a        0x1 Core/Src/main.o
                0x000000002000021a                CDC_flag
 .bss.PAD_boot_flag
                0x000000002000021b        0x1 Core/Src/main.o
                0x000000002000021b                PAD_boot_flag
 .bss.CDCbuffer
                0x000000002000021c       0x64 Core/Src/main.o
                0x000000002000021c                CDCbuffer
 .bss.Rxbuffer  0x0000000020000280       0x64 Core/Src/main.o
                0x0000000020000280                Rxbuffer
 .bss.Txbuffer  0x00000000200002e4        0xc Core/Src/main.o
                0x00000000200002e4                Txbuffer
 .bss.time_second
                0x00000000200002f0        0x4 Core/Src/main.o
                0x00000000200002f0                time_second
 .bss.alive_call_fail
                0x00000000200002f4        0x4 Core/Src/main.o
                0x00000000200002f4                alive_call_fail
 .bss.close_check
                0x00000000200002f8        0x4 Core/Src/main.o
                0x00000000200002f8                close_check
 .bss.open_check
                0x00000000200002fc        0x4 Core/Src/main.o
                0x00000000200002fc                open_check
 .bss.door_check
                0x0000000020000300        0x4 Core/Src/main.o
                0x0000000020000300                door_check
 .bss.door_check_enable
                0x0000000020000304        0x4 Core/Src/main.o
                0x0000000020000304                door_check_enable
 .bss.__sbrk_heap_end
                0x0000000020000308        0x4 Core/Src/sysmem.o
 .bss.cfgidx.8358
                0x000000002000030c        0x1 Middlewares/ST/STM32_USB_Device_Library/Core/Src/usbd_ctlreq.o
 *fill*         0x000000002000030d        0x3 
 .bss.mem.8428  0x0000000020000310      0x220 USB_DEVICE/Target/usbd_conf.o
 .bss.__malloc_free_list
                0x0000000020000530        0x4 c:/st/stm32cubeide_1.6.0/stm32cubeide/plugins/com.st.stm32cube.ide.mcu.externaltools.gnu-tools-for-stm32.9-2020-q2-update.win32_1.5.0.202011040924/tools/bin/../lib/gcc/arm-none-eabi/9.3.1/../../../../arm-none-eabi/lib/thumb/v7-m/nofp\libc_nano.a(lib_a-nano-mallocr.o)
                0x0000000020000530                __malloc_free_list
 .bss.__malloc_sbrk_start
                0x0000000020000534        0x4 c:/st/stm32cubeide_1.6.0/stm32cubeide/plugins/com.st.stm32cube.ide.mcu.externaltools.gnu-tools-for-stm32.9-2020-q2-update.win32_1.5.0.202011040924/tools/bin/../lib/gcc/arm-none-eabi/9.3.1/../../../../arm-none-eabi/lib/thumb/v7-m/nofp\libc_nano.a(lib_a-nano-mallocr.o)
                0x0000000020000534                __malloc_sbrk_start
 *(COMMON)
 COMMON         0x0000000020000538      0x114 Core/Src/main.o
                0x0000000020000538                htim4
                0x0000000020000580                rx2_data
                0x0000000020000584                htim3
                0x00000000200005cc                huart1
                0x000000002000060c                huart2
 COMMON         0x000000002000064c        0x4 Drivers/STM32F1xx_HAL_Driver/Src/stm32f1xx_hal.o
                0x000000002000064c                uwTick
 COMMON         0x0000000020000650      0x2c4 USB_DEVICE/App/usb_device.o
                0x0000000020000650                hUsbDeviceFS
 COMMON         0x0000000020000914      0x7d0 USB_DEVICE/App/usbd_cdc_if.o
                0x0000000020000914                UserRxBufferFS
                0x0000000020000cfc                UserTxBufferFS
 COMMON         0x00000000200010e4      0x200 USB_DEVICE/App/usbd_desc.o
                0x00000000200010e4                USBD_StrDesc
 COMMON         0x00000000200012e4      0x2ec USB_DEVICE/Target/usbd_conf.o
                0x00000000200012e4                hpcd_USB_FS
 COMMON         0x00000000200015d0        0x9 c:/st/stm32cubeide_1.6.0/stm32cubeide/plugins/com.st.stm32cube.ide.mcu.externaltools.gnu-tools-for-stm32.9-2020-q2-update.win32_1.5.0.202011040924/tools/bin/../lib/gcc/arm-none-eabi/9.3.1/../../../../arm-none-eabi/lib/thumb/v7-m/nofp\libc_nano.a(lib_a-lock.o)
                0x00000000200015d0                __lock___atexit_recursive_mutex
                0x00000000200015d1                __lock___arc4random_mutex
                0x00000000200015d2                __lock___env_recursive_mutex
                0x00000000200015d3                __lock___sinit_recursive_mutex
                0x00000000200015d4                __lock___malloc_recursive_mutex
                0x00000000200015d5                __lock___at_quick_exit_mutex
                0x00000000200015d6                __lock___dd_hash_mutex
                0x00000000200015d7                __lock___tz_mutex
                0x00000000200015d8                __lock___sfp_recursive_mutex
 *fill*         0x00000000200015d9        0x3 
 COMMON         0x00000000200015dc        0x4 c:/st/stm32cubeide_1.6.0/stm32cubeide/plugins/com.st.stm32cube.ide.mcu.externaltools.gnu-tools-for-stm32.9-2020-q2-update.win32_1.5.0.202011040924/tools/bin/../lib/gcc/arm-none-eabi/9.3.1/../../../../arm-none-eabi/lib/thumb/v7-m/nofp\libc_nano.a(lib_a-reent.o)
                0x00000000200015dc                errno
                0x00000000200015e0                . = ALIGN (0x4)
                0x00000000200015e0                _ebss = .
                0x00000000200015e0                __bss_end__ = _ebss

._user_heap_stack
                0x00000000200015e0      0x600 load address 0x000000000800aaac
                0x00000000200015e0                . = ALIGN (0x8)
                [!provide]                        PROVIDE (end = .)
                0x00000000200015e0                PROVIDE (_end = .)
                0x00000000200017e0                . = (. + _Min_Heap_Size)
 *fill*         0x00000000200015e0      0x200 
                0x0000000020001be0                . = (. + _Min_Stack_Size)
 *fill*         0x00000000200017e0      0x400 
                0x0000000020001be0                . = ALIGN (0x8)

/DISCARD/
 libc.a(*)
 libm.a(*)
 libgcc.a(*)

.ARM.attributes
                0x0000000000000000       0x29
 *(.ARM.attributes)
 .ARM.attributes