Archive member included to satisfy reference by file (symbol)

c:/st/stm32cubeide_1.6.0/stm32cubeide/plugins/com.st.stm32cube.ide.mcu.externaltools.gnu-tools-for-stm32.9-2020-q2-update.win32_1.5.0.202011040924/tools/bin/../lib/gcc/arm-none-eabi/9.3.1/../../../../arm-none-eabi/lib/thumb/v7-m/nofp\libc_nano.a(lib_a-atoi.o)
                              Src/main.o (atoi)
c:/st/stm32cubeide_1.6.0/stm32cubeide/plugins/com.st.stm32cube.ide.mcu.externaltools.gnu-tools-for-stm32.9-2020-q2-update.win32_1.5.0.202011040924/tools/bin/../lib/gcc/arm-none-eabi/9.3.1/../../../../arm-none-eabi/lib/thumb/v7-m/nofp\libc_nano.a(lib_a-errno.o)
                              Src/syscalls.o (__errno)
c:/st/stm32cubeide_1.6.0/stm32cubeide/plugins/com.st.stm32cube.ide.mcu.externaltools.gnu-tools-for-stm32.9-2020-q2-update.win32_1.5.0.202011040924/tools/bin/../lib/gcc/arm-none-eabi/9.3.1/../../../../arm-none-eabi/lib/thumb/v7-m/nofp\libc_nano.a(lib_a-exit.o)
                              c:/st/stm32cubeide_1.6.0/stm32cubeide/plugins/com.st.stm32cube.ide.mcu.externaltools.gnu-tools-for-stm32.9-2020-q2-update.win32_1.5.0.202011040924/tools/bin/../lib/gcc/arm-none-eabi/9.3.1/../../../../arm-none-eabi/lib/thumb/v7-m/nofp/crt0.o (exit)
c:/st/stm32cubeide_1.6.0/stm32cubeide/plugins/com.st.stm32cube.ide.mcu.externaltools.gnu-tools-for-stm32.9-2020-q2-update.win32_1.5.0.202011040924/tools/bin/../lib/gcc/arm-none-eabi/9.3.1/../../../../arm-none-eabi/lib/thumb/v7-m/nofp\libc_nano.a(lib_a-impure.o)
                              c:/st/stm32cubeide_1.6.0/stm32cubeide/plugins/com.st.stm32cube.ide.mcu.externaltools.gnu-tools-for-stm32.9-2020-q2-update.win32_1.5.0.202011040924/tools/bin/../lib/gcc/arm-none-eabi/9.3.1/../../../../arm-none-eabi/lib/thumb/v7-m/nofp\libc_nano.a(lib_a-exit.o) (_global_impure_ptr)
c:/st/stm32cubeide_1.6.0/stm32cubeide/plugins/com.st.stm32cube.ide.mcu.externaltools.gnu-tools-for-stm32.9-2020-q2-update.win32_1.5.0.202011040924/tools/bin/../lib/gcc/arm-none-eabi/9.3.1/../../../../arm-none-eabi/lib/thumb/v7-m/nofp\libc_nano.a(lib_a-init.o)
                              c:/st/stm32cubeide_1.6.0/stm32cubeide/plugins/com.st.stm32cube.ide.mcu.externaltools.gnu-tools-for-stm32.9-2020-q2-update.win32_1.5.0.202011040924/tools/bin/../lib/gcc/arm-none-eabi/9.3.1/../../../../arm-none-eabi/lib/thumb/v7-m/nofp/crt0.o (__libc_init_array)
c:/st/stm32cubeide_1.6.0/stm32cubeide/plugins/com.st.stm32cube.ide.mcu.externaltools.gnu-tools-for-stm32.9-2020-q2-update.win32_1.5.0.202011040924/tools/bin/../lib/gcc/arm-none-eabi/9.3.1/../../../../arm-none-eabi/lib/thumb/v7-m/nofp\libc_nano.a(lib_a-memset.o)
                              c:/st/stm32cubeide_1.6.0/stm32cubeide/plugins/com.st.stm32cube.ide.mcu.externaltools.gnu-tools-for-stm32.9-2020-q2-update.win32_1.5.0.202011040924/tools/bin/../lib/gcc/arm-none-eabi/9.3.1/../../../../arm-none-eabi/lib/thumb/v7-m/nofp/crt0.o (memset)
c:/st/stm32cubeide_1.6.0/stm32cubeide/plugins/com.st.stm32cube.ide.mcu.externaltools.gnu-tools-for-stm32.9-2020-q2-update.win32_1.5.0.202011040924/tools/bin/../lib/gcc/arm-none-eabi/9.3.1/../../../../arm-none-eabi/lib/thumb/v7-m/nofp\libc_nano.a(lib_a-printf.o)
                              Src/main.o (printf)
c:/st/stm32cubeide_1.6.0/stm32cubeide/plugins/com.st.stm32cube.ide.mcu.externaltools.gnu-tools-for-stm32.9-2020-q2-update.win32_1.5.0.202011040924/tools/bin/../lib/gcc/arm-none-eabi/9.3.1/../../../../arm-none-eabi/lib/thumb/v7-m/nofp\libc_nano.a(lib_a-puts.o)
                              Src/main.o (puts)
c:/st/stm32cubeide_1.6.0/stm32cubeide/plugins/com.st.stm32cube.ide.mcu.externaltools.gnu-tools-for-stm32.9-2020-q2-update.win32_1.5.0.202011040924/tools/bin/../lib/gcc/arm-none-eabi/9.3.1/../../../../arm-none-eabi/lib/thumb/v7-m/nofp\libc_nano.a(lib_a-sprintf.o)
                              Src/main.o (sprintf)
c:/st/stm32cubeide_1.6.0/stm32cubeide/plugins/com.st.stm32cube.ide.mcu.externaltools.gnu-tools-for-stm32.9-2020-q2-update.win32_1.5.0.202011040924/tools/bin/../lib/gcc/arm-none-eabi/9.3.1/../../../../arm-none-eabi/lib/thumb/v7-m/nofp\libc_nano.a(lib_a-strcmp.o)
                              Src/main.o (strcmp)
c:/st/stm32cubeide_1.6.0/stm32cubeide/plugins/com.st.stm32cube.ide.mcu.externaltools.gnu-tools-for-stm32.9-2020-q2-update.win32_1.5.0.202011040924/tools/bin/../lib/gcc/arm-none-eabi/9.3.1/../../../../arm-none-eabi/lib/thumb/v7-m/nofp\libc_nano.a(lib_a-strcpy.o)
                              Src/main.o (strcpy)
c:/st/stm32cubeide_1.6.0/stm32cubeide/plugins/com.st.stm32cube.ide.mcu.externaltools.gnu-tools-for-stm32.9-2020-q2-update.win32_1.5.0.202011040924/tools/bin/../lib/gcc/arm-none-eabi/9.3.1/../../../../arm-none-eabi/lib/thumb/v7-m/nofp\libc_nano.a(lib_a-strlen.o)
                              Src/main.o (strlen)
[...]
Memory Configuration

Name             Origin             Length             Attributes
RAM              0x0000000020000000 0x000000000000c000 xrw
FLASH            0x0000000008000000 0x0000000000040000 xr
*default*        0x0000000000000000 0xffffffffffffffff

Linker script and memory map

LOAD c:/st/stm32cubeide_1.6.0/stm32cubeide/plugins/com.st.stm32cube.ide.mcu.externaltools.gnu-tools-for-stm32.9-2020-q2-update.win32_1.5.0.202011040924/tools/bin/../lib/gcc/arm-none-eabi/9.3.1/thumb/v7-m/nofp/crti.o
LOAD c:/st/stm32cubeide_1.6.0/stm32cubeide/plugins/com.st.stm32cube.ide.mcu.externaltools.gnu-tools-for-stm32.9-2020-q2-update.win32_1.5.0.202011040924/tools/bin/../lib/gcc/arm-none-eabi/9.3.1/thumb/v7-m/nofp/crtbegin.o
LOAD c:/st/stm32cubeide_1.6.0/stm32cubeide/plugins/com.st.stm32cube.ide.mcu.externaltools.gnu-tools-for-stm32.9-2020-q2-update.win32_1.5.0.202011040924/tools/bin/../lib/gcc/arm-none-eabi/9.3.1/../../../../arm-none-eabi/lib/thumb/v7-m/nofp/crt0.o
LOAD Drivers/STM32F1xx_HAL_Driver/Src/stm32f1xx_hal.o
LOAD Drivers/STM32F1xx_HAL_Driver/Src/stm32f1xx_hal_cortex.o
LOAD Drivers/STM32F1xx_HAL_Driver/Src/stm32f1xx_hal_dma.o
LOAD Drivers/STM32F1xx_HAL_Driver/Src/stm32f1xx_hal_exti.o
LOAD Drivers/STM32F1xx_HAL_Driver/Src/stm32f1xx_hal_flash.o
LOAD Drivers/STM32F1xx_HAL_Driver/Src/stm32f1xx_hal_flash_ex.o
LOAD Drivers/STM32F1xx_HAL_Driver/Src/stm32f1xx_hal_gpio.o
LOAD Drivers/STM32F1xx_HAL_Driver/Src/stm32f1xx_hal_gpio_ex.o
LOAD Drivers/STM32F1xx_HAL_Driver/Src/stm32f1xx_hal_pcd.o
LOAD Drivers/STM32F1xx_HAL_Driver/Src/stm32f1xx_hal_pcd_ex.o
LOAD Drivers/STM32F1xx_HAL_Driver/Src/stm32f1xx_hal_pwr.o
LOAD Drivers/STM32F1xx_HAL_Driver/Src/stm32f1xx_hal_rcc.o
LOAD Drivers/STM32F1xx_HAL_Driver/Src/stm32f1xx_hal_rcc_ex.o
LOAD Drivers/STM32F1xx_HAL_Driver/Src/stm32f1xx_hal_tim.o
LOAD Drivers/STM32F1xx_HAL_Driver/Src/stm32f1xx_hal_tim_ex.o
LOAD Drivers/STM32F1xx_HAL_Driver/Src/stm32f1xx_hal_uart.o
LOAD Drivers/STM32F1xx_HAL_Driver/Src/stm32f1xx_ll_usb.o
LOAD Middlewares/ST/STM32_USB_Device_Library/Class/CDC/Src/usbd_cdc.o
LOAD Middlewares/ST/STM32_USB_Device_Library/Core/Src/usbd_core.o
LOAD Middlewares/ST/STM32_USB_Device_Library/Core/Src/usbd_ctlreq.o
LOAD Middlewares/ST/STM32_USB_Device_Library/Core/Src/usbd_ioreq.o
LOAD Src/gpio.o
LOAD Src/main.o
LOAD Src/stm32f1xx_hal_msp.o
LOAD Src/stm32f1xx_it.o
LOAD Src/syscalls.o
LOAD Src/system_stm32f1xx.o
LOAD Src/tim.o
LOAD Src/usart.o
LOAD Src/usb_device.o
LOAD Src/usbd_cdc_if.o
LOAD Src/usbd_conf.o
LOAD Src/usbd_desc.o
LOAD startup/startup_stm32f103xe.o
START GROUP
LOAD c:/st/stm32cubeide_1.6.0/stm32cubeide/plugins/com.st.stm32cube.ide.mcu.externaltools.gnu-tools-for-stm32.9-2020-q2-update.win32_1.5.0.202011040924/tools/bin/../lib/gcc/arm-none-eabi/9.3.1/../../../../arm-none-eabi/lib/thumb/v7-m/nofp\libc_nano.a
LOAD c:/st/stm32cubeide_1.6.0/stm32cubeide/plugins/com.st.stm32cube.ide.mcu.externaltools.gnu-tools-for-stm32.9-2020-q2-update.win32_1.5.0.202011040924/tools/bin/../lib/gcc/arm-none-eabi/9.3.1/../../../../arm-none-eabi/lib/thumb/v7-m/nofp\libm.a
END GROUP
START GROUP
LOAD c:/st/stm32cubeide_1.6.0/stm32cubeide/plugins/com.st.stm32cube.ide.mcu.externaltools.gnu-tools-for-stm32.9-2020-q2-update.win32_1.5.0.202011040924/tools/bin/../lib/gcc/arm-none-eabi/9.3.1/thumb/v7-m/nofp\libgcc.a
LOAD c:/st/stm32cubeide_1.6.0/stm32cubeide/plugins/com.st.stm32cube.ide.mcu.externaltools.gnu-tools-for-stm32.9-2020-q2-update.win32_1.5.0.202011040924/tools/bin/../lib/gcc/arm-none-eabi/9.3.1/../../../../arm-none-eabi/lib/thumb/v7-m/nofp\libc_nano.a
END GROUP
START GROUP
LOAD c:/st/stm32cubeide_1.6.0/stm32cubeide/plugins/com.st.stm32cube.ide.mcu.externaltools.gnu-tools-for-stm32.9-2020-q2-update.win32_1.5.0.202011040924/tools/bin/../lib/gcc/arm-none-eabi/9.3.1/thumb/v7-m/nofp\libgcc.a
LOAD c:/st/stm32cubeide_1.6.0/stm32cubeide/plugins/com.st.stm32cube.ide.mcu.externaltools.gnu-tools-for-stm32.9-2020-q2-update.win32_1.5.0.202011040924/tools/bin/../lib/gcc/arm-none-eabi/9.3.1/../../../../arm-none-eabi/lib/thumb/v7-m/nofp\libc_nano.a
LOAD c:/st/stm32cubeide_1.6.0/stm32cubeide/plugins/com.st.stm32cube.ide.mcu.externaltools.gnu-tools-for-stm32.9-2020-q2-update.win32_1.5.0.202011040924/tools/bin/../lib/gcc/arm-none-eabi/9.3.1/../../../../arm-none-eabi/lib/thumb/v7-m/nofp\libnosys.a
END GROUP
START GROUP
LOAD c:/st/stm32cubeide_1.6.0/stm32cubeide/plugins/com.st.stm32cube.ide.mcu.externaltools.gnu-tools-for-stm32.9-2020-q2-update.win32_1.5.0.202011040924/tools/bin/../lib/gcc/arm-none-eabi/9.3.1/thumb/v7-m/nofp\libgcc.a
LOAD c:/st/stm32cubeide_1.6.0/stm32cubeide/plugins/com.st.stm32cube.ide.mcu.externaltools.gnu-tools-for-stm32.9-2020-q2-update.win32_1.5.0.202011040924/tools/bin/../lib/gcc/arm-none-eabi/9.3.1/../../../../arm-none-eabi/lib/thumb/v7-m/nofp\libc_nano.a
LOAD c:/st/stm32cubeide_1.6.0/stm32cubeide/plugins/com.st.stm32cube.ide.mcu.externaltools.gnu-tools-for-stm32.9-2020-q2-update.win32_1.5.0.202011040924/tools/bin/../lib/gcc/arm-none-eabi/9.3.1/../../../../arm-none-eabi/lib/thumb/v7-m/nofp\libnosys.a
END GROUP
LOAD c:/st/stm32cubeide_1.6.0/stm32cubeide/plugins/com.st.stm32cube.ide.mcu.externaltools.gnu-tools-for-stm32.9-2020-q2-update.win32_1.5.0.202011040924/tools/bin/../lib/gcc/arm-none-eabi/9.3.1/thumb/v7-m/nofp/crtend.o
LOAD c:/st/stm32cubeide_1.6.0/stm32cubeide/plugins/com.st.stm32cube.ide.mcu.externaltools.gnu-tools-for-stm32.9-2020-q2-update.win32_1.5.0.202011040924/tools/bin/../lib/gcc/arm-none-eabi/9.3.1/thumb/v7-m/nofp/crtn.o
                0x000000002000c000                _estack = 0x2000c000
                0x0000000000000200                _Min_Heap_Size = 0x200
                0x0000000000000400                _Min_Stack_Size = 0x400

.isr_vector     0x0000000008000000      0x1e4
                0x0000000008000000                . = ALIGN (0x4)
 *(.isr_vector)
 .isr_vector    0x0000000008000000      0x1e4 startup/startup_stm32f103xe.o
                0x0000000008000000                g_pfnVectors
                0x00000000080001e4                . = ALIGN (0x4)

.text           0x00000000080001e4     0x5b28
                0x00000000080001e4                . = ALIGN (0x4)
 *(.text)
 .text          0x00000000080001e4       0x40 c:/st/stm32cubeide_1.6.0/stm32cubeide/plugins/com.st.stm32cube.ide.mcu.externaltools.gnu-tools-for-stm32.9-2020-q2-update.win32_1.5.0.202011040924/tools/bin/../lib/gcc/arm-none-eabi/9.3.1/thumb/v7-m/nofp/crtbegin.o
 .text          0x0000000008000224       0x14 c:/st/stm32cubeide_1.6.0/stm32cubeide/plugins/com.st.stm32cube.ide.mcu.externaltools.gnu-tools-for-stm32.9-2020-q2-update.win32_1.5.0.202011040924/tools/bin/../lib/gcc/arm-none-eabi/9.3.1/../../../../arm-none-eabi/lib/thumb/v7-m/nofp\libc_nano.a(lib_a-strcmp.o)
                0x0000000008000224                strcmp
 .text          0x0000000008000238       0x10 c:/st/stm32cubeide_1.6.0/stm32cubeide/plugins/com.st.stm32cube.ide.mcu.externaltools.gnu-tools-for-stm32.9-2020-q2-update.win32_1.5.0.202011040924/tools/bin/../lib/gcc/arm-none-eabi/9.3.1/../../../../arm-none-eabi/lib/thumb/v7-m/nofp\libc_nano.a(lib_a-strlen.o)
                0x0000000008000238                strlen
 *(.text*)
 .text.HAL_InitTick
                0x0000000008000248       0x48 Drivers/STM32F1xx_HAL_Driver/Src/stm32f1xx_hal.o
                0x0000000008000248                HAL_InitTick
 .text.HAL_Init
                0x0000000008000290       0x24 Drivers/STM32F1xx_HAL_Driver/Src/stm32f1xx_hal.o
                0x0000000008000290                HAL_Init
 .text.HAL_IncTick
                0x00000000080002b4       0x18 Drivers/STM32F1xx_HAL_Driver/Src/stm32f1xx_hal.o
                0x00000000080002b4                HAL_IncTick
 .text.HAL_GetTick
                0x00000000080002cc        0xc Drivers/STM32F1xx_HAL_Driver/Src/stm32f1xx_hal.o
                0x00000000080002cc                HAL_GetTick
 .text.HAL_Delay
                0x00000000080002d8       0x24 Drivers/STM32F1xx_HAL_Driver/Src/stm32f1xx_hal.o
                0x00000000080002d8                HAL_Delay
 .text.HAL_NVIC_SetPriorityGrouping
                0x00000000080002fc       0x24 Drivers/STM32F1xx_HAL_Driver/Src/stm32f1xx_hal_cortex.o
                0x00000000080002fc                HAL_NVIC_SetPriorityGrouping
 .text.HAL_NVIC_SetPriority
                0x0000000008000320       0x64 Drivers/STM32F1xx_HAL_Driver/Src/stm32f1xx_hal_cortex.o
                0x0000000008000320                HAL_NVIC_SetPriority
 .text.HAL_NVIC_EnableIRQ
                0x0000000008000384       0x1c Drivers/STM32F1xx_HAL_Driver/Src/stm32f1xx_hal_cortex.o
                0x0000000008000384                HAL_NVIC_EnableIRQ
 .text.HAL_SYSTICK_Config
                0x00000000080003a0       0x2c Drivers/STM32F1xx_HAL_Driver/Src/stm32f1xx_hal_cortex.o
                0x00000000080003a0                HAL_SYSTICK_Config
 .text.HAL_DMA_Abort_IT
                0x00000000080003cc      0x13c Drivers/STM32F1xx_HAL_Driver/Src/stm32f1xx_hal_dma.o
                0x00000000080003cc                HAL_DMA_Abort_IT
 .text.HAL_GPIO_Init
                0x0000000008000508      0x1d4 Drivers/STM32F1xx_HAL_Driver/Src/stm32f1xx_hal_gpio.o
                0x0000000008000508                HAL_GPIO_Init
 .text.HAL_GPIO_ReadPin
                0x00000000080006dc        0xc Drivers/STM32F1xx_HAL_Driver/Src/stm32f1xx_hal_gpio.o
                0x00000000080006dc                HAL_GPIO_ReadPin
 .text.HAL_GPIO_WritePin
                0x00000000080006e8        0xa Drivers/STM32F1xx_HAL_Driver/Src/stm32f1xx_hal_gpio.o
                0x00000000080006e8                HAL_GPIO_WritePin
 .text.HAL_GPIO_TogglePin
                0x00000000080006f2       0x12 Drivers/STM32F1xx_HAL_Driver/Src/stm32f1xx_hal_gpio.o
                0x00000000080006f2                HAL_GPIO_TogglePin
 .text.HAL_GPIO_EXTI_IRQHandler
                0x0000000008000704       0x18 Drivers/STM32F1xx_HAL_Driver/Src/stm32f1xx_hal_gpio.o
                0x0000000008000704                HAL_GPIO_EXTI_IRQHandler
 .text.HAL_PCD_Init
                0x000000000800071c       0xf2 Drivers/STM32F1xx_HAL_Driver/Src/stm32f1xx_hal_pcd.o
                0x000000000800071c                HAL_PCD_Init
 .text.HAL_PCD_Start
                0x000000000800080e       0x32 Drivers/STM32F1xx_HAL_Driver/Src/stm32f1xx_hal_pcd.o
                0x000000000800080e                HAL_PCD_Start
 .text.HAL_PCD_SetAddress
                0x0000000008000840       0x28 Drivers/STM32F1xx_HAL_Driver/Src/stm32f1xx_hal_pcd.o
                0x0000000008000840                HAL_PCD_SetAddress
 .text.HAL_PCD_IRQHandler
                0x0000000008000868      0x87c Drivers/STM32F1xx_HAL_Driver/Src/stm32f1xx_hal_pcd.o
                0x0000000008000868                HAL_PCD_IRQHandler
 .text.HAL_PCD_EP_Open
                0x00000000080010e4       0x64 Drivers/STM32F1xx_HAL_Driver/Src/stm32f1xx_hal_pcd.o
                0x00000000080010e4                HAL_PCD_EP_Open
 .text.HAL_PCD_EP_Close
                0x0000000008001148       0x52 Drivers/STM32F1xx_HAL_Driver/Src/stm32f1xx_hal_pcd.o
                0x0000000008001148                HAL_PCD_EP_Close
 .text.HAL_PCD_EP_Receive
                0x000000000800119a       0x2e Drivers/STM32F1xx_HAL_Driver/Src/stm32f1xx_hal_pcd.o
                0x000000000800119a                HAL_PCD_EP_Receive
 .text.HAL_PCD_EP_GetRxCount
                0x00000000080011c8       0x10 Drivers/STM32F1xx_HAL_Driver/Src/stm32f1xx_hal_pcd.o
                0x00000000080011c8                HAL_PCD_EP_GetRxCount
 .text.HAL_PCD_EP_Transmit
                0x00000000080011d8       0x34 Drivers/STM32F1xx_HAL_Driver/Src/stm32f1xx_hal_pcd.o
                0x00000000080011d8                HAL_PCD_EP_Transmit
 .text.HAL_PCD_EP_SetStall
                0x000000000800120c       0x68 Drivers/STM32F1xx_HAL_Driver/Src/stm32f1xx_hal_pcd.o
                0x000000000800120c                HAL_PCD_EP_SetStall
 .text.HAL_PCD_EP_ClrStall
                0x0000000008001274       0x64 Drivers/STM32F1xx_HAL_Driver/Src/stm32f1xx_hal_pcd.o
                0x0000000008001274                HAL_PCD_EP_ClrStall
 .text.HAL_PCDEx_PMAConfig
                0x00000000080012d8       0x32 Drivers/STM32F1xx_HAL_Driver/Src/stm32f1xx_hal_pcd_ex.o
                0x00000000080012d8                HAL_PCDEx_PMAConfig
 *fill*         0x000000000800130a        0x2 
 .text.HAL_RCC_OscConfig
                0x000000000800130c      0x338 Drivers/STM32F1xx_HAL_Driver/Src/stm32f1xx_hal_rcc.o
                0x000000000800130c                HAL_RCC_OscConfig
 .text.HAL_RCC_GetSysClockFreq
                0x0000000008001644       0x74 Drivers/STM32F1xx_HAL_Driver/Src/stm32f1xx_hal_rcc.o
                0x0000000008001644                HAL_RCC_GetSysClockFreq
 .text.HAL_RCC_ClockConfig
                0x00000000080016b8      0x138 Drivers/STM32F1xx_HAL_Driver/Src/stm32f1xx_hal_rcc.o
                0x00000000080016b8                HAL_RCC_ClockConfig
 .text.HAL_RCC_GetPCLK1Freq
                0x00000000080017f0       0x20 Drivers/STM32F1xx_HAL_Driver/Src/stm32f1xx_hal_rcc.o
                0x00000000080017f0                HAL_RCC_GetPCLK1Freq
 .text.HAL_RCC_GetPCLK2Freq
                0x0000000008001810       0x20 Drivers/STM32F1xx_HAL_Driver/Src/stm32f1xx_hal_rcc.o
                0x0000000008001810                HAL_RCC_GetPCLK2Freq
 .text.HAL_RCCEx_PeriphCLKConfig
                0x0000000008001830       0xf0 Drivers/STM32F1xx_HAL_Driver/Src/stm32f1xx_hal_rcc_ex.o
                0x0000000008001830                HAL_RCCEx_PeriphCLKConfig
 .text.HAL_TIM_Base_Start_IT
                0x0000000008001920       0x64 Drivers/STM32F1xx_HAL_Driver/Src/stm32f1xx_hal_tim.o
                0x0000000008001920                HAL_TIM_Base_Start_IT
 .text.HAL_TIM_OC_DelayElapsedCallback
                0x0000000008001984        0x2 Drivers/STM32F1xx_HAL_Driver/Src/stm32f1xx_hal_tim.o
                0x0000000008001984                HAL_TIM_OC_DelayElapsedCallback
 .text.HAL_TIM_IC_CaptureCallback
                0x0000000008001986        0x2 Drivers/STM32F1xx_HAL_Driver/Src/stm32f1xx_hal_tim.o
                0x0000000008001986                HAL_TIM_IC_CaptureCallback
 .text.HAL_TIM_PWM_PulseFinishedCallback
                0x0000000008001988        0x2 Drivers/STM32F1xx_HAL_Driver/Src/stm32f1xx_hal_tim.o
                0x0000000008001988                HAL_TIM_PWM_PulseFinishedCallback
 .text.HAL_TIM_TriggerCallback
                0x000000000800198a        0x2 Drivers/STM32F1xx_HAL_Driver/Src/stm32f1xx_hal_tim.o
                0x000000000800198a                HAL_TIM_TriggerCallback
 .text.HAL_TIM_IRQHandler
                0x000000000800198c      0x144 Drivers/STM32F1xx_HAL_Driver/Src/stm32f1xx_hal_tim.o
                0x000000000800198c                HAL_TIM_IRQHandler
 .text.TIM_Base_SetConfig
                0x0000000008001ad0       0x98 Drivers/STM32F1xx_HAL_Driver/Src/stm32f1xx_hal_tim.o
                0x0000000008001ad0                TIM_Base_SetConfig
 .text.HAL_TIM_Base_Init
                0x0000000008001b68       0x58 Drivers/STM32F1xx_HAL_Driver/Src/stm32f1xx_hal_tim.o
                0x0000000008001b68                HAL_TIM_Base_Init
 .text.HAL_TIMEx_MasterConfigSynchronization
                0x0000000008001bc0       0x6c Drivers/STM32F1xx_HAL_Driver/Src/stm32f1xx_hal_tim_ex.o
                0x0000000008001bc0                HAL_TIMEx_MasterConfigSynchronization
 .text.HAL_TIMEx_CommutCallback
                0x0000000008001c2c        0x2 Drivers/STM32F1xx_HAL_Driver/Src/stm32f1xx_hal_tim_ex.o
                0x0000000008001c2c                HAL_TIMEx_CommutCallback
 .text.HAL_TIMEx_BreakCallback
                0x0000000008001c2e        0x2 Drivers/STM32F1xx_HAL_Driver/Src/stm32f1xx_hal_tim_ex.o
                0x0000000008001c2e                HAL_TIMEx_BreakCallback
 .text.UART_EndRxTransfer
                0x0000000008001c30       0x1a Drivers/STM32F1xx_HAL_Driver/Src/stm32f1xx_hal_uart.o
 *fill*         0x0000000008001c4a        0x2 
 .text.UART_SetConfig
                0x0000000008001c4c       0x74 Drivers/STM32F1xx_HAL_Driver/Src/stm32f1xx_hal_uart.o
 .text.UART_WaitOnFlagUntilTimeout.constprop.0
                0x0000000008001cc0       0x50 Drivers/STM32F1xx_HAL_Driver/Src/stm32f1xx_hal_uart.o
 .text.HAL_UART_Init
                0x0000000008001d10       0x5c Drivers/STM32F1xx_HAL_Driver/Src/stm32f1xx_hal_uart.o
                0x0000000008001d10                HAL_UART_Init
 .text.HAL_UART_Transmit
                0x0000000008001d6c       0xaa Drivers/STM32F1xx_HAL_Driver/Src/stm32f1xx_hal_uart.o
                0x0000000008001d6c                HAL_UART_Transmit
 .text.HAL_UART_Receive_IT
                0x0000000008001e16       0x4e Drivers/STM32F1xx_HAL_Driver/Src/stm32f1xx_hal_uart.o
                0x0000000008001e16                HAL_UART_Receive_IT
 .text.HAL_UART_TxCpltCallback
                0x0000000008001e64        0x2 Drivers/STM32F1xx_HAL_Driver/Src/stm32f1xx_hal_uart.o
                0x0000000008001e64                HAL_UART_TxCpltCallback
 .text.UART_Receive_IT
                0x0000000008001e66       0x76 Drivers/STM32F1xx_HAL_Driver/Src/stm32f1xx_hal_uart.o
 .text.HAL_UART_ErrorCallback
                0x0000000008001edc        0x2 Drivers/STM32F1xx_HAL_Driver/Src/stm32f1xx_hal_uart.o
                0x0000000008001edc                HAL_UART_ErrorCallback
 *fill*         0x0000000008001ede        0x2 
 .text.HAL_UART_IRQHandler
                0x0000000008001ee0      0x144 Drivers/STM32F1xx_HAL_Driver/Src/stm32f1xx_hal_uart.o
                0x0000000008001ee0                HAL_UART_IRQHandler
 .text.UART_DMAAbortOnError
                0x0000000008002024       0x10 Drivers/STM32F1xx_HAL_Driver/Src/stm32f1xx_hal_uart.o
 .text.USB_CoreInit
                0x0000000008002034        0xe Drivers/STM32F1xx_HAL_Driver/Src/stm32f1xx_ll_usb.o
                0x0000000008002034                USB_CoreInit
 .text.USB_EnableGlobalInt
                0x0000000008002042       0x12 Drivers/STM32F1xx_HAL_Driver/Src/stm32f1xx_ll_usb.o
                0x0000000008002042                USB_EnableGlobalInt
 .text.USB_DisableGlobalInt
                0x0000000008002054       0x14 Drivers/STM32F1xx_HAL_Driver/Src/stm32f1xx_ll_usb.o
                0x0000000008002054                USB_DisableGlobalInt
 .text.USB_SetCurrentMode
                0x0000000008002068        0x4 Drivers/STM32F1xx_HAL_Driver/Src/stm32f1xx_ll_usb.o
                0x0000000008002068                USB_SetCurrentMode
 .text.USB_DevInit
                0x000000000800206c       0x28 Drivers/STM32F1xx_HAL_Driver/Src/stm32f1xx_ll_usb.o
                0x000000000800206c                USB_DevInit
 .text.USB_ActivateEndpoint
                0x0000000008002094      0x2b0 Drivers/STM32F1xx_HAL_Driver/Src/stm32f1xx_ll_usb.o
                0x0000000008002094                USB_ActivateEndpoint
 .text.USB_DeactivateEndpoint
                0x0000000008002344      0x1be Drivers/STM32F1xx_HAL_Driver/Src/stm32f1xx_ll_usb.o
                0x0000000008002344                USB_DeactivateEndpoint
 .text.USB_EPSetStall
                0x0000000008002502       0x40 Drivers/STM32F1xx_HAL_Driver/Src/stm32f1xx_ll_usb.o
                0x0000000008002502                USB_EPSetStall
 .text.USB_EPClearStall
                0x0000000008002542       0x96 Drivers/STM32F1xx_HAL_Driver/Src/stm32f1xx_ll_usb.o
                0x0000000008002542                USB_EPClearStall
 .text.USB_SetDevAddress
                0x00000000080025d8        0xc Drivers/STM32F1xx_HAL_Driver/Src/stm32f1xx_ll_usb.o
                0x00000000080025d8                USB_SetDevAddress
 .text.USB_DevConnect
                0x00000000080025e4        0x4 Drivers/STM32F1xx_HAL_Driver/Src/stm32f1xx_ll_usb.o
                0x00000000080025e4                USB_DevConnect
 .text.USB_DevDisconnect
                0x00000000080025e8        0x4 Drivers/STM32F1xx_HAL_Driver/Src/stm32f1xx_ll_usb.o
                0x00000000080025e8                USB_DevDisconnect
 .text.USB_ReadInterrupts
                0x00000000080025ec        0x8 Drivers/STM32F1xx_HAL_Driver/Src/stm32f1xx_ll_usb.o
                0x00000000080025ec                USB_ReadInterrupts
 .text.USB_EP0_OutStart
                0x00000000080025f4        0x4 Drivers/STM32F1xx_HAL_Driver/Src/stm32f1xx_ll_usb.o
                0x00000000080025f4                USB_EP0_OutStart
 .text.USB_WritePMA
                0x00000000080025f8       0x20 Drivers/STM32F1xx_HAL_Driver/Src/stm32f1xx_ll_usb.o
                0x00000000080025f8                USB_WritePMA
 .text.USB_EPStartXfer
                0x0000000008002618      0x5bc Drivers/STM32F1xx_HAL_Driver/Src/stm32f1xx_ll_usb.o
                0x0000000008002618                USB_EPStartXfer
 .text.USB_ReadPMA
                0x0000000008002bd4       0x38 Drivers/STM32F1xx_HAL_Driver/Src/stm32f1xx_ll_usb.o
                0x0000000008002bd4                USB_ReadPMA
 .text.USBD_CDC_EP0_RxReady
                0x0000000008002c0c       0x28 Middlewares/ST/STM32_USB_Device_Library/Class/CDC/Src/usbd_cdc.o
 .text.USBD_CDC_GetFSCfgDesc
                0x0000000008002c34        0xc Middlewares/ST/STM32_USB_Device_Library/Class/CDC/Src/usbd_cdc.o
 .text.USBD_CDC_GetHSCfgDesc
                0x0000000008002c40        0xc Middlewares/ST/STM32_USB_Device_Library/Class/CDC/Src/usbd_cdc.o
 .text.USBD_CDC_GetOtherSpeedCfgDesc
                0x0000000008002c4c        0xc Middlewares/ST/STM32_USB_Device_Library/Class/CDC/Src/usbd_cdc.o
 .text.USBD_CDC_GetDeviceQualifierDescriptor
                0x0000000008002c58        0xc Middlewares/ST/STM32_USB_Device_Library/Class/CDC/Src/usbd_cdc.o
                0x0000000008002c58                USBD_CDC_GetDeviceQualifierDescriptor
 .text.USBD_CDC_DataOut
                0x0000000008002c64       0x2e Middlewares/ST/STM32_USB_Device_Library/Class/CDC/Src/usbd_cdc.o
 .text.USBD_CDC_DataIn
                0x0000000008002c92       0x42 Middlewares/ST/STM32_USB_Device_Library/Class/CDC/Src/usbd_cdc.o
 .text.USBD_CDC_Setup
                0x0000000008002cd4       0xb6 Middlewares/ST/STM32_USB_Device_Library/Class/CDC/Src/usbd_cdc.o
 .text.USBD_CDC_DeInit
                0x0000000008002d8a       0x42 Middlewares/ST/STM32_USB_Device_Library/Class/CDC/Src/usbd_cdc.o
 .text.USBD_CDC_Init
                0x0000000008002dcc       0xa2 Middlewares/ST/STM32_USB_Device_Library/Class/CDC/Src/usbd_cdc.o
 .text.USBD_CDC_RegisterInterface
                0x0000000008002e6e        0xe Middlewares/ST/STM32_USB_Device_Library/Class/CDC/Src/usbd_cdc.o
                0x0000000008002e6e                USBD_CDC_RegisterInterface
 .text.USBD_CDC_SetTxBuffer
                0x0000000008002e7c       0x10 Middlewares/ST/STM32_USB_Device_Library/Class/CDC/Src/usbd_cdc.o
                0x0000000008002e7c                USBD_CDC_SetTxBuffer
 .text.USBD_CDC_SetRxBuffer
                0x0000000008002e8c        0xc Middlewares/ST/STM32_USB_Device_Library/Class/CDC/Src/usbd_cdc.o
                0x0000000008002e8c                USBD_CDC_SetRxBuffer
 .text.USBD_CDC_TransmitPacket
                0x0000000008002e98       0x32 Middlewares/ST/STM32_USB_Device_Library/Class/CDC/Src/usbd_cdc.o
                0x0000000008002e98                USBD_CDC_TransmitPacket
 .text.USBD_CDC_ReceivePacket
                0x0000000008002eca       0x2e Middlewares/ST/STM32_USB_Device_Library/Class/CDC/Src/usbd_cdc.o
                0x0000000008002eca                USBD_CDC_ReceivePacket
 .text.USBD_Init
                0x0000000008002ef8       0x2a Middlewares/ST/STM32_USB_Device_Library/Core/Src/usbd_core.o
                0x0000000008002ef8                USBD_Init
 .text.USBD_RegisterClass
                0x0000000008002f22        0xe Middlewares/ST/STM32_USB_Device_Library/Core/Src/usbd_core.o
                0x0000000008002f22                USBD_RegisterClass
 .text.USBD_Start
                0x0000000008002f30        0xa Middlewares/ST/STM32_USB_Device_Library/Core/Src/usbd_core.o
                0x0000000008002f30                USBD_Start
 .text.USBD_SetClassConfig
                0x0000000008002f3a       0x16 Middlewares/ST/STM32_USB_Device_Library/Core/Src/usbd_core.o
                0x0000000008002f3a                USBD_SetClassConfig
 .text.USBD_ClrClassConfig
                0x0000000008002f50        0xe Middlewares/ST/STM32_USB_Device_Library/Core/Src/usbd_core.o
                0x0000000008002f50                USBD_ClrClassConfig
 .text.USBD_LL_SetupStage
                0x0000000008002f5e       0x5a Middlewares/ST/STM32_USB_Device_Library/Core/Src/usbd_core.o
                0x0000000008002f5e                USBD_LL_SetupStage
 .text.USBD_LL_DataOutStage
                0x0000000008002fb8       0x74 Middlewares/ST/STM32_USB_Device_Library/Core/Src/usbd_core.o
                0x0000000008002fb8                USBD_LL_DataOutStage
 .text.USBD_LL_DataInStage
                0x000000000800302c       0xb6 Middlewares/ST/STM32_USB_Device_Library/Core/Src/usbd_core.o
                0x000000000800302c                USBD_LL_DataInStage
 .text.USBD_LL_Reset
                0x00000000080030e2       0x4e Middlewares/ST/STM32_USB_Device_Library/Core/Src/usbd_core.o
                0x00000000080030e2                USBD_LL_Reset
 .text.USBD_LL_SetSpeed
                0x0000000008003130        0x6 Middlewares/ST/STM32_USB_Device_Library/Core/Src/usbd_core.o
                0x0000000008003130                USBD_LL_SetSpeed
 .text.USBD_LL_Suspend
                0x0000000008003136       0x12 Middlewares/ST/STM32_USB_Device_Library/Core/Src/usbd_core.o
                0x0000000008003136                USBD_LL_Suspend
 .text.USBD_LL_Resume
                0x0000000008003148       0x14 Middlewares/ST/STM32_USB_Device_Library/Core/Src/usbd_core.o
                0x0000000008003148                USBD_LL_Resume
 .text.USBD_LL_SOF
                0x000000000800315c       0x18 Middlewares/ST/STM32_USB_Device_Library/Core/Src/usbd_core.o
                0x000000000800315c                USBD_LL_SOF
 .text.USBD_CtlError.constprop.0
                0x0000000008003174       0x16 Middlewares/ST/STM32_USB_Device_Library/Core/Src/usbd_ctlreq.o
 *fill*         0x000000000800318a        0x2 
 .text.USBD_StdDevReq
                0x000000000800318c      0x254 Middlewares/ST/STM32_USB_Device_Library/Core/Src/usbd_ctlreq.o
                0x000000000800318c                USBD_StdDevReq
 .text.USBD_StdItfReq
                0x00000000080033e0       0x48 Middlewares/ST/STM32_USB_Device_Library/Core/Src/usbd_ctlreq.o
                0x00000000080033e0                USBD_StdItfReq
 .text.USBD_StdEPReq
                0x0000000008003428      0x114 Middlewares/ST/STM32_USB_Device_Library/Core/Src/usbd_ctlreq.o
                0x0000000008003428                USBD_StdEPReq
 .text.USBD_ParseSetupRequest
                0x000000000800353c       0x28 Middlewares/ST/STM32_USB_Device_Library/Core/Src/usbd_ctlreq.o
                0x000000000800353c                USBD_ParseSetupRequest
 .text.USBD_CtlError
                0x0000000008003564       0x16 Middlewares/ST/STM32_USB_Device_Library/Core/Src/usbd_ctlreq.o
                0x0000000008003564                USBD_CtlError
 .text.USBD_GetString
                0x000000000800357a       0x38 Middlewares/ST/STM32_USB_Device_Library/Core/Src/usbd_ctlreq.o
                0x000000000800357a                USBD_GetString
 .text.USBD_CtlSendData
                0x00000000080035b2       0x1a Middlewares/ST/STM32_USB_Device_Library/Core/Src/usbd_ioreq.o
                0x00000000080035b2                USBD_CtlSendData
 .text.USBD_CtlContinueSendData
                0x00000000080035cc       0x10 Middlewares/ST/STM32_USB_Device_Library/Core/Src/usbd_ioreq.o
                0x00000000080035cc                USBD_CtlContinueSendData
 .text.USBD_CtlPrepareRx
                0x00000000080035dc       0x1a Middlewares/ST/STM32_USB_Device_Library/Core/Src/usbd_ioreq.o
                0x00000000080035dc                USBD_CtlPrepareRx
 .text.USBD_CtlContinueRx
                0x00000000080035f6       0x10 Middlewares/ST/STM32_USB_Device_Library/Core/Src/usbd_ioreq.o
                0x00000000080035f6                USBD_CtlContinueRx
 .text.USBD_CtlSendStatus
                0x0000000008003606       0x16 Middlewares/ST/STM32_USB_Device_Library/Core/Src/usbd_ioreq.o
                0x0000000008003606                USBD_CtlSendStatus
 .text.USBD_CtlReceiveStatus
                0x000000000800361c       0x16 Middlewares/ST/STM32_USB_Device_Library/Core/Src/usbd_ioreq.o
                0x000000000800361c                USBD_CtlReceiveStatus
 *fill*         0x0000000008003632        0x2 
 .text.MX_GPIO_Init
                0x0000000008003634      0x164 Src/gpio.o
                0x0000000008003634                MX_GPIO_Init
 .text._write   0x0000000008003798       0x18 Src/main.o
                0x0000000008003798                _write
 .text.SystemClock_Config
                0x00000000080037b0       0x6e Src/main.o
                0x00000000080037b0                SystemClock_Config
 *fill*         0x000000000800381e        0x2 
 .text.check_tablet_alive
                0x0000000008003820       0x84 Src/main.o
                0x0000000008003820                check_tablet_alive
 .text.Report_to_Server
                0x00000000080038a4       0xcc Src/main.o
                0x00000000080038a4                Report_to_Server
 .text.check_door
                0x0000000008003970       0xc8 Src/main.o
                0x0000000008003970                check_door
 .text.Rfid_Scanning
                0x0000000008003a38       0x78 Src/main.o
                0x0000000008003a38                Rfid_Scanning
 .text.command_parsing
                0x0000000008003ab0      0x170 Src/main.o
                0x0000000008003ab0                command_parsing
 .text.startup.main
                0x0000000008003c20      0x158 Src/main.o
                0x0000000008003c20                main
 .text.HAL_UART_RxCpltCallback
                0x0000000008003d78       0x58 Src/main.o
                0x0000000008003d78                HAL_UART_RxCpltCallback
 .text.HAL_TIM_PeriodElapsedCallback
                0x0000000008003dd0       0x30 Src/main.o
                0x0000000008003dd0                HAL_TIM_PeriodElapsedCallback
 .text.HAL_GPIO_EXTI_Callback
                0x0000000008003e00       0x10 Src/main.o
                0x0000000008003e00                HAL_GPIO_EXTI_Callback
 .text.Error_Handler
                0x0000000008003e10        0x2 Src/main.o
                0x0000000008003e10                Error_Handler
 *fill*         0x0000000008003e12        0x2 
 .text.HAL_MspInit
                0x0000000008003e14       0x44 Src/stm32f1xx_hal_msp.o
                0x0000000008003e14                HAL_MspInit
 .text.NMI_Handler
                0x0000000008003e58        0x2 Src/stm32f1xx_it.o
                0x0000000008003e58                NMI_Handler
 .text.HardFault_Handler
                0x0000000008003e5a        0x2 Src/stm32f1xx_it.o
                0x0000000008003e5a                HardFault_Handler
 .text.MemManage_Handler
                0x0000000008003e5c        0x2 Src/stm32f1xx_it.o
                0x0000000008003e5c                MemManage_Handler
 .text.BusFault_Handler
                0x0000000008003e5e        0x2 Src/stm32f1xx_it.o
                0x0000000008003e5e                BusFault_Handler
 .text.UsageFault_Handler
                0x0000000008003e60        0x2 Src/stm32f1xx_it.o
                0x0000000008003e60                UsageFault_Handler
 .text.SVC_Handler
                0x0000000008003e62        0x2 Src/stm32f1xx_it.o
                0x0000000008003e62                SVC_Handler
 .text.DebugMon_Handler
                0x0000000008003e64        0x2 Src/stm32f1xx_it.o
                0x0000000008003e64                DebugMon_Handler
 .text.PendSV_Handler
                0x0000000008003e66        0x2 Src/stm32f1xx_it.o
                0x0000000008003e66                PendSV_Handler
 .text.SysTick_Handler
                0x0000000008003e68        0x4 Src/stm32f1xx_it.o
                0x0000000008003e68                SysTick_Handler
 .text.EXTI3_IRQHandler
                0x0000000008003e6c        0x6 Src/stm32f1xx_it.o
                0x0000000008003e6c                EXTI3_IRQHandler
 *fill*         0x0000000008003e72        0x2 
 .text.USB_LP_CAN1_RX0_IRQHandler
                0x0000000008003e74        0xc Src/stm32f1xx_it.o
                0x0000000008003e74                USB_LP_CAN1_RX0_IRQHandler
 .text.EXTI9_5_IRQHandler
                0x0000000008003e80        0x6 Src/stm32f1xx_it.o
                0x0000000008003e80                EXTI9_5_IRQHandler
 *fill*         0x0000000008003e86        0x2 
 .text.USART1_IRQHandler
                0x0000000008003e88        0xc Src/stm32f1xx_it.o
                0x0000000008003e88                USART1_IRQHandler
 .text.USART2_IRQHandler
                0x0000000008003e94        0xc Src/stm32f1xx_it.o
                0x0000000008003e94                USART2_IRQHandler
 .text.TIM6_IRQHandler
                0x0000000008003ea0        0xc Src/stm32f1xx_it.o
                0x0000000008003ea0                TIM6_IRQHandler
 .text.TIM7_IRQHandler
                0x0000000008003eac        0xc Src/stm32f1xx_it.o
                0x0000000008003eac                TIM7_IRQHandler
 .text._getpid  0x0000000008003eb8        0x4 Src/syscalls.o
                0x0000000008003eb8                _getpid
 .text._kill    0x0000000008003ebc       0x10 Src/syscalls.o
                0x0000000008003ebc                _kill
 .text._exit    0x0000000008003ecc        0xc Src/syscalls.o
                0x0000000008003ecc                _exit
 .text._read    0x0000000008003ed8       0x1a Src/syscalls.o
                0x0000000008003ed8                _read
 *fill*         0x0000000008003ef2        0x2 
 .text._sbrk    0x0000000008003ef4       0x34 Src/syscalls.o
                0x0000000008003ef4                _sbrk
 .text._close   0x0000000008003f28        0x6 Src/syscalls.o
                0x0000000008003f28                _close
 .text._fstat   0x0000000008003f2e        0xa Src/syscalls.o
                0x0000000008003f2e                _fstat
 .text._isatty  0x0000000008003f38        0x4 Src/syscalls.o
                0x0000000008003f38                _isatty
 .text._lseek   0x0000000008003f3c        0x4 Src/syscalls.o
                0x0000000008003f3c                _lseek
 .text.SystemInit
                0x0000000008003f40       0x4c Src/system_stm32f1xx.o
                0x0000000008003f40                SystemInit
 .text.MX_TIM6_Init
                0x0000000008003f8c       0x48 Src/tim.o
                0x0000000008003f8c                MX_TIM6_Init
 .text.MX_TIM7_Init
                0x0000000008003fd4       0x48 Src/tim.o
                0x0000000008003fd4                MX_TIM7_Init
 .text.HAL_TIM_Base_MspInit
                0x000000000800401c       0x60 Src/tim.o
                0x000000000800401c                HAL_TIM_Base_MspInit
 .text.MX_USART1_UART_Init
                0x000000000800407c       0x38 Src/usart.o
                0x000000000800407c                MX_USART1_UART_Init
 .text.MX_USART2_UART_Init
                0x00000000080040b4       0x38 Src/usart.o
                0x00000000080040b4                MX_USART2_UART_Init
 .text.HAL_UART_MspInit
                0x00000000080040ec       0xc4 Src/usart.o
                0x00000000080040ec                HAL_UART_MspInit
 .text.MX_USB_DEVICE_Init
                0x00000000080041b0       0x50 Src/usb_device.o
                0x00000000080041b0                MX_USB_DEVICE_Init
 .text.CDC_DeInit_FS
                0x0000000008004200        0x4 Src/usbd_cdc_if.o
 .text.CDC_Control_FS
                0x0000000008004204        0x4 Src/usbd_cdc_if.o
 .text.CDC_Receive_FS
                0x0000000008004208       0x48 Src/usbd_cdc_if.o
 .text.CDC_Init_FS
                0x0000000008004250       0x28 Src/usbd_cdc_if.o
 .text.CDC_Transmit_FS
                0x0000000008004278       0x2c Src/usbd_cdc_if.o
                0x0000000008004278                CDC_Transmit_FS
 .text.HAL_PCD_MspInit
                0x00000000080042a4       0x40 Src/usbd_conf.o
                0x00000000080042a4                HAL_PCD_MspInit
 .text.HAL_PCD_SetupStageCallback
                0x00000000080042e4        0xc Src/usbd_conf.o
                0x00000000080042e4                HAL_PCD_SetupStageCallback
 .text.HAL_PCD_DataOutStageCallback
                0x00000000080042f0       0x12 Src/usbd_conf.o
                0x00000000080042f0                HAL_PCD_DataOutStageCallback
 .text.HAL_PCD_DataInStageCallback
                0x0000000008004302       0x10 Src/usbd_conf.o
                0x0000000008004302                HAL_PCD_DataInStageCallback
 .text.HAL_PCD_SOFCallback
                0x0000000008004312        0x8 Src/usbd_conf.o
                0x0000000008004312                HAL_PCD_SOFCallback
 .text.HAL_PCD_ResetCallback
                0x000000000800431a       0x24 Src/usbd_conf.o
                0x000000000800431a                HAL_PCD_ResetCallback
 *fill*         0x000000000800433e        0x2 
 .text.HAL_PCD_SuspendCallback
                0x0000000008004340       0x20 Src/usbd_conf.o
                0x0000000008004340                HAL_PCD_SuspendCallback
 .text.HAL_PCD_ResumeCallback
                0x0000000008004360        0x8 Src/usbd_conf.o
                0x0000000008004360                HAL_PCD_ResumeCallback
 .text.USBD_LL_Init
                0x0000000008004368       0x84 Src/usbd_conf.o
                0x0000000008004368                USBD_LL_Init
 .text.USBD_LL_Start
                0x00000000080043ec       0x1c Src/usbd_conf.o
                0x00000000080043ec                USBD_LL_Start
 .text.USBD_LL_OpenEP
                0x0000000008004408       0x20 Src/usbd_conf.o
                0x0000000008004408                USBD_LL_OpenEP
 .text.USBD_LL_CloseEP
                0x0000000008004428       0x1c Src/usbd_conf.o
                0x0000000008004428                USBD_LL_CloseEP
 .text.USBD_LL_StallEP
                0x0000000008004444       0x1c Src/usbd_conf.o
                0x0000000008004444                USBD_LL_StallEP
 .text.USBD_LL_ClearStallEP
                0x0000000008004460       0x1c Src/usbd_conf.o
                0x0000000008004460                USBD_LL_ClearStallEP
 .text.USBD_LL_IsStallEP
                0x000000000800447c       0x24 Src/usbd_conf.o
                0x000000000800447c                USBD_LL_IsStallEP
 .text.USBD_LL_SetUSBAddress
                0x00000000080044a0       0x1c Src/usbd_conf.o
                0x00000000080044a0                USBD_LL_SetUSBAddress
 .text.USBD_LL_Transmit
                0x00000000080044bc       0x1c Src/usbd_conf.o
                0x00000000080044bc                USBD_LL_Transmit
 .text.USBD_LL_PrepareReceive
                0x00000000080044d8       0x1c Src/usbd_conf.o
                0x00000000080044d8                USBD_LL_PrepareReceive
 .text.USBD_LL_GetRxDataSize
                0x00000000080044f4        0x8 Src/usbd_conf.o
                0x00000000080044f4                USBD_LL_GetRxDataSize
 .text.USBD_static_malloc
                0x00000000080044fc        0x8 Src/usbd_conf.o
                0x00000000080044fc                USBD_static_malloc
 .text.USBD_static_free
                0x0000000008004504        0x2 Src/usbd_conf.o
                0x0000000008004504                USBD_static_free
 .text.HAL_PCDEx_SetConnectionState
                0x0000000008004506        0x2 Src/usbd_conf.o
                0x0000000008004506                HAL_PCDEx_SetConnectionState
 .text.USBD_FS_DeviceDescriptor
                0x0000000008004508        0xc Src/usbd_desc.o
                0x0000000008004508                USBD_FS_DeviceDescriptor
 .text.USBD_FS_LangIDStrDescriptor
                0x0000000008004514        0xc Src/usbd_desc.o
                0x0000000008004514                USBD_FS_LangIDStrDescriptor
 .text.IntToUnicode
                0x0000000008004520       0x2a Src/usbd_desc.o
 *fill*         0x000000000800454a        0x2 
 .text.USBD_FS_SerialStrDescriptor
                0x000000000800454c       0x40 Src/usbd_desc.o
                0x000000000800454c                USBD_FS_SerialStrDescriptor
 .text.USBD_FS_ManufacturerStrDescriptor
                0x000000000800458c       0x1c Src/usbd_desc.o
                0x000000000800458c                USBD_FS_ManufacturerStrDescriptor
 .text.USBD_FS_ProductStrDescriptor
                0x00000000080045a8       0x1c Src/usbd_desc.o
                0x00000000080045a8                USBD_FS_ProductStrDescriptor
 .text.USBD_FS_ConfigStrDescriptor
                0x00000000080045c4       0x1c Src/usbd_desc.o
                0x00000000080045c4                USBD_FS_ConfigStrDescriptor
 .text.USBD_FS_InterfaceStrDescriptor
                0x00000000080045e0       0x1c Src/usbd_desc.o
                0x00000000080045e0                USBD_FS_InterfaceStrDescriptor
 .text.Reset_Handler
                0x00000000080045fc       0x48 startup/startup_stm32f103xe.o
                0x00000000080045fc                Reset_Handler
 .text.Default_Handler
                0x0000000008004644        0x2 startup/startup_stm32f103xe.o
                0x0000000008004644                RTC_Alarm_IRQHandler
                0x0000000008004644                EXTI2_IRQHandler
                0x0000000008004644                TIM8_TRG_COM_IRQHandler
                0x0000000008004644                TIM8_CC_IRQHandler
                0x0000000008004644                TIM1_CC_IRQHandler
                0x0000000008004644                PVD_IRQHandler
                0x0000000008004644                SDIO_IRQHandler
                0x0000000008004644                EXTI0_IRQHandler
                0x0000000008004644                I2C2_EV_IRQHandler
                0x0000000008004644                ADC1_2_IRQHandler
                0x0000000008004644                SPI1_IRQHandler
                0x0000000008004644                TAMPER_IRQHandler
                0x0000000008004644                TIM8_UP_IRQHandler
                0x0000000008004644                DMA2_Channel2_IRQHandler
                0x0000000008004644                DMA1_Channel4_IRQHandler
                0x0000000008004644                USART3_IRQHandler
                0x0000000008004644                RTC_IRQHandler
                0x0000000008004644                DMA1_Channel7_IRQHandler
                0x0000000008004644                CAN1_RX1_IRQHandler
                0x0000000008004644                UART5_IRQHandler
                0x0000000008004644                ADC3_IRQHandler
                0x0000000008004644                TIM4_IRQHandler
                0x0000000008004644                DMA2_Channel1_IRQHandler
                0x0000000008004644                I2C1_EV_IRQHandler
                0x0000000008004644                DMA1_Channel6_IRQHandler
                0x0000000008004644                UART4_IRQHandler
                0x0000000008004644                TIM3_IRQHandler
                0x0000000008004644                RCC_IRQHandler
                0x0000000008004644                TIM1_TRG_COM_IRQHandler
                0x0000000008004644                DMA1_Channel1_IRQHandler
                0x0000000008004644                Default_Handler
                0x0000000008004644                EXTI15_10_IRQHandler
                0x0000000008004644                TIM5_IRQHandler
                0x0000000008004644                SPI2_IRQHandler
                0x0000000008004644                DMA1_Channel5_IRQHandler
                0x0000000008004644                EXTI4_IRQHandler
                0x0000000008004644                USB_HP_CAN1_TX_IRQHandler
                0x0000000008004644                DMA1_Channel3_IRQHandler
                0x0000000008004644                FSMC_IRQHandler
                0x0000000008004644                TIM1_UP_IRQHandler
                0x0000000008004644                WWDG_IRQHandler
                0x0000000008004644                TIM2_IRQHandler
                0x0000000008004644                TIM1_BRK_IRQHandler
                0x0000000008004644                EXTI1_IRQHandler
                0x0000000008004644                DMA2_Channel4_5_IRQHandler
                0x0000000008004644                I2C2_ER_IRQHandler
                0x0000000008004644                DMA1_Channel2_IRQHandler
                0x0000000008004644                TIM8_BRK_IRQHandler
                0x0000000008004644                CAN1_SCE_IRQHandler
                0x0000000008004644                FLASH_IRQHandler
                0x0000000008004644                SPI3_IRQHandler
                0x0000000008004644                I2C1_ER_IRQHandler
                0x0000000008004644                USBWakeUp_IRQHandler
                0x0000000008004644                DMA2_Channel3_IRQHandler
 .text.atoi     0x0000000008004646        0x8 c:/st/stm32cubeide_1.6.0/stm32cubeide/plugins/com.st.stm32cube.ide.mcu.externaltools.gnu-tools-for-stm32.9-2020-q2-update.win32_1.5.0.202011040924/tools/bin/../lib/gcc/arm-none-eabi/9.3.1/../../../../arm-none-eabi/lib/thumb/v7-m/nofp\libc_nano.a(lib_a-atoi.o)
                0x0000000008004646                atoi
 *fill*         0x000000000800464e        0x2 
 .text.__errno  0x0000000008004650        0xc c:/st/stm32cubeide_1.6.0/stm32cubeide/plugins/com.st.stm32cube.ide.mcu.externaltools.gnu-tools-for-stm32.9-2020-q2-update.win32_1.5.0.202011040924/tools/bin/../lib/gcc/arm-none-eabi/9.3.1/../../../../arm-none-eabi/lib/thumb/v7-m/nofp\libc_nano.a(lib_a-errno.o)
                0x0000000008004650                __errno
 .text.__libc_init_array
                0x000000000800465c       0x48 c:/st/stm32cubeide_1.6.0/stm32cubeide/plugins/com.st.stm32cube.ide.mcu.externaltools.gnu-tools-for-stm32.9-2020-q2-update.win32_1.5.0.202011040924/tools/bin/../lib/gcc/arm-none-eabi/9.3.1/../../../../arm-none-eabi/lib/thumb/v7-m/nofp\libc_nano.a(lib_a-init.o)
                0x000000000800465c                __libc_init_array
 .text.memset   0x00000000080046a4       0x10 c:/st/stm32cubeide_1.6.0/stm32cubeide/plugins/com.st.stm32cube.ide.mcu.externaltools.gnu-tools-for-stm32.9-2020-q2-update.win32_1.5.0.202011040924/tools/bin/../lib/gcc/arm-none-eabi/9.3.1/../../../../arm-none-eabi/lib/thumb/v7-m/nofp\libc_nano.a(lib_a-memset.o)
                0x00000000080046a4                memset
 .text.printf   0x00000000080046b4       0x30 c:/st/stm32cubeide_1.6.0/stm32cubeide/plugins/com.st.stm32cube.ide.mcu.externaltools.gnu-tools-for-stm32.9-2020-q2-update.win32_1.5.0.202011040924/tools/bin/../lib/gcc/arm-none-eabi/9.3.1/../../../../arm-none-eabi/lib/thumb/v7-m/nofp\libc_nano.a(lib_a-printf.o)
                0x00000000080046b4                iprintf
                0x00000000080046b4                printf
 .text._puts_r  0x00000000080046e4       0xdc c:/st/stm32cubeide_1.6.0/stm32cubeide/plugins/com.st.stm32cube.ide.mcu.externaltools.gnu-tools-for-stm32.9-2020-q2-update.win32_1.5.0.202011040924/tools/bin/../lib/gcc/arm-none-eabi/9.3.1/../../../../arm-none-eabi/lib/thumb/v7-m/nofp\libc_nano.a(lib_a-puts.o)
                0x00000000080046e4                _puts_r
 .text.puts     0x00000000080047c0       0x10 c:/st/stm32cubeide_1.6.0/stm32cubeide/plugins/com.st.stm32cube.ide.mcu.externaltools.gnu-tools-for-stm32.9-2020-q2-update.win32_1.5.0.202011040924/tools/bin/../lib/gcc/arm-none-eabi/9.3.1/../../../../arm-none-eabi/lib/thumb/v7-m/nofp\libc_nano.a(lib_a-puts.o)
                0x00000000080047c0                puts
 .text.sprintf  0x00000000080047d0       0x40 c:/st/stm32cubeide_1.6.0/stm32cubeide/plugins/com.st.stm32cube.ide.mcu.externaltools.gnu-tools-for-stm32.9-2020-q2-update.win32_1.5.0.202011040924/tools/bin/../lib/gcc/arm-none-eabi/9.3.1/../../../../arm-none-eabi/lib/thumb/v7-m/nofp\libc_nano.a(lib_a-sprintf.o)
                0x00000000080047d0                siprintf
                0x00000000080047d0                sprintf
 .text.strcpy   0x0000000008004810       0x10 c:/st/stm32cubeide_1.6.0/stm32cubeide/plugins/com.st.stm32cube.ide.mcu.externaltools.gnu-tools-for-stm32.9-2020-q2-update.win32_1.5.0.202011040924/tools/bin/../lib/gcc/arm-none-eabi/9.3.1/../../../../arm-none-eabi/lib/thumb/v7-m/nofp\libc_nano.a(lib_a-strcpy.o)
                0x0000000008004810                strcpy
 .text.strtok   0x0000000008004820       0x68 c:/st/stm32cubeide_1.6.0/stm32cubeide/plugins/com.st.stm32cube.ide.mcu.externaltools.gnu-tools-for-stm32.9-2020-q2-update.win32_1.5.0.202011040924/tools/bin/../lib/gcc/arm-none-eabi/9.3.1/../../../../arm-none-eabi/lib/thumb/v7-m/nofp\libc_nano.a(lib_a-strtok.o)
                0x0000000008004820                strtok
 .text.__strtok_r
                0x0000000008004888       0x50 c:/st/stm32cubeide_1.6.0/stm32cubeide/plugins/com.st.stm32cube.ide.mcu.externaltools.gnu-tools-for-stm32.9-2020-q2-update.win32_1.5.0.202011040924/tools/bin/../lib/gcc/arm-none-eabi/9.3.1/../../../../arm-none-eabi/lib/thumb/v7-m/nofp\libc_nano.a(lib_a-strtok_r.o)
                0x0000000008004888                __strtok_r
 .text._strtol_l.isra.0
                0x00000000080048d8      0x10c c:/st/stm32cubeide_1.6.0/stm32cubeide/plugins/com.st.stm32cube.ide.mcu.externaltools.gnu-tools-for-stm32.9-2020-q2-update.win32_1.5.0.202011040924/tools/bin/../lib/gcc/arm-none-eabi/9.3.1/../../../../arm-none-eabi/lib/thumb/v7-m/nofp\libc_nano.a(lib_a-strtol.o)
 .text.strtol   0x00000000080049e4       0x14 c:/st/stm32cubeide_1.6.0/stm32cubeide/plugins/com.st.stm32cube.ide.mcu.externaltools.gnu-tools-for-stm32.9-2020-q2-update.win32_1.5.0.202011040924/tools/bin/../lib/gcc/arm-none-eabi/9.3.1/../../../../arm-none-eabi/lib/thumb/v7-m/nofp\libc_nano.a(lib_a-strtol.o)
                0x00000000080049e4                strtol
 .text.__swbuf_r
                0x00000000080049f8       0xa4 c:/st/stm32cubeide_1.6.0/stm32cubeide/plugins/com.st.stm32cube.ide.mcu.externaltools.gnu-tools-for-stm32.9-2020-q2-update.win32_1.5.0.202011040924/tools/bin/../lib/gcc/arm-none-eabi/9.3.1/../../../../arm-none-eabi/lib/thumb/v7-m/nofp\libc_nano.a(lib_a-wbuf.o)
                0x00000000080049f8                __swbuf_r
 .text.__swsetup_r
                0x0000000008004a9c       0xdc c:/st/stm32cubeide_1.6.0/stm32cubeide/plugins/com.st.stm32cube.ide.mcu.externaltools.gnu-tools-for-stm32.9-2020-q2-update.win32_1.5.0.202011040924/tools/bin/../lib/gcc/arm-none-eabi/9.3.1/../../../../arm-none-eabi/lib/thumb/v7-m/nofp\libc_nano.a(lib_a-wsetup.o)
                0x0000000008004a9c                __swsetup_r
 .text.__assert_func
                0x0000000008004b78       0x3c c:/st/stm32cubeide_1.6.0/stm32cubeide/plugins/com.st.stm32cube.ide.mcu.externaltools.gnu-tools-for-stm32.9-2020-q2-update.win32_1.5.0.202011040924/tools/bin/../lib/gcc/arm-none-eabi/9.3.1/../../../../arm-none-eabi/lib/thumb/v7-m/nofp\libc_nano.a(lib_a-assert.o)
                0x0000000008004b78                __assert_func
 .text.__sflush_r
                0x0000000008004bb4      0x10c c:/st/stm32cubeide_1.6.0/stm32cubeide/plugins/com.st.stm32cube.ide.mcu.externaltools.gnu-tools-for-stm32.9-2020-q2-update.win32_1.5.0.202011040924/tools/bin/../lib/gcc/arm-none-eabi/9.3.1/../../../../arm-none-eabi/lib/thumb/v7-m/nofp\libc_nano.a(lib_a-fflush.o)
                0x0000000008004bb4                __sflush_r
 .text._fflush_r
                0x0000000008004cc0       0x78 c:/st/stm32cubeide_1.6.0/stm32cubeide/plugins/com.st.stm32cube.ide.mcu.externaltools.gnu-tools-for-stm32.9-2020-q2-update.win32_1.5.0.202011040924/tools/bin/../lib/gcc/arm-none-eabi/9.3.1/../../../../arm-none-eabi/lib/thumb/v7-m/nofp\libc_nano.a(lib_a-fflush.o)
                0x0000000008004cc0                _fflush_r
 .text.std      0x0000000008004d38       0x48 c:/st/stm32cubeide_1.6.0/stm32cubeide/plugins/com.st.stm32cube.ide.mcu.externaltools.gnu-tools-for-stm32.9-2020-q2-update.win32_1.5.0.202011040924/tools/bin/../lib/gcc/arm-none-eabi/9.3.1/../../../../arm-none-eabi/lib/thumb/v7-m/nofp\libc_nano.a(lib_a-findfp.o)
 .text._cleanup_r
                0x0000000008004d80        0xc c:/st/stm32cubeide_1.6.0/stm32cubeide/plugins/com.st.stm32cube.ide.mcu.externaltools.gnu-tools-for-stm32.9-2020-q2-update.win32_1.5.0.202011040924/tools/bin/../lib/gcc/arm-none-eabi/9.3.1/../../../../arm-none-eabi/lib/thumb/v7-m/nofp\libc_nano.a(lib_a-findfp.o)
                0x0000000008004d80                _cleanup_r
 .text.__sfmoreglue
                0x0000000008004d8c       0x2c c:/st/stm32cubeide_1.6.0/stm32cubeide/plugins/com.st.stm32cube.ide.mcu.externaltools.gnu-tools-for-stm32.9-2020-q2-update.win32_1.5.0.202011040924/tools/bin/../lib/gcc/arm-none-eabi/9.3.1/../../../../arm-none-eabi/lib/thumb/v7-m/nofp\libc_nano.a(lib_a-findfp.o)
                0x0000000008004d8c                __sfmoreglue
 .text.__sfp_lock_acquire
                0x0000000008004db8        0xc c:/st/stm32cubeide_1.6.0/stm32cubeide/plugins/com.st.stm32cube.ide.mcu.externaltools.gnu-tools-for-stm32.9-2020-q2-update.win32_1.5.0.202011040924/tools/bin/../lib/gcc/arm-none-eabi/9.3.1/../../../../arm-none-eabi/lib/thumb/v7-m/nofp\libc_nano.a(lib_a-findfp.o)
                0x0000000008004db8                __sfp_lock_acquire
 .text.__sfp_lock_release
                0x0000000008004dc4        0xc c:/st/stm32cubeide_1.6.0/stm32cubeide/plugins/com.st.stm32cube.ide.mcu.externaltools.gnu-tools-for-stm32.9-2020-q2-update.win32_1.5.0.202011040924/tools/bin/../lib/gcc/arm-none-eabi/9.3.1/../../../../arm-none-eabi/lib/thumb/v7-m/nofp\libc_nano.a(lib_a-findfp.o)
                0x0000000008004dc4                __sfp_lock_release
 .text.__sinit_lock_acquire
                0x0000000008004dd0        0xc c:/st/stm32cubeide_1.6.0/stm32cubeide/plugins/com.st.stm32cube.ide.mcu.externaltools.gnu-tools-for-stm32.9-2020-q2-update.win32_1.5.0.202011040924/tools/bin/../lib/gcc/arm-none-eabi/9.3.1/../../../../arm-none-eabi/lib/thumb/v7-m/nofp\libc_nano.a(lib_a-findfp.o)
                0x0000000008004dd0                __sinit_lock_acquire
 .text.__sinit_lock_release
                0x0000000008004ddc        0xc c:/st/stm32cubeide_1.6.0/stm32cubeide/plugins/com.st.stm32cube.ide.mcu.externaltools.gnu-tools-for-stm32.9-2020-q2-update.win32_1.5.0.202011040924/tools/bin/../lib/gcc/arm-none-eabi/9.3.1/../../../../arm-none-eabi/lib/thumb/v7-m/nofp\libc_nano.a(lib_a-findfp.o)
                0x0000000008004ddc                __sinit_lock_release
 .text.__sinit  0x0000000008004de8       0x70 c:/st/stm32cubeide_1.6.0/stm32cubeide/plugins/com.st.stm32cube.ide.mcu.externaltools.gnu-tools-for-stm32.9-2020-q2-update.win32_1.5.0.202011040924/tools/bin/../lib/gcc/arm-none-eabi/9.3.1/../../../../arm-none-eabi/lib/thumb/v7-m/nofp\libc_nano.a(lib_a-findfp.o)
                0x0000000008004de8                __sinit
 .text.__sfp    0x0000000008004e58       0x8c c:/st/stm32cubeide_1.6.0/stm32cubeide/plugins/com.st.stm32cube.ide.mcu.externaltools.gnu-tools-for-stm32.9-2020-q2-update.win32_1.5.0.202011040924/tools/bin/../lib/gcc/arm-none-eabi/9.3.1/../../../../arm-none-eabi/lib/thumb/v7-m/nofp\libc_nano.a(lib_a-findfp.o)
                0x0000000008004e58                __sfp
 .text.fprintf  0x0000000008004ee4       0x24 c:/st/stm32cubeide_1.6.0/stm32cubeide/plugins/com.st.stm32cube.ide.mcu.externaltools.gnu-tools-for-stm32.9-2020-q2-update.win32_1.5.0.202011040924/tools/bin/../lib/gcc/arm-none-eabi/9.3.1/../../../../arm-none-eabi/lib/thumb/v7-m/nofp\libc_nano.a(lib_a-fprintf.o)
                0x0000000008004ee4                fiprintf
                0x0000000008004ee4                fprintf
 .text._fwalk_reent
                0x0000000008004f08       0x3e c:/st/stm32cubeide_1.6.0/stm32cubeide/plugins/com.st.stm32cube.ide.mcu.externaltools.gnu-tools-for-stm32.9-2020-q2-update.win32_1.5.0.202011040924/tools/bin/../lib/gcc/arm-none-eabi/9.3.1/../../../../arm-none-eabi/lib/thumb/v7-m/nofp\libc_nano.a(lib_a-fwalk.o)
                0x0000000008004f08                _fwalk_reent
 .text.__retarget_lock_init_recursive
                0x0000000008004f46        0x2 c:/st/stm32cubeide_1.6.0/stm32cubeide/plugins/com.st.stm32cube.ide.mcu.externaltools.gnu-tools-for-stm32.9-2020-q2-update.win32_1.5.0.202011040924/tools/bin/../lib/gcc/arm-none-eabi/9.3.1/../../../../arm-none-eabi/lib/thumb/v7-m/nofp\libc_nano.a(lib_a-lock.o)
                0x0000000008004f46                __retarget_lock_init_recursive
 .text.__retarget_lock_acquire_recursive
                0x0000000008004f48        0x2 c:/st/stm32cubeide_1.6.0/stm32cubeide/plugins/com.st.stm32cube.ide.mcu.externaltools.gnu-tools-for-stm32.9-2020-q2-update.win32_1.5.0.202011040924/tools/bin/../lib/gcc/arm-none-eabi/9.3.1/../../../../arm-none-eabi/lib/thumb/v7-m/nofp\libc_nano.a(lib_a-lock.o)
                0x0000000008004f48                __retarget_lock_acquire_recursive
 .text.__retarget_lock_release_recursive
                0x0000000008004f4a        0x2 c:/st/stm32cubeide_1.6.0/stm32cubeide/plugins/com.st.stm32cube.ide.mcu.externaltools.gnu-tools-for-stm32.9-2020-q2-update.win32_1.5.0.202011040924/tools/bin/../lib/gcc/arm-none-eabi/9.3.1/../../../../arm-none-eabi/lib/thumb/v7-m/nofp\libc_nano.a(lib_a-lock.o)
                0x0000000008004f4a                __retarget_lock_release_recursive
 .text.__swhatbuf_r
                0x0000000008004f4c       0x48 c:/st/stm32cubeide_1.6.0/stm32cubeide/plugins/com.st.stm32cube.ide.mcu.externaltools.gnu-tools-for-stm32.9-2020-q2-update.win32_1.5.0.202011040924/tools/bin/../lib/gcc/arm-none-eabi/9.3.1/../../../../arm-none-eabi/lib/thumb/v7-m/nofp\libc_nano.a(lib_a-makebuf.o)
                0x0000000008004f4c                __swhatbuf_r
 .text.__smakebuf_r
                0x0000000008004f94       0x80 c:/st/stm32cubeide_1.6.0/stm32cubeide/plugins/com.st.stm32cube.ide.mcu.externaltools.gnu-tools-for-stm32.9-2020-q2-update.win32_1.5.0.202011040924/tools/bin/../lib/gcc/arm-none-eabi/9.3.1/../../../../arm-none-eabi/lib/thumb/v7-m/nofp\libc_nano.a(lib_a-makebuf.o)
                0x0000000008004f94                __smakebuf_r
 .text.malloc   0x0000000008005014       0x10 c:/st/stm32cubeide_1.6.0/stm32cubeide/plugins/com.st.stm32cube.ide.mcu.externaltools.gnu-tools-for-stm32.9-2020-q2-update.win32_1.5.0.202011040924/tools/bin/../lib/gcc/arm-none-eabi/9.3.1/../../../../arm-none-eabi/lib/thumb/v7-m/nofp\libc_nano.a(lib_a-malloc.o)
                0x0000000008005014                malloc
 .text._free_r  0x0000000008005024       0x98 c:/st/stm32cubeide_1.6.0/stm32cubeide/plugins/com.st.stm32cube.ide.mcu.externaltools.gnu-tools-for-stm32.9-2020-q2-update.win32_1.5.0.202011040924/tools/bin/../lib/gcc/arm-none-eabi/9.3.1/../../../../arm-none-eabi/lib/thumb/v7-m/nofp\libc_nano.a(lib_a-nano-freer.o)
                0x0000000008005024                _free_r
 .text._malloc_r
                0x00000000080050bc       0xb4 c:/st/stm32cubeide_1.6.0/stm32cubeide/plugins/com.st.stm32cube.ide.mcu.externaltools.gnu-tools-for-stm32.9-2020-q2-update.win32_1.5.0.202011040924/tools/bin/../lib/gcc/arm-none-eabi/9.3.1/../../../../arm-none-eabi/lib/thumb/v7-m/nofp\libc_nano.a(lib_a-nano-mallocr.o)
                0x00000000080050bc                _malloc_r
 .text.__ssputs_r
                0x0000000008005170       0xb6 c:/st/stm32cubeide_1.6.0/stm32cubeide/plugins/com.st.stm32cube.ide.mcu.externaltools.gnu-tools-for-stm32.9-2020-q2-update.win32_1.5.0.202011040924/tools/bin/../lib/gcc/arm-none-eabi/9.3.1/../../../../arm-none-eabi/lib/thumb/v7-m/nofp\libc_nano.a(lib_a-nano-svfprintf.o)
                0x0000000008005170                __ssputs_r
 *fill*         0x0000000008005226        0x2 
 .text._svfprintf_r
                0x0000000008005228      0x200 c:/st/stm32cubeide_1.6.0/stm32cubeide/plugins/com.st.stm32cube.ide.mcu.externaltools.gnu-tools-for-stm32.9-2020-q2-update.win32_1.5.0.202011040924/tools/bin/../lib/gcc/arm-none-eabi/9.3.1/../../../../arm-none-eabi/lib/thumb/v7-m/nofp\libc_nano.a(lib_a-nano-svfprintf.o)
                0x0000000008005228                _svfiprintf_r
                0x0000000008005228                _svfprintf_r
 .text.__sfputc_r
                0x0000000008005428       0x2a c:/st/stm32cubeide_1.6.0/stm32cubeide/plugins/com.st.stm32cube.ide.mcu.externaltools.gnu-tools-for-stm32.9-2020-q2-update.win32_1.5.0.202011040924/tools/bin/../lib/gcc/arm-none-eabi/9.3.1/../../../../arm-none-eabi/lib/thumb/v7-m/nofp\libc_nano.a(lib_a-nano-vfprintf.o)
 .text.__sfputs_r
                0x0000000008005452       0x24 c:/st/stm32cubeide_1.6.0/stm32cubeide/plugins/com.st.stm32cube.ide.mcu.externaltools.gnu-tools-for-stm32.9-2020-q2-update.win32_1.5.0.202011040924/tools/bin/../lib/gcc/arm-none-eabi/9.3.1/../../../../arm-none-eabi/lib/thumb/v7-m/nofp\libc_nano.a(lib_a-nano-vfprintf.o)
                0x0000000008005452                __sfputs_r
 *fill*         0x0000000008005476        0x2 
 .text._vfprintf_r
                0x0000000008005478      0x260 c:/st/stm32cubeide_1.6.0/stm32cubeide/plugins/com.st.stm32cube.ide.mcu.externaltools.gnu-tools-for-stm32.9-2020-q2-update.win32_1.5.0.202011040924/tools/bin/../lib/gcc/arm-none-eabi/9.3.1/../../../../arm-none-eabi/lib/thumb/v7-m/nofp\libc_nano.a(lib_a-nano-vfprintf.o)
                0x0000000008005478                _vfprintf_r
                0x0000000008005478                _vfiprintf_r
 .text._printf_common
                0x00000000080056d8       0xde c:/st/stm32cubeide_1.6.0/stm32cubeide/plugins/com.st.stm32cube.ide.mcu.externaltools.gnu-tools-for-stm32.9-2020-q2-update.win32_1.5.0.202011040924/tools/bin/../lib/gcc/arm-none-eabi/9.3.1/../../../../arm-none-eabi/lib/thumb/v7-m/nofp\libc_nano.a(lib_a-nano-vfprintf_i.o)
                0x00000000080056d8                _printf_common
 *fill*         0x00000000080057b6        0x2 
 .text._printf_i
                0x00000000080057b8      0x24c c:/st/stm32cubeide_1.6.0/stm32cubeide/plugins/com.st.stm32cube.ide.mcu.externaltools.gnu-tools-for-stm32.9-2020-q2-update.win32_1.5.0.202011040924/tools/bin/../lib/gcc/arm-none-eabi/9.3.1/../../../../arm-none-eabi/lib/thumb/v7-m/nofp\libc_nano.a(lib_a-nano-vfprintf_i.o)
                0x00000000080057b8                _printf_i
 .text._sbrk_r  0x0000000008005a04       0x20 c:/st/stm32cubeide_1.6.0/stm32cubeide/plugins/com.st.stm32cube.ide.mcu.externaltools.gnu-tools-for-stm32.9-2020-q2-update.win32_1.5.0.202011040924/tools/bin/../lib/gcc/arm-none-eabi/9.3.1/../../../../arm-none-eabi/lib/thumb/v7-m/nofp\libc_nano.a(lib_a-sbrkr.o)
                0x0000000008005a04                _sbrk_r
 .text.__sread  0x0000000008005a24       0x22 c:/st/stm32cubeide_1.6.0/stm32cubeide/plugins/com.st.stm32cube.ide.mcu.externaltools.gnu-tools-for-stm32.9-2020-q2-update.win32_1.5.0.202011040924/tools/bin/../lib/gcc/arm-none-eabi/9.3.1/../../../../arm-none-eabi/lib/thumb/v7-m/nofp\libc_nano.a(lib_a-stdio.o)
                0x0000000008005a24                __sread
 .text.__swrite
                0x0000000008005a46       0x38 c:/st/stm32cubeide_1.6.0/stm32cubeide/plugins/com.st.stm32cube.ide.mcu.externaltools.gnu-tools-for-stm32.9-2020-q2-update.win32_1.5.0.202011040924/tools/bin/../lib/gcc/arm-none-eabi/9.3.1/../../../../arm-none-eabi/lib/thumb/v7-m/nofp\libc_nano.a(lib_a-stdio.o)
                0x0000000008005a46                __swrite
 .text.__sseek  0x0000000008005a7e       0x24 c:/st/stm32cubeide_1.6.0/stm32cubeide/plugins/com.st.stm32cube.ide.mcu.externaltools.gnu-tools-for-stm32.9-2020-q2-update.win32_1.5.0.202011040924/tools/bin/../lib/gcc/arm-none-eabi/9.3.1/../../../../arm-none-eabi/lib/thumb/v7-m/nofp\libc_nano.a(lib_a-stdio.o)
                0x0000000008005a7e                __sseek
 .text.__sclose
                0x0000000008005aa2        0x8 c:/st/stm32cubeide_1.6.0/stm32cubeide/plugins/com.st.stm32cube.ide.mcu.externaltools.gnu-tools-for-stm32.9-2020-q2-update.win32_1.5.0.202011040924/tools/bin/../lib/gcc/arm-none-eabi/9.3.1/../../../../arm-none-eabi/lib/thumb/v7-m/nofp\libc_nano.a(lib_a-stdio.o)
                0x0000000008005aa2                __sclose
 *fill*         0x0000000008005aaa        0x2 
 .text._write_r
                0x0000000008005aac       0x24 c:/st/stm32cubeide_1.6.0/stm32cubeide/plugins/com.st.stm32cube.ide.mcu.externaltools.gnu-tools-for-stm32.9-2020-q2-update.win32_1.5.0.202011040924/tools/bin/../lib/gcc/arm-none-eabi/9.3.1/../../../../arm-none-eabi/lib/thumb/v7-m/nofp\libc_nano.a(lib_a-writer.o)
                0x0000000008005aac                _write_r
 .text.abort    0x0000000008005ad0        0xe c:/st/stm32cubeide_1.6.0/stm32cubeide/plugins/com.st.stm32cube.ide.mcu.externaltools.gnu-tools-for-stm32.9-2020-q2-update.win32_1.5.0.202011040924/tools/bin/../lib/gcc/arm-none-eabi/9.3.1/../../../../arm-none-eabi/lib/thumb/v7-m/nofp\libc_nano.a(lib_a-abort.o)
                0x0000000008005ad0                abort
 *fill*         0x0000000008005ade        0x2 
 .text._close_r
                0x0000000008005ae0       0x20 c:/st/stm32cubeide_1.6.0/stm32cubeide/plugins/com.st.stm32cube.ide.mcu.externaltools.gnu-tools-for-stm32.9-2020-q2-update.win32_1.5.0.202011040924/tools/bin/../lib/gcc/arm-none-eabi/9.3.1/../../../../arm-none-eabi/lib/thumb/v7-m/nofp\libc_nano.a(lib_a-closer.o)
                0x0000000008005ae0                _close_r
 .text._fstat_r
                0x0000000008005b00       0x24 c:/st/stm32cubeide_1.6.0/stm32cubeide/plugins/com.st.stm32cube.ide.mcu.externaltools.gnu-tools-for-stm32.9-2020-q2-update.win32_1.5.0.202011040924/tools/bin/../lib/gcc/arm-none-eabi/9.3.1/../../../../arm-none-eabi/lib/thumb/v7-m/nofp\libc_nano.a(lib_a-fstatr.o)
                0x0000000008005b00                _fstat_r
 .text._isatty_r
                0x0000000008005b24       0x20 c:/st/stm32cubeide_1.6.0/stm32cubeide/plugins/com.st.stm32cube.ide.mcu.externaltools.gnu-tools-for-stm32.9-2020-q2-update.win32_1.5.0.202011040924/tools/bin/../lib/gcc/arm-none-eabi/9.3.1/../../../../arm-none-eabi/lib/thumb/v7-m/nofp\libc_nano.a(lib_a-isattyr.o)
                0x0000000008005b24                _isatty_r
 .text._lseek_r
                0x0000000008005b44       0x24 c:/st/stm32cubeide_1.6.0/stm32cubeide/plugins/com.st.stm32cube.ide.mcu.externaltools.gnu-tools-for-stm32.9-2020-q2-update.win32_1.5.0.202011040924/tools/bin/../lib/gcc/arm-none-eabi/9.3.1/../../../../arm-none-eabi/lib/thumb/v7-m/nofp\libc_nano.a(lib_a-lseekr.o)
                0x0000000008005b44                _lseek_r
 .text.memchr   0x0000000008005b68       0x1c c:/st/stm32cubeide_1.6.0/stm32cubeide/plugins/com.st.stm32cube.ide.mcu.externaltools.gnu-tools-for-stm32.9-2020-q2-update.win32_1.5.0.202011040924/tools/bin/../lib/gcc/arm-none-eabi/9.3.1/../../../../arm-none-eabi/lib/thumb/v7-m/nofp\libc_nano.a(lib_a-memchr-stub.o)
                0x0000000008005b68                memchr
 .text.memcpy   0x0000000008005b84       0x1c c:/st/stm32cubeide_1.6.0/stm32cubeide/plugins/com.st.stm32cube.ide.mcu.externaltools.gnu-tools-for-stm32.9-2020-q2-update.win32_1.5.0.202011040924/tools/bin/../lib/gcc/arm-none-eabi/9.3.1/../../../../arm-none-eabi/lib/thumb/v7-m/nofp\libc_nano.a(lib_a-memcpy-stub.o)
                0x0000000008005b84                memcpy
 .text.memmove  0x0000000008005ba0       0x34 c:/st/stm32cubeide_1.6.0/stm32cubeide/plugins/com.st.stm32cube.ide.mcu.externaltools.gnu-tools-for-stm32.9-2020-q2-update.win32_1.5.0.202011040924/tools/bin/../lib/gcc/arm-none-eabi/9.3.1/../../../../arm-none-eabi/lib/thumb/v7-m/nofp\libc_nano.a(lib_a-memmove.o)
                0x0000000008005ba0                memmove
 .text.__malloc_lock
                0x0000000008005bd4        0xc c:/st/stm32cubeide_1.6.0/stm32cubeide/plugins/com.st.stm32cube.ide.mcu.externaltools.gnu-tools-for-stm32.9-2020-q2-update.win32_1.5.0.202011040924/tools/bin/../lib/gcc/arm-none-eabi/9.3.1/../../../../arm-none-eabi/lib/thumb/v7-m/nofp\libc_nano.a(lib_a-mlock.o)
                0x0000000008005bd4                __malloc_lock
 .text.__malloc_unlock
                0x0000000008005be0        0xc c:/st/stm32cubeide_1.6.0/stm32cubeide/plugins/com.st.stm32cube.ide.mcu.externaltools.gnu-tools-for-stm32.9-2020-q2-update.win32_1.5.0.202011040924/tools/bin/../lib/gcc/arm-none-eabi/9.3.1/../../../../arm-none-eabi/lib/thumb/v7-m/nofp\libc_nano.a(lib_a-mlock.o)
                0x0000000008005be0                __malloc_unlock
 .text._realloc_r
                0x0000000008005bec       0x4c c:/st/stm32cubeide_1.6.0/stm32cubeide/plugins/com.st.stm32cube.ide.mcu.externaltools.gnu-tools-for-stm32.9-2020-q2-update.win32_1.5.0.202011040924/tools/bin/../lib/gcc/arm-none-eabi/9.3.1/../../../../arm-none-eabi/lib/thumb/v7-m/nofp\libc_nano.a(lib_a-nano-reallocr.o)
                0x0000000008005bec                _realloc_r
 .text._read_r  0x0000000008005c38       0x24 c:/st/stm32cubeide_1.6.0/stm32cubeide/plugins/com.st.stm32cube.ide.mcu.externaltools.gnu-tools-for-stm32.9-2020-q2-update.win32_1.5.0.202011040924/tools/bin/../lib/gcc/arm-none-eabi/9.3.1/../../../../arm-none-eabi/lib/thumb/v7-m/nofp\libc_nano.a(lib_a-readr.o)
                0x0000000008005c38                _read_r
 .text._raise_r
                0x0000000008005c5c       0x50 c:/st/stm32cubeide_1.6.0/stm32cubeide/plugins/com.st.stm32cube.ide.mcu.externaltools.gnu-tools-for-stm32.9-2020-q2-update.win32_1.5.0.202011040924/tools/bin/../lib/gcc/arm-none-eabi/9.3.1/../../../../arm-none-eabi/lib/thumb/v7-m/nofp\libc_nano.a(lib_a-signal.o)
                0x0000000008005c5c                _raise_r
 .text.raise    0x0000000008005cac       0x10 c:/st/stm32cubeide_1.6.0/stm32cubeide/plugins/com.st.stm32cube.ide.mcu.externaltools.gnu-tools-for-stm32.9-2020-q2-update.win32_1.5.0.202011040924/tools/bin/../lib/gcc/arm-none-eabi/9.3.1/../../../../arm-none-eabi/lib/thumb/v7-m/nofp\libc_nano.a(lib_a-signal.o)
                0x0000000008005cac                raise
 .text._kill_r  0x0000000008005cbc       0x24 c:/st/stm32cubeide_1.6.0/stm32cubeide/plugins/com.st.stm32cube.ide.mcu.externaltools.gnu-tools-for-stm32.9-2020-q2-update.win32_1.5.0.202011040924/tools/bin/../lib/gcc/arm-none-eabi/9.3.1/../../../../arm-none-eabi/lib/thumb/v7-m/nofp\libc_nano.a(lib_a-signalr.o)
                0x0000000008005cbc                _kill_r
 .text._getpid_r
                0x0000000008005ce0        0x4 c:/st/stm32cubeide_1.6.0/stm32cubeide/plugins/com.st.stm32cube.ide.mcu.externaltools.gnu-tools-for-stm32.9-2020-q2-update.win32_1.5.0.202011040924/tools/bin/../lib/gcc/arm-none-eabi/9.3.1/../../../../arm-none-eabi/lib/thumb/v7-m/nofp\libc_nano.a(lib_a-signalr.o)
                0x0000000008005ce0                _getpid_r
 .text._malloc_usable_size_r
                0x0000000008005ce4       0x10 c:/st/stm32cubeide_1.6.0/stm32cubeide/plugins/com.st.stm32cube.ide.mcu.externaltools.gnu-tools-for-stm32.9-2020-q2-update.win32_1.5.0.202011040924/tools/bin/../lib/gcc/arm-none-eabi/9.3.1/../../../../arm-none-eabi/lib/thumb/v7-m/nofp\libc_nano.a(lib_a-nano-msizer.o)
                0x0000000008005ce4                _malloc_usable_size_r
 *(.glue_7)
 .glue_7        0x0000000008005cf4        0x0 linker stubs
 *(.glue_7t)
 .glue_7t       0x0000000008005cf4        0x0 linker stubs
 *(.eh_frame)
 .eh_frame      0x0000000008005cf4        0x0 c:/st/stm32cubeide_1.6.0/stm32cubeide/plugins/com.st.stm32cube.ide.mcu.externaltools.gnu-tools-for-stm32.9-2020-q2-update.win32_1.5.0.202011040924/tools/bin/../lib/gcc/arm-none-eabi/9.3.1/thumb/v7-m/nofp/crtbegin.o
 *(.init)
 .init          0x0000000008005cf4        0x4 c:/st/stm32cubeide_1.6.0/stm32cubeide/plugins/com.st.stm32cube.ide.mcu.externaltools.gnu-tools-for-stm32.9-2020-q2-update.win32_1.5.0.202011040924/tools/bin/../lib/gcc/arm-none-eabi/9.3.1/thumb/v7-m/nofp/crti.o
                0x0000000008005cf4                _init
 .init          0x0000000008005cf8        0x8 c:/st/stm32cubeide_1.6.0/stm32cubeide/plugins/com.st.stm32cube.ide.mcu.externaltools.gnu-tools-for-stm32.9-2020-q2-update.win32_1.5.0.202011040924/tools/bin/../lib/gcc/arm-none-eabi/9.3.1/thumb/v7-m/nofp/crtn.o
 *(.fini)
 .fini          0x0000000008005d00        0x4 c:/st/stm32cubeide_1.6.0/stm32cubeide/plugins/com.st.stm32cube.ide.mcu.externaltools.gnu-tools-for-stm32.9-2020-q2-update.win32_1.5.0.202011040924/tools/bin/../lib/gcc/arm-none-eabi/9.3.1/thumb/v7-m/nofp/crti.o
                0x0000000008005d00                _fini
 .fini          0x0000000008005d04        0x8 c:/st/stm32cubeide_1.6.0/stm32cubeide/plugins/com.st.stm32cube.ide.mcu.externaltools.gnu-tools-for-stm32.9-2020-q2-update.win32_1.5.0.202011040924/tools/bin/../lib/gcc/arm-none-eabi/9.3.1/thumb/v7-m/nofp/crtn.o
                0x0000000008005d0c                . = ALIGN (0x4)
                0x0000000008005d0c                _etext = .

.vfp11_veneer   0x0000000008005d0c        0x0
 .vfp11_veneer  0x0000000008005d0c        0x0 linker stubs

.v4_bx          0x0000000008005d0c        0x0
 .v4_bx         0x0000000008005d0c        0x0 linker stubs

.iplt           0x0000000008005d0c        0x0
 .iplt          0x0000000008005d0c        0x0 c:/st/stm32cubeide_1.6.0/stm32cubeide/plugins/com.st.stm32cube.ide.mcu.externaltools.gnu-tools-for-stm32.9-2020-q2-update.win32_1.5.0.202011040924/tools/bin/../lib/gcc/arm-none-eabi/9.3.1/thumb/v7-m/nofp/crtbegin.o

.rodata         0x0000000008005d0c      0x434
                0x0000000008005d0c                . = ALIGN (0x4)
 *(.rodata)
 *(.rodata*)
 .rodata.HAL_RCC_GetSysClockFreq.str1.1
                0x0000000008005d0c       0x11 Drivers/STM32F1xx_HAL_Driver/Src/stm32f1xx_hal_rcc.o
 .rodata.check_tablet_alive.str1.1
                0x0000000008005d1d       0x32 Src/main.o
 .rodata.Report_to_Server.str1.1
                0x0000000008005d4f       0x1b Src/main.o
 .rodata.check_door.str1.1
                0x0000000008005d6a       0x2a Src/main.o
 .rodata.Rfid_Scanning.str1.1
                0x0000000008005d94       0x28 Src/main.o
 .rodata.command_parsing.str1.1
                0x0000000008005dbc       0x7e Src/main.o
                                         0x80 (size before relaxing)
 .rodata.main.str1.1
                0x0000000008005e3a       0x47 Src/main.o
 .rodata.HAL_GPIO_EXTI_Callback.str1.1
                0x0000000008005e81       0x11 Src/main.o
 .rodata.AHBPrescTable
                0x0000000008005e92       0x10 Src/system_stm32f1xx.o
                0x0000000008005e92                AHBPrescTable
 .rodata.APBPrescTable
                0x0000000008005ea2        0x8 Src/system_stm32f1xx.o
                0x0000000008005ea2                APBPrescTable
 .rodata.CSWTCH.3
                0x0000000008005eaa        0x4 Src/usbd_conf.o
 .rodata.USBD_FS_ManufacturerStrDescriptor.str1.1
                0x0000000008005eae       0x13 Src/usbd_desc.o
 .rodata.USBD_FS_ProductStrDescriptor.str1.1
                0x0000000008005ec1       0x16 Src/usbd_desc.o
 .rodata.USBD_FS_ConfigStrDescriptor.str1.1
                0x0000000008005ed7        0xb Src/usbd_desc.o
 .rodata.USBD_FS_InterfaceStrDescriptor.str1.1
                0x0000000008005ee2        0xe Src/usbd_desc.o
 .rodata._global_impure_ptr
                0x0000000008005ef0        0x4 c:/st/stm32cubeide_1.6.0/stm32cubeide/plugins/com.st.stm32cube.ide.mcu.externaltools.gnu-tools-for-stm32.9-2020-q2-update.win32_1.5.0.202011040924/tools/bin/../lib/gcc/arm-none-eabi/9.3.1/../../../../arm-none-eabi/lib/thumb/v7-m/nofp\libc_nano.a(lib_a-impure.o)
                0x0000000008005ef0                _global_impure_ptr
 .rodata.strtok.str1.1
                0x0000000008005ef4       0x78 c:/st/stm32cubeide_1.6.0/stm32cubeide/plugins/com.st.stm32cube.ide.mcu.externaltools.gnu-tools-for-stm32.9-2020-q2-update.win32_1.5.0.202011040924/tools/bin/../lib/gcc/arm-none-eabi/9.3.1/../../../../arm-none-eabi/lib/thumb/v7-m/nofp\libc_nano.a(lib_a-strtok.o)
 .rodata.__assert_func.str1.1
                0x0000000008005f6c       0x3c c:/st/stm32cubeide_1.6.0/stm32cubeide/plugins/com.st.stm32cube.ide.mcu.externaltools.gnu-tools-for-stm32.9-2020-q2-update.win32_1.5.0.202011040924/tools/bin/../lib/gcc/arm-none-eabi/9.3.1/../../../../arm-none-eabi/lib/thumb/v7-m/nofp\libc_nano.a(lib_a-assert.o)
                                         0x3d (size before relaxing)
 .rodata._ctype_
                0x0000000008005fa8      0x101 c:/st/stm32cubeide_1.6.0/stm32cubeide/plugins/com.st.stm32cube.ide.mcu.externaltools.gnu-tools-for-stm32.9-2020-q2-update.win32_1.5.0.202011040924/tools/bin/../lib/gcc/arm-none-eabi/9.3.1/../../../../arm-none-eabi/lib/thumb/v7-m/nofp\libc_nano.a(lib_a-ctype_.o)
                0x0000000008005fa8                _ctype_
 *fill*         0x00000000080060a9        0x3 
 .rodata.__sf_fake_stderr
                0x00000000080060ac       0x20 c:/st/stm32cubeide_1.6.0/stm32cubeide/plugins/com.st.stm32cube.ide.mcu.externaltools.gnu-tools-for-stm32.9-2020-q2-update.win32_1.5.0.202011040924/tools/bin/../lib/gcc/arm-none-eabi/9.3.1/../../../../arm-none-eabi/lib/thumb/v7-m/nofp\libc_nano.a(lib_a-findfp.o)
                0x00000000080060ac                __sf_fake_stderr
 .rodata.__sf_fake_stdin
                0x00000000080060cc       0x20 c:/st/stm32cubeide_1.6.0/stm32cubeide/plugins/com.st.stm32cube.ide.mcu.externaltools.gnu-tools-for-stm32.9-2020-q2-update.win32_1.5.0.202011040924/tools/bin/../lib/gcc/arm-none-eabi/9.3.1/../../../../arm-none-eabi/lib/thumb/v7-m/nofp\libc_nano.a(lib_a-findfp.o)
                0x00000000080060cc                __sf_fake_stdin
 .rodata.__sf_fake_stdout
                0x00000000080060ec       0x20 c:/st/stm32cubeide_1.6.0/stm32cubeide/plugins/com.st.stm32cube.ide.mcu.externaltools.gnu-tools-for-stm32.9-2020-q2-update.win32_1.5.0.202011040924/tools/bin/../lib/gcc/arm-none-eabi/9.3.1/../../../../arm-none-eabi/lib/thumb/v7-m/nofp\libc_nano.a(lib_a-findfp.o)
                0x00000000080060ec                __sf_fake_stdout
 .rodata._svfprintf_r.str1.1
                0x000000000800610c       0x11 c:/st/stm32cubeide_1.6.0/stm32cubeide/plugins/com.st.stm32cube.ide.mcu.externaltools.gnu-tools-for-stm32.9-2020-q2-update.win32_1.5.0.202011040924/tools/bin/../lib/gcc/arm-none-eabi/9.3.1/../../../../arm-none-eabi/lib/thumb/v7-m/nofp\libc_nano.a(lib_a-nano-svfprintf.o)
 .rodata._vfprintf_r.str1.1
                0x000000000800611d       0x11 c:/st/stm32cubeide_1.6.0/stm32cubeide/plugins/com.st.stm32cube.ide.mcu.externaltools.gnu-tools-for-stm32.9-2020-q2-update.win32_1.5.0.202011040924/tools/bin/../lib/gcc/arm-none-eabi/9.3.1/../../../../arm-none-eabi/lib/thumb/v7-m/nofp\libc_nano.a(lib_a-nano-vfprintf.o)
 .rodata._printf_i.str1.1
                0x000000000800611d       0x22 c:/st/stm32cubeide_1.6.0/stm32cubeide/plugins/com.st.stm32cube.ide.mcu.externaltools.gnu-tools-for-stm32.9-2020-q2-update.win32_1.5.0.202011040924/tools/bin/../lib/gcc/arm-none-eabi/9.3.1/../../../../arm-none-eabi/lib/thumb/v7-m/nofp\libc_nano.a(lib_a-nano-vfprintf_i.o)
                0x0000000008006140                . = ALIGN (0x4)
 *fill*         0x000000000800613f        0x1 

.rel.dyn        0x0000000008006140        0x0
 .rel.iplt      0x0000000008006140        0x0 c:/st/stm32cubeide_1.6.0/stm32cubeide/plugins/com.st.stm32cube.ide.mcu.externaltools.gnu-tools-for-stm32.9-2020-q2-update.win32_1.5.0.202011040924/tools/bin/../lib/gcc/arm-none-eabi/9.3.1/thumb/v7-m/nofp/crtbegin.o

.ARM.extab
 *(.ARM.extab* .gnu.linkonce.armextab.*)

.ARM            0x0000000008006140        0x0
                0x0000000008006140                __exidx_start = .
 *(.ARM.exidx*)
                0x0000000008006140                __exidx_end = .

.preinit_array  0x0000000008006140        0x0
                0x0000000008006140                PROVIDE (__preinit_array_start = .)
 *(.preinit_array*)
                0x0000000008006140                PROVIDE (__preinit_array_end = .)

.init_array     0x0000000008006140        0x4
                0x0000000008006140                PROVIDE (__init_array_start = .)
 *(SORT_BY_NAME(.init_array.*))
 *(.init_array*)
 .init_array    0x0000000008006140        0x4 c:/st/stm32cubeide_1.6.0/stm32cubeide/plugins/com.st.stm32cube.ide.mcu.externaltools.gnu-tools-for-stm32.9-2020-q2-update.win32_1.5.0.202011040924/tools/bin/../lib/gcc/arm-none-eabi/9.3.1/thumb/v7-m/nofp/crtbegin.o
                0x0000000008006144                PROVIDE (__init_array_end = .)

.fini_array     0x0000000008006144        0x4
                [!provide]                        PROVIDE (__fini_array_start = .)
 *(SORT_BY_NAME(.fini_array.*))
 *(.fini_array*)
 .fini_array    0x0000000008006144        0x4 c:/st/stm32cubeide_1.6.0/stm32cubeide/plugins/com.st.stm32cube.ide.mcu.externaltools.gnu-tools-for-stm32.9-2020-q2-update.win32_1.5.0.202011040924/tools/bin/../lib/gcc/arm-none-eabi/9.3.1/thumb/v7-m/nofp/crtbegin.o
                [!provide]                        PROVIDE (__fini_array_end = .)
                0x0000000008006148                _sidata = LOADADDR (.data)

.data           0x0000000020000000      0x1f8 load address 0x0000000008006148
                0x0000000020000000                . = ALIGN (0x4)
                0x0000000020000000                _sdata = .
 *(.data)
 *(.data*)
 .data.uwTickFreq
                0x0000000020000000        0x1 Drivers/STM32F1xx_HAL_Driver/Src/stm32f1xx_hal.o
                0x0000000020000000                uwTickFreq
 *fill*         0x0000000020000001        0x3 
 .data.uwTickPrio
                0x0000000020000004        0x4 Drivers/STM32F1xx_HAL_Driver/Src/stm32f1xx_hal.o
                0x0000000020000004                uwTickPrio
 .data.USBD_CDC
                0x0000000020000008       0x38 Middlewares/ST/STM32_USB_Device_Library/Class/CDC/Src/usbd_cdc.o
                0x0000000020000008                USBD_CDC
 .data.USBD_CDC_CfgFSDesc
                0x0000000020000040       0x43 Middlewares/ST/STM32_USB_Device_Library/Class/CDC/Src/usbd_cdc.o
                0x0000000020000040                USBD_CDC_CfgFSDesc
 *fill*         0x0000000020000083        0x1 
 .data.USBD_CDC_CfgHSDesc
                0x0000000020000084       0x43 Middlewares/ST/STM32_USB_Device_Library/Class/CDC/Src/usbd_cdc.o
                0x0000000020000084                USBD_CDC_CfgHSDesc
 *fill*         0x00000000200000c7        0x1 
 .data.USBD_CDC_DeviceQualifierDesc
                0x00000000200000c8        0xa Middlewares/ST/STM32_USB_Device_Library/Class/CDC/Src/usbd_cdc.o
 *fill*         0x00000000200000d2        0x2 
 .data.USBD_CDC_OtherSpeedCfgDesc
                0x00000000200000d4       0x43 Middlewares/ST/STM32_USB_Device_Library/Class/CDC/Src/usbd_cdc.o
                0x00000000200000d4                USBD_CDC_OtherSpeedCfgDesc
 .data.Bstate   0x0000000020000117       0x19 Src/main.o
                0x0000000020000117                Bstate
 .data.SystemCoreClock
                0x0000000020000130        0x4 Src/system_stm32f1xx.o
                0x0000000020000130                SystemCoreClock
 .data.USBD_Interface_fops_FS
                0x0000000020000134       0x10 Src/usbd_cdc_if.o
                0x0000000020000134                USBD_Interface_fops_FS
 .data.FS_Desc  0x0000000020000144       0x1c Src/usbd_desc.o
                0x0000000020000144                FS_Desc
 .data.USBD_FS_DeviceDesc
                0x0000000020000160       0x12 Src/usbd_desc.o
                0x0000000020000160                USBD_FS_DeviceDesc
 *fill*         0x0000000020000172        0x2 
 .data.USBD_LangIDDesc
                0x0000000020000174        0x4 Src/usbd_desc.o
                0x0000000020000174                USBD_LangIDDesc
 .data.USBD_StringSerial
                0x0000000020000178       0x1a Src/usbd_desc.o
                0x0000000020000178                USBD_StringSerial
 *fill*         0x0000000020000192        0x2 
 .data._impure_ptr
                0x0000000020000194        0x4 c:/st/stm32cubeide_1.6.0/stm32cubeide/plugins/com.st.stm32cube.ide.mcu.externaltools.gnu-tools-for-stm32.9-2020-q2-update.win32_1.5.0.202011040924/tools/bin/../lib/gcc/arm-none-eabi/9.3.1/../../../../arm-none-eabi/lib/thumb/v7-m/nofp\libc_nano.a(lib_a-impure.o)
                0x0000000020000194                _impure_ptr
 .data.impure_data
                0x0000000020000198       0x60 c:/st/stm32cubeide_1.6.0/stm32cubeide/plugins/com.st.stm32cube.ide.mcu.externaltools.gnu-tools-for-stm32.9-2020-q2-update.win32_1.5.0.202011040924/tools/bin/../lib/gcc/arm-none-eabi/9.3.1/../../../../arm-none-eabi/lib/thumb/v7-m/nofp\libc_nano.a(lib_a-impure.o)
                0x00000000200001f8                . = ALIGN (0x4)
                0x00000000200001f8                _edata = .

.igot.plt       0x00000000200001f8        0x0 load address 0x0000000008006340
 .igot.plt      0x00000000200001f8        0x0 c:/st/stm32cubeide_1.6.0/stm32cubeide/plugins/com.st.stm32cube.ide.mcu.externaltools.gnu-tools-for-stm32.9-2020-q2-update.win32_1.5.0.202011040924/tools/bin/../lib/gcc/arm-none-eabi/9.3.1/thumb/v7-m/nofp/crtbegin.o
                0x00000000200001f8                . = ALIGN (0x4)

.bss            0x00000000200001f8     0x13e4 load address 0x0000000008006340
                0x00000000200001f8                _sbss = .
                0x00000000200001f8                __bss_start__ = _sbss
 *(.bss)
 .bss           0x00000000200001f8       0x1c c:/st/stm32cubeide_1.6.0/stm32cubeide/plugins/com.st.stm32cube.ide.mcu.externaltools.gnu-tools-for-stm32.9-2020-q2-update.win32_1.5.0.202011040924/tools/bin/../lib/gcc/arm-none-eabi/9.3.1/thumb/v7-m/nofp/crtbegin.o
 *(.bss*)
 .bss.cfgidx.8477
                0x0000000020000214        0x1 Middlewares/ST/STM32_USB_Device_Library/Core/Src/usbd_ctlreq.o
 .bss.CDC_flag  0x0000000020000215        0x1 Src/main.o
                0x0000000020000215                CDC_flag
 .bss.CDCbuffer
                0x0000000020000216       0x64 Src/main.o
                0x0000000020000216                CDCbuffer
 .bss.PAD_boot_flag
                0x000000002000027a        0x1 Src/main.o
                0x000000002000027a                PAD_boot_flag
 .bss.Rxbuffer  0x000000002000027b       0x64 Src/main.o
                0x000000002000027b                Rxbuffer
 .bss.Rxcplt_flag
                0x00000000200002df        0x1 Src/main.o
                0x00000000200002df                Rxcplt_flag
 .bss.Txbuffer  0x00000000200002e0        0xc Src/main.o
                0x00000000200002e0                Txbuffer
 .bss.alive_call_fail
                0x00000000200002ec        0x4 Src/main.o
                0x00000000200002ec                alive_call_fail
 .bss.buf_index
                0x00000000200002f0        0x1 Src/main.o
                0x00000000200002f0                buf_index
 *fill*         0x00000000200002f1        0x3 
 .bss.close_check
                0x00000000200002f4        0x4 Src/main.o
                0x00000000200002f4                close_check
 .bss.door_check
                0x00000000200002f8        0x4 Src/main.o
                0x00000000200002f8                door_check
 .bss.door_check_enable
                0x00000000200002fc        0x4 Src/main.o
                0x00000000200002fc                door_check_enable
 .bss.open_check
                0x0000000020000300        0x4 Src/main.o
                0x0000000020000300                open_check
 .bss.time_second
                0x0000000020000304        0x4 Src/main.o
                0x0000000020000304                time_second
 .bss.heap_end.6038
                0x0000000020000308        0x4 Src/syscalls.o
 .bss.mem.8547  0x000000002000030c      0x220 Src/usbd_conf.o
 .bss.__malloc_free_list
                0x000000002000052c        0x4 c:/st/stm32cubeide_1.6.0/stm32cubeide/plugins/com.st.stm32cube.ide.mcu.externaltools.gnu-tools-for-stm32.9-2020-q2-update.win32_1.5.0.202011040924/tools/bin/../lib/gcc/arm-none-eabi/9.3.1/../../../../arm-none-eabi/lib/thumb/v7-m/nofp\libc_nano.a(lib_a-nano-mallocr.o)
                0x000000002000052c                __malloc_free_list
 .bss.__malloc_sbrk_start
                0x0000000020000530        0x4 c:/st/stm32cubeide_1.6.0/stm32cubeide/plugins/com.st.stm32cube.ide.mcu.externaltools.gnu-tools-for-stm32.9-2020-q2-update.win32_1.5.0.202011040924/tools/bin/../lib/gcc/arm-none-eabi/9.3.1/../../../../arm-none-eabi/lib/thumb/v7-m/nofp\libc_nano.a(lib_a-nano-mallocr.o)
                0x0000000020000530                __malloc_sbrk_start
 *(COMMON)
 COMMON         0x0000000020000534        0x4 Drivers/STM32F1xx_HAL_Driver/Src/stm32f1xx_hal.o
                0x0000000020000534                uwTick
 COMMON         0x0000000020000538        0x1 Src/main.o
                0x0000000020000538                rx2_data
 *fill*         0x0000000020000539        0x3 
 COMMON         0x000000002000053c       0x90 Src/tim.o
                0x000000002000053c                htim6
                0x0000000020000584                htim7
 COMMON         0x00000000200005cc       0x80 Src/usart.o
                0x00000000200005cc                huart1
                0x000000002000060c                huart2
 COMMON         0x000000002000064c      0x2c4 Src/usb_device.o
                0x000000002000064c                hUsbDeviceFS
 COMMON         0x0000000020000910      0x7d0 Src/usbd_cdc_if.o
                0x0000000020000910                UserRxBufferFS
                0x0000000020000cf8                UserTxBufferFS
 COMMON         0x00000000200010e0      0x2ec Src/usbd_conf.o
                0x00000000200010e0                hpcd_USB_FS
 COMMON         0x00000000200013cc      0x200 Src/usbd_desc.o
                0x00000000200013cc                USBD_StrDesc
 COMMON         0x00000000200015cc        0x9 c:/st/stm32cubeide_1.6.0/stm32cubeide/plugins/com.st.stm32cube.ide.mcu.externaltools.gnu-tools-for-stm32.9-2020-q2-update.win32_1.5.0.202011040924/tools/bin/../lib/gcc/arm-none-eabi/9.3.1/../../../../arm-none-eabi/lib/thumb/v7-m/nofp\libc_nano.a(lib_a-lock.o)
                0x00000000200015cc                __lock___atexit_recursive_mutex
                0x00000000200015cd                __lock___arc4random_mutex
                0x00000000200015ce                __lock___env_recursive_mutex
                0x00000000200015cf                __lock___sinit_recursive_mutex
                0x00000000200015d0                __lock___malloc_recursive_mutex
                0x00000000200015d1                __lock___at_quick_exit_mutex
                0x00000000200015d2                __lock___dd_hash_mutex
                0x00000000200015d3                __lock___tz_mutex
                0x00000000200015d4                __lock___sfp_recursive_mutex
 *fill*         0x00000000200015d5        0x3 
 COMMON         0x00000000200015d8        0x4 c:/st/stm32cubeide_1.6.0/stm32cubeide/plugins/com.st.stm32cube.ide.mcu.externaltools.gnu-tools-for-stm32.9-2020-q2-update.win32_1.5.0.202011040924/tools/bin/../lib/gcc/arm-none-eabi/9.3.1/../../../../arm-none-eabi/lib/thumb/v7-m/nofp\libc_nano.a(lib_a-reent.o)
                0x00000000200015d8                errno
                0x00000000200015dc                . = ALIGN (0x4)
                0x00000000200015dc                _ebss = .
                0x00000000200015dc                __bss_end__ = _ebss

._user_heap_stack
                0x00000000200015dc      0x600 load address 0x0000000008006340
                0x00000000200015dc                . = ALIGN (0x4)
                0x00000000200015dc                PROVIDE (end = .)
                [!provide]                        PROVIDE (_end = .)
                0x00000000200017dc                . = (. + _Min_Heap_Size)
 *fill*         0x00000000200015dc      0x200 
                0x0000000020001bdc                . = (. + _Min_Stack_Size)
 *fill*         0x00000000200017dc      0x400 
                0x0000000020001bdc                . = ALIGN (0x4)

/DISCARD/
 libc.a(*)
 libm.a(*)
 libgcc.a(*)

.ARM.attributes
                0x0000000000000000       0x29
 *(.ARM.attributes)
 .ARM.attributes
                0x0000000000000000       0x1d c:/st/stm32cubeide_1.6.0/stm32cubeide/plugins/com.st.stm32cube.ide.mcu.externaltools.gnu-tools-for-stm32.9-2020-q2-update.win32_1.5.0.202011040924/tools/bin/../lib/gcc/arm-none-eabi/9.3.1/thumb/v7-m/nofp/crti.o
 .ARM.attributes
                0x000000000000001d       0x2d c:/st/stm32cubeide_1.6.0/stm32cubeide/plugins/com.st.stm32cube.ide.mcu.externaltools.gnu-tools-for-stm32.9-2020-q2-update.win32_1.5.0.202011040924/tools/bin/../lib/gcc/arm-none-eabi/9.3.1/thumb/v7-m/nofp/crtbegin.o
 .ARM.attributes
                0x000000000000004a       0x2d Drivers/STM32F1xx_HAL_Driver/Src/stm32f1xx_hal.o
 .ARM.attributes
                0x0000000000000077       0x2d Drivers/STM32F1xx_HAL_Driver/Src/stm32f1xx_hal_cortex.o
 .ARM.attributes
                0x00000000000000a4       0x2d Drivers/STM32F1xx_HAL_Driver/Src/stm32f1xx_hal_dma.o
 .ARM.attributes
                0x00000000000000d1       0x2d Drivers/STM32F1xx_HAL_Driver/Src/stm32f1xx_hal_gpio.o
 .ARM.attributes
                0x00000000000000fe       0x2d Drivers/STM32F1xx_HAL_Driver/Src/stm32f1xx_hal_pcd.o
 .ARM.attributes
                0x000000000000012b       0x2d Drivers/STM32F1xx_HAL_Driver/Src/stm32f1xx_hal_pcd_ex.o
 .ARM.attributes
                0x0000000000000158       0x2d Drivers/STM32F1xx_HAL_Driver/Src/stm32f1xx_hal_rcc.o
 .ARM.attributes
                0x0000000000000185       0x2d Drivers/STM32F1xx_HAL_Driver/Src/stm32f1xx_hal_rcc_ex.o
 .ARM.attributes
                0x00000000000001b2       0x2d Drivers/STM32F1xx_HAL_Driver/Src/stm32f1xx_hal_tim.o
 .ARM.attributes
                0x00000000000001df       0x2d Drivers/STM32F1xx_HAL_Driver/Src/stm32f1xx_hal_tim_ex.o
 .ARM.attributes
                0x000000000000020c       0x2d Drivers/STM32F1xx_HAL_Driver/Src/stm32f1xx_hal_uart.o
 .ARM.attributes
                0x0000000000000239       0x2d Drivers/STM32F1xx_HAL_Driver/Src/stm32f1xx_ll_usb.o
 .ARM.attributes
                0x0000000000000266       0x2d Middlewares/ST/STM32_USB_Device_Library/Class/CDC/Src/usbd_cdc.o
 .ARM.attributes
                0x0000000000000293       0x2d Middlewares/ST/STM32_USB_Device_Library/Core/Src/usbd_core.o
 .ARM.attributes
                0x00000000000002c0       0x2d Middlewares/ST/STM32_USB_Device_Library/Core/Src/usbd_ctlreq.o
 .ARM.attributes
                0x00000000000002ed       0x2d Middlewares/ST/STM32_USB_Device_Library/Core/Src/usbd_ioreq.o
 .ARM.attributes
                0x000000000000031a       0x2d Src/gpio.o
 .ARM.attributes
                0x0000000000000347       0x2d Src/main.o
 .ARM.attributes
                0x0000000000000374       0x2d Src/stm32f1xx_hal_msp.o
 .ARM.attributes
                0x00000000000003a1       0x2d Src/stm32f1xx_it.o
 .ARM.attributes